<?xml version="1.0" encoding="ISO-8859-1" ?>
<link_info>
   <banner>TI ARM Clang Linker PC v3.2.2.LTS</banner>
   <copyright>Copyright (c) 1996-2018 Texas Instruments Incorporated</copyright>
   <link_time>0x66a72c7a</link_time>
   <link_errors>0x0</link_errors>
   <output_file>E:\desktop\XLS-4-B\Debug\Car.out</output_file>
   <entry_point>
      <name>_c_int00_noargs</name>
      <address>0x22f5</address>
   </entry_point>
   <input_file_list>
      <input_file id="fl-1">
         <path>E:\desktop\XLS-4-B\Debug\.\</path>
         <kind>object</kind>
         <file>Car.o</file>
         <name>Car.o</name>
      </input_file>
      <input_file id="fl-2">
         <path>E:\desktop\XLS-4-B\Debug\.\</path>
         <kind>object</kind>
         <file>ti_msp_dl_config.o</file>
         <name>ti_msp_dl_config.o</name>
      </input_file>
      <input_file id="fl-3">
         <path>E:\desktop\XLS-4-B\Debug\.\</path>
         <kind>object</kind>
         <file>startup_mspm0g350x_ticlang.o</file>
         <name>startup_mspm0g350x_ticlang.o</name>
      </input_file>
      <input_file id="fl-4">
         <path>E:\desktop\XLS-4-B\Debug\.\GRAY SENSOR\</path>
         <kind>object</kind>
         <file>gray_sensor.o</file>
         <name>gray_sensor.o</name>
      </input_file>
      <input_file id="fl-5">
         <path>E:\desktop\XLS-4-B\Debug\.\KEY\</path>
         <kind>object</kind>
         <file>key.o</file>
         <name>key.o</name>
      </input_file>
      <input_file id="fl-6">
         <path>E:\desktop\XLS-4-B\Debug\.\Motor\</path>
         <kind>object</kind>
         <file>motor.o</file>
         <name>motor.o</name>
      </input_file>
      <input_file id="fl-7">
         <path>E:\desktop\XLS-4-B\Debug\.\oled\</path>
         <kind>object</kind>
         <file>oled.o</file>
         <name>oled.o</name>
      </input_file>
      <input_file id="fl-14">
         <path>E:\desktop\XLS-4-B\Debug\</path>
         <kind>object</kind>
         <file>&lt;internal&gt;</file>
         <name>&lt;internal&gt;</name>
      </input_file>
      <input_file id="fl-15">
         <path>D:\ti\ccs1271\mspm0_sdk_2_01_00_03\source\ti\driverlib\lib\ticlang\m0p\mspm0g1x0x_g3x0x\</path>
         <kind>archive</kind>
         <file>driverlib.a</file>
         <name>dl_common.o</name>
      </input_file>
      <input_file id="fl-16">
         <path>D:\ti\ccs1271\mspm0_sdk_2_01_00_03\source\ti\driverlib\lib\ticlang\m0p\mspm0g1x0x_g3x0x\</path>
         <kind>archive</kind>
         <file>driverlib.a</file>
         <name>dl_spi.o</name>
      </input_file>
      <input_file id="fl-17">
         <path>D:\ti\ccs1271\mspm0_sdk_2_01_00_03\source\ti\driverlib\lib\ticlang\m0p\mspm0g1x0x_g3x0x\</path>
         <kind>archive</kind>
         <file>driverlib.a</file>
         <name>dl_timer.o</name>
      </input_file>
      <input_file id="fl-18">
         <path>D:\ti\ccs1271\mspm0_sdk_2_01_00_03\source\ti\driverlib\lib\ticlang\m0p\mspm0g1x0x_g3x0x\</path>
         <kind>archive</kind>
         <file>driverlib.a</file>
         <name>dl_uart.o</name>
      </input_file>
      <input_file id="fl-27">
         <path>D:\ti\ccstheia140\ccs\tools\compiler\ti-cgt-armllvm_3.2.2.LTS\lib\armv6m-ti-none-eabi\c\</path>
         <kind>archive</kind>
         <file>libc.a</file>
         <name>boot_cortex_m.c.obj</name>
      </input_file>
      <input_file id="fl-28">
         <path>D:\ti\ccstheia140\ccs\tools\compiler\ti-cgt-armllvm_3.2.2.LTS\lib\armv6m-ti-none-eabi\c\</path>
         <kind>archive</kind>
         <file>libc.a</file>
         <name>mathacl_init.c.obj</name>
      </input_file>
      <input_file id="fl-29">
         <path>D:\ti\ccstheia140\ccs\tools\compiler\ti-cgt-armllvm_3.2.2.LTS\lib\armv6m-ti-none-eabi\c\</path>
         <kind>archive</kind>
         <file>libc.a</file>
         <name>autoinit.c.obj</name>
      </input_file>
      <input_file id="fl-2a">
         <path>D:\ti\ccstheia140\ccs\tools\compiler\ti-cgt-armllvm_3.2.2.LTS\lib\armv6m-ti-none-eabi\c\</path>
         <kind>archive</kind>
         <file>libc.a</file>
         <name>pre_init.c.obj</name>
      </input_file>
      <input_file id="fl-2b">
         <path>D:\ti\ccstheia140\ccs\tools\compiler\ti-cgt-armllvm_3.2.2.LTS\lib\armv6m-ti-none-eabi\c\</path>
         <kind>archive</kind>
         <file>libc.a</file>
         <name>cpy_tbl.c.obj</name>
      </input_file>
      <input_file id="fl-2c">
         <path>D:\ti\ccstheia140\ccs\tools\compiler\ti-cgt-armllvm_3.2.2.LTS\lib\armv6m-ti-none-eabi\c\</path>
         <kind>archive</kind>
         <file>libc.a</file>
         <name>copy_zero_init.c.obj</name>
      </input_file>
      <input_file id="fl-2d">
         <path>D:\ti\ccstheia140\ccs\tools\compiler\ti-cgt-armllvm_3.2.2.LTS\lib\armv6m-ti-none-eabi\c\</path>
         <kind>archive</kind>
         <file>libc.a</file>
         <name>copy_decompress_none.c.obj</name>
      </input_file>
      <input_file id="fl-2e">
         <path>D:\ti\ccstheia140\ccs\tools\compiler\ti-cgt-armllvm_3.2.2.LTS\lib\armv6m-ti-none-eabi\c\</path>
         <kind>archive</kind>
         <file>libc.a</file>
         <name>copy_decompress_lzss.c.obj</name>
      </input_file>
      <input_file id="fl-2f">
         <path>D:\ti\ccstheia140\ccs\tools\compiler\ti-cgt-armllvm_3.2.2.LTS\lib\armv6m-ti-none-eabi\c\</path>
         <kind>archive</kind>
         <file>libc.a</file>
         <name>exit.c.obj</name>
      </input_file>
      <input_file id="fl-30">
         <path>D:\ti\ccstheia140\ccs\tools\compiler\ti-cgt-armllvm_3.2.2.LTS\lib\armv6m-ti-none-eabi\c\</path>
         <kind>archive</kind>
         <file>libc.a</file>
         <name>_lock.c.obj</name>
      </input_file>
      <input_file id="fl-31">
         <path>D:\ti\ccstheia140\ccs\tools\compiler\ti-cgt-armllvm_3.2.2.LTS\lib\armv6m-ti-none-eabi\c\</path>
         <kind>archive</kind>
         <file>libc.a</file>
         <name>args_main.c.obj</name>
      </input_file>
      <input_file id="fl-97">
         <path>D:\ti\ccstheia140\ccs\tools\compiler\ti-cgt-armllvm_3.2.2.LTS\lib\clang\15.0.7\lib\armv6m-ti-none-eabi\</path>
         <kind>archive</kind>
         <file>libclang_rt.builtins.a</file>
         <name>addsf3.S.obj</name>
      </input_file>
      <input_file id="fl-98">
         <path>D:\ti\ccstheia140\ccs\tools\compiler\ti-cgt-armllvm_3.2.2.LTS\lib\clang\15.0.7\lib\armv6m-ti-none-eabi\</path>
         <kind>archive</kind>
         <file>libclang_rt.builtins.a</file>
         <name>adddf3.S.obj</name>
      </input_file>
      <input_file id="fl-99">
         <path>D:\ti\ccstheia140\ccs\tools\compiler\ti-cgt-armllvm_3.2.2.LTS\lib\clang\15.0.7\lib\armv6m-ti-none-eabi\</path>
         <kind>archive</kind>
         <file>libclang_rt.builtins.a</file>
         <name>muldf3.S.obj</name>
      </input_file>
      <input_file id="fl-9a">
         <path>D:\ti\ccstheia140\ccs\tools\compiler\ti-cgt-armllvm_3.2.2.LTS\lib\clang\15.0.7\lib\armv6m-ti-none-eabi\</path>
         <kind>archive</kind>
         <file>libclang_rt.builtins.a</file>
         <name>muldsi3.S.obj</name>
      </input_file>
      <input_file id="fl-9b">
         <path>D:\ti\ccstheia140\ccs\tools\compiler\ti-cgt-armllvm_3.2.2.LTS\lib\clang\15.0.7\lib\armv6m-ti-none-eabi\</path>
         <kind>archive</kind>
         <file>libclang_rt.builtins.a</file>
         <name>mulsf3.S.obj</name>
      </input_file>
      <input_file id="fl-9c">
         <path>D:\ti\ccstheia140\ccs\tools\compiler\ti-cgt-armllvm_3.2.2.LTS\lib\clang\15.0.7\lib\armv6m-ti-none-eabi\</path>
         <kind>archive</kind>
         <file>libclang_rt.builtins.a</file>
         <name>divdf3.S.obj</name>
      </input_file>
      <input_file id="fl-9d">
         <path>D:\ti\ccstheia140\ccs\tools\compiler\ti-cgt-armllvm_3.2.2.LTS\lib\clang\15.0.7\lib\armv6m-ti-none-eabi\</path>
         <kind>archive</kind>
         <file>libclang_rt.builtins.a</file>
         <name>fixdfsi.S.obj</name>
      </input_file>
      <input_file id="fl-9e">
         <path>D:\ti\ccstheia140\ccs\tools\compiler\ti-cgt-armllvm_3.2.2.LTS\lib\clang\15.0.7\lib\armv6m-ti-none-eabi\</path>
         <kind>archive</kind>
         <file>libclang_rt.builtins.a</file>
         <name>fixsfsi.S.obj</name>
      </input_file>
      <input_file id="fl-9f">
         <path>D:\ti\ccstheia140\ccs\tools\compiler\ti-cgt-armllvm_3.2.2.LTS\lib\clang\15.0.7\lib\armv6m-ti-none-eabi\</path>
         <kind>archive</kind>
         <file>libclang_rt.builtins.a</file>
         <name>floatsidf.S.obj</name>
      </input_file>
      <input_file id="fl-a0">
         <path>D:\ti\ccstheia140\ccs\tools\compiler\ti-cgt-armllvm_3.2.2.LTS\lib\clang\15.0.7\lib\armv6m-ti-none-eabi\</path>
         <kind>archive</kind>
         <file>libclang_rt.builtins.a</file>
         <name>floatsisf.S.obj</name>
      </input_file>
      <input_file id="fl-a1">
         <path>D:\ti\ccstheia140\ccs\tools\compiler\ti-cgt-armllvm_3.2.2.LTS\lib\clang\15.0.7\lib\armv6m-ti-none-eabi\</path>
         <kind>archive</kind>
         <file>libclang_rt.builtins.a</file>
         <name>aeabi_memcpy.S.obj</name>
      </input_file>
      <input_file id="fl-a2">
         <path>D:\ti\ccstheia140\ccs\tools\compiler\ti-cgt-armllvm_3.2.2.LTS\lib\clang\15.0.7\lib\armv6m-ti-none-eabi\</path>
         <kind>archive</kind>
         <file>libclang_rt.builtins.a</file>
         <name>aeabi_memset.S.obj</name>
      </input_file>
      <input_file id="fl-a3">
         <path>D:\ti\ccstheia140\ccs\tools\compiler\ti-cgt-armllvm_3.2.2.LTS\lib\clang\15.0.7\lib\armv6m-ti-none-eabi\</path>
         <kind>archive</kind>
         <file>libclang_rt.builtins.a</file>
         <name>aeabi_uidivmod.S.obj</name>
      </input_file>
      <input_file id="fl-a4">
         <path>D:\ti\ccstheia140\ccs\tools\compiler\ti-cgt-armllvm_3.2.2.LTS\lib\clang\15.0.7\lib\armv6m-ti-none-eabi\</path>
         <kind>archive</kind>
         <file>libclang_rt.builtins.a</file>
         <name>aeabi_div0.c.obj</name>
      </input_file>
      <input_file id="fl-a5">
         <path>D:\ti\ccstheia140\ccs\tools\compiler\ti-cgt-armllvm_3.2.2.LTS\lib\armv6m-ti-none-eabi\c\</path>
         <kind>archive</kind>
         <file>libc.a</file>
         <name>memcpy16.S.obj</name>
      </input_file>
      <input_file id="fl-a6">
         <path>D:\ti\ccstheia140\ccs\tools\compiler\ti-cgt-armllvm_3.2.2.LTS\lib\armv6m-ti-none-eabi\c\</path>
         <kind>archive</kind>
         <file>libc.a</file>
         <name>memset16.S.obj</name>
      </input_file>
   </input_file_list>
   <object_component_list>
      <object_component id="oc-18">
         <name>.intvecs</name>
         <load_address>0x0</load_address>
         <readonly>true</readonly>
         <run_address>0x0</run_address>
         <size>0xc0</size>
         <alignment>0x4</alignment>
         <input_file_ref idref="fl-3"/>
      </object_component>
      <object_component id="oc-6b">
         <name>.text.GetErrorandA</name>
         <load_address>0xc0</load_address>
         <readonly>true</readonly>
         <executable>true</executable>
         <run_address>0xc0</run_address>
         <size>0x5a0</size>
         <alignment>0x4</alignment>
         <input_file_ref idref="fl-4"/>
      </object_component>
      <object_component id="oc-a9">
         <name>.text.Set_Speed</name>
         <load_address>0x660</load_address>
         <readonly>true</readonly>
         <executable>true</executable>
         <run_address>0x660</run_address>
         <size>0x1d4</size>
         <alignment>0x4</alignment>
         <input_file_ref idref="fl-6"/>
      </object_component>
      <object_component id="oc-10e">
         <name>.text.SYSCFG_DL_GPIO_init</name>
         <load_address>0x834</load_address>
         <readonly>true</readonly>
         <executable>true</executable>
         <run_address>0x834</run_address>
         <size>0x1a4</size>
         <alignment>0x4</alignment>
         <input_file_ref idref="fl-2"/>
      </object_component>
      <object_component id="oc-fb">
         <name>.text.adddf3_subdf3</name>
         <load_address>0x9d8</load_address>
         <readonly>true</readonly>
         <executable>true</executable>
         <run_address>0x9d8</run_address>
         <size>0x192</size>
         <alignment>0x4</alignment>
         <input_file_ref idref="fl-98"/>
      </object_component>
      <object_component id="oc-171">
         <name>.text.__aeabi_idiv0</name>
         <load_address>0xb6a</load_address>
         <readonly>true</readonly>
         <executable>true</executable>
         <run_address>0xb6a</run_address>
         <size>0x2</size>
         <alignment>0x2</alignment>
         <input_file_ref idref="fl-a4"/>
      </object_component>
      <object_component id="oc-117">
         <name>.text.OLED_Init</name>
         <load_address>0xb6c</load_address>
         <readonly>true</readonly>
         <executable>true</executable>
         <run_address>0xb6c</run_address>
         <size>0x12c</size>
         <alignment>0x4</alignment>
         <input_file_ref idref="fl-7"/>
      </object_component>
      <object_component id="oc-152">
         <name>.text.DL_Timer_initPWMMode</name>
         <load_address>0xc98</load_address>
         <readonly>true</readonly>
         <executable>true</executable>
         <run_address>0xc98</run_address>
         <size>0x110</size>
         <alignment>0x4</alignment>
         <input_file_ref idref="fl-17"/>
      </object_component>
      <object_component id="oc-f3">
         <name>.text.__divdf3</name>
         <load_address>0xda8</load_address>
         <readonly>true</readonly>
         <executable>true</executable>
         <run_address>0xda8</run_address>
         <size>0x10c</size>
         <alignment>0x4</alignment>
         <input_file_ref idref="fl-9c"/>
      </object_component>
      <object_component id="oc-159">
         <name>.text.DL_Timer_initTimerMode</name>
         <load_address>0xeb4</load_address>
         <readonly>true</readonly>
         <executable>true</executable>
         <run_address>0xeb4</run_address>
         <size>0x100</size>
         <alignment>0x4</alignment>
         <input_file_ref idref="fl-17"/>
      </object_component>
      <object_component id="oc-6c">
         <name>.text.Gray_Sensor_Ctrl_PID</name>
         <load_address>0xfb4</load_address>
         <readonly>true</readonly>
         <executable>true</executable>
         <run_address>0xfb4</run_address>
         <size>0xf4</size>
         <alignment>0x4</alignment>
         <input_file_ref idref="fl-6"/>
      </object_component>
      <object_component id="oc-c8">
         <name>.text.OLED_ShowBasicBoard</name>
         <load_address>0x10a8</load_address>
         <readonly>true</readonly>
         <executable>true</executable>
         <run_address>0x10a8</run_address>
         <size>0xf4</size>
         <alignment>0x4</alignment>
         <input_file_ref idref="fl-7"/>
      </object_component>
      <object_component id="oc-f7">
         <name>.text.__muldf3</name>
         <load_address>0x119c</load_address>
         <readonly>true</readonly>
         <executable>true</executable>
         <run_address>0x119c</run_address>
         <size>0xe4</size>
         <alignment>0x4</alignment>
         <input_file_ref idref="fl-99"/>
      </object_component>
      <object_component id="oc-a0">
         <name>.text</name>
         <load_address>0x1280</load_address>
         <readonly>true</readonly>
         <executable>true</executable>
         <run_address>0x1280</run_address>
         <size>0xd8</size>
         <alignment>0x4</alignment>
         <input_file_ref idref="fl-97"/>
      </object_component>
      <object_component id="oc-c7">
         <name>.text.OLED_ShowNum</name>
         <load_address>0x1358</load_address>
         <readonly>true</readonly>
         <executable>true</executable>
         <run_address>0x1358</run_address>
         <size>0xd4</size>
         <alignment>0x2</alignment>
         <input_file_ref idref="fl-7"/>
      </object_component>
      <object_component id="oc-11b">
         <name>.text.OLED_ShowChar</name>
         <load_address>0x142c</load_address>
         <readonly>true</readonly>
         <executable>true</executable>
         <run_address>0x142c</run_address>
         <size>0xc8</size>
         <alignment>0x4</alignment>
         <input_file_ref idref="fl-7"/>
      </object_component>
      <object_component id="oc-34">
         <name>.text.GROUP1_IRQHandler</name>
         <load_address>0x14f4</load_address>
         <readonly>true</readonly>
         <executable>true</executable>
         <run_address>0x14f4</run_address>
         <size>0x9c</size>
         <alignment>0x4</alignment>
         <input_file_ref idref="fl-1"/>
      </object_component>
      <object_component id="oc-9c">
         <name>.text.__mulsf3</name>
         <load_address>0x1590</load_address>
         <readonly>true</readonly>
         <executable>true</executable>
         <run_address>0x1590</run_address>
         <size>0x8c</size>
         <alignment>0x4</alignment>
         <input_file_ref idref="fl-9b"/>
      </object_component>
      <object_component id="oc-110">
         <name>.text.SYSCFG_DL_PWM_MOTOR_init</name>
         <load_address>0x161c</load_address>
         <readonly>true</readonly>
         <executable>true</executable>
         <run_address>0x161c</run_address>
         <size>0x84</size>
         <alignment>0x4</alignment>
         <input_file_ref idref="fl-2"/>
      </object_component>
      <object_component id="oc-15b">
         <name>.text.__NVIC_SetPriority</name>
         <load_address>0x16a0</load_address>
         <readonly>true</readonly>
         <executable>true</executable>
         <run_address>0x16a0</run_address>
         <size>0x84</size>
         <alignment>0x4</alignment>
         <input_file_ref idref="fl-2"/>
      </object_component>
      <object_component id="oc-10d">
         <name>.text.SYSCFG_DL_initPower</name>
         <load_address>0x1724</load_address>
         <readonly>true</readonly>
         <executable>true</executable>
         <run_address>0x1724</run_address>
         <size>0x7c</size>
         <alignment>0x4</alignment>
         <input_file_ref idref="fl-2"/>
      </object_component>
      <object_component id="oc-1c">
         <name>.text:decompress:lzss</name>
         <load_address>0x17a0</load_address>
         <readonly>true</readonly>
         <executable>true</executable>
         <run_address>0x17a0</run_address>
         <size>0x78</size>
         <alignment>0x4</alignment>
         <input_file_ref idref="fl-2e"/>
      </object_component>
      <object_component id="oc-65">
         <name>.text.gray_serial_forward_read</name>
         <load_address>0x1818</load_address>
         <readonly>true</readonly>
         <executable>true</executable>
         <run_address>0x1818</run_address>
         <size>0x74</size>
         <alignment>0x4</alignment>
         <input_file_ref idref="fl-4"/>
      </object_component>
      <object_component id="oc-84">
         <name>.text.main</name>
         <load_address>0x188c</load_address>
         <readonly>true</readonly>
         <executable>true</executable>
         <run_address>0x188c</run_address>
         <size>0x74</size>
         <alignment>0x4</alignment>
         <input_file_ref idref="fl-1"/>
      </object_component>
      <object_component id="oc-118">
         <name>.text.OLED_Clear</name>
         <load_address>0x1900</load_address>
         <readonly>true</readonly>
         <executable>true</executable>
         <run_address>0x1900</run_address>
         <size>0x6a</size>
         <alignment>0x2</alignment>
         <input_file_ref idref="fl-7"/>
      </object_component>
      <object_component id="oc-c2">
         <name>.text.OLED_ShowString</name>
         <load_address>0x196a</load_address>
         <readonly>true</readonly>
         <executable>true</executable>
         <run_address>0x196a</run_address>
         <size>0x68</size>
         <alignment>0x2</alignment>
         <input_file_ref idref="fl-7"/>
      </object_component>
      <object_component id="oc-a8">
         <name>.text.XianFu</name>
         <load_address>0x19d4</load_address>
         <readonly>true</readonly>
         <executable>true</executable>
         <run_address>0x19d4</run_address>
         <size>0x68</size>
         <alignment>0x4</alignment>
         <input_file_ref idref="fl-6"/>
      </object_component>
      <object_component id="oc-16e">
         <name>.text.OLED_WR_Byte</name>
         <load_address>0x1a3c</load_address>
         <readonly>true</readonly>
         <executable>true</executable>
         <run_address>0x1a3c</run_address>
         <size>0x58</size>
         <alignment>0x4</alignment>
         <input_file_ref idref="fl-7"/>
      </object_component>
      <object_component id="oc-15f">
         <name>.text.DL_UART_init</name>
         <load_address>0x1a94</load_address>
         <readonly>true</readonly>
         <executable>true</executable>
         <run_address>0x1a94</run_address>
         <size>0x4c</size>
         <alignment>0x4</alignment>
         <input_file_ref idref="fl-18"/>
      </object_component>
      <object_component id="oc-161">
         <name>.text.DL_UART_setBaudRateDivisor</name>
         <load_address>0x1ae0</load_address>
         <readonly>true</readonly>
         <executable>true</executable>
         <run_address>0x1ae0</run_address>
         <size>0x4c</size>
         <alignment>0x4</alignment>
         <input_file_ref idref="fl-2"/>
      </object_component>
      <object_component id="oc-ff">
         <name>.text.__fixdfsi</name>
         <load_address>0x1b2c</load_address>
         <readonly>true</readonly>
         <executable>true</executable>
         <run_address>0x1b2c</run_address>
         <size>0x4a</size>
         <alignment>0x4</alignment>
         <input_file_ref idref="fl-9d"/>
      </object_component>
      <object_component id="oc-167">
         <name>.text.DL_SPI_init</name>
         <load_address>0x1b78</load_address>
         <readonly>true</readonly>
         <executable>true</executable>
         <run_address>0x1b78</run_address>
         <size>0x48</size>
         <alignment>0x4</alignment>
         <input_file_ref idref="fl-16"/>
      </object_component>
      <object_component id="oc-112">
         <name>.text.SYSCFG_DL_UART_0_init</name>
         <load_address>0x1bc0</load_address>
         <readonly>true</readonly>
         <executable>true</executable>
         <run_address>0x1bc0</run_address>
         <size>0x48</size>
         <alignment>0x4</alignment>
         <input_file_ref idref="fl-2"/>
      </object_component>
      <object_component id="oc-153">
         <name>.text.DL_Timer_setCaptureCompareOutCtl</name>
         <load_address>0x1c08</load_address>
         <readonly>true</readonly>
         <executable>true</executable>
         <run_address>0x1c08</run_address>
         <size>0x40</size>
         <alignment>0x4</alignment>
         <input_file_ref idref="fl-17"/>
      </object_component>
      <object_component id="oc-113">
         <name>.text.SYSCFG_DL_SPI_0_init</name>
         <load_address>0x1c48</load_address>
         <readonly>true</readonly>
         <executable>true</executable>
         <run_address>0x1c48</run_address>
         <size>0x40</size>
         <alignment>0x4</alignment>
         <input_file_ref idref="fl-2"/>
      </object_component>
      <object_component id="oc-111">
         <name>.text.SYSCFG_DL_TIMER_CarCTRL_init</name>
         <load_address>0x1c88</load_address>
         <readonly>true</readonly>
         <executable>true</executable>
         <run_address>0x1c88</run_address>
         <size>0x40</size>
         <alignment>0x4</alignment>
         <input_file_ref idref="fl-2"/>
      </object_component>
      <object_component id="oc-11f">
         <name>.text.__aeabi_uidivmod</name>
         <load_address>0x1cc8</load_address>
         <readonly>true</readonly>
         <executable>true</executable>
         <run_address>0x1cc8</run_address>
         <size>0x40</size>
         <alignment>0x4</alignment>
         <input_file_ref idref="fl-a3"/>
      </object_component>
      <object_component id="oc-16f">
         <name>.text.OLED_Set_Pos</name>
         <load_address>0x1d08</load_address>
         <readonly>true</readonly>
         <executable>true</executable>
         <run_address>0x1d08</run_address>
         <size>0x3e</size>
         <alignment>0x2</alignment>
         <input_file_ref idref="fl-7"/>
      </object_component>
      <object_component id="oc-184">
         <name>.text.DL_Timer_setCaptureCompareCtl</name>
         <load_address>0x1d48</load_address>
         <readonly>true</readonly>
         <executable>true</executable>
         <run_address>0x1d48</run_address>
         <size>0x3c</size>
         <alignment>0x4</alignment>
         <input_file_ref idref="fl-17"/>
      </object_component>
      <object_component id="oc-39">
         <name>.text.TIMG8_IRQHandler</name>
         <load_address>0x1d84</load_address>
         <readonly>true</readonly>
         <executable>true</executable>
         <run_address>0x1d84</run_address>
         <size>0x3c</size>
         <alignment>0x4</alignment>
         <input_file_ref idref="fl-1"/>
      </object_component>
      <object_component id="oc-98">
         <name>.text.__floatsisf</name>
         <load_address>0x1dc0</load_address>
         <readonly>true</readonly>
         <executable>true</executable>
         <run_address>0x1dc0</run_address>
         <size>0x3c</size>
         <alignment>0x4</alignment>
         <input_file_ref idref="fl-a0"/>
      </object_component>
      <object_component id="oc-d4">
         <name>.text:__TI_auto_init_nobinit_nopinit</name>
         <load_address>0x1dfc</load_address>
         <readonly>true</readonly>
         <executable>true</executable>
         <run_address>0x1dfc</run_address>
         <size>0x3c</size>
         <alignment>0x4</alignment>
         <input_file_ref idref="fl-29"/>
      </object_component>
      <object_component id="oc-e7">
         <name>.text.__muldsi3</name>
         <load_address>0x1e38</load_address>
         <readonly>true</readonly>
         <executable>true</executable>
         <run_address>0x1e38</run_address>
         <size>0x3a</size>
         <alignment>0x4</alignment>
         <input_file_ref idref="fl-9a"/>
      </object_component>
      <object_component id="oc-cb">
         <name>.text.Motor_Off</name>
         <load_address>0x1e74</load_address>
         <readonly>true</readonly>
         <executable>true</executable>
         <run_address>0x1e74</run_address>
         <size>0x38</size>
         <alignment>0x4</alignment>
         <input_file_ref idref="fl-6"/>
      </object_component>
      <object_component id="oc-a4">
         <name>.text.__fixsfsi</name>
         <load_address>0x1eac</load_address>
         <readonly>true</readonly>
         <executable>true</executable>
         <run_address>0x1eac</run_address>
         <size>0x38</size>
         <alignment>0x4</alignment>
         <input_file_ref idref="fl-9e"/>
      </object_component>
      <object_component id="oc-144">
         <name>.text.DL_GPIO_initDigitalInputFeatures</name>
         <load_address>0x1ee4</load_address>
         <readonly>true</readonly>
         <executable>true</executable>
         <run_address>0x1ee4</run_address>
         <size>0x34</size>
         <alignment>0x4</alignment>
         <input_file_ref idref="fl-2"/>
      </object_component>
      <object_component id="oc-154">
         <name>.text.DL_Timer_setCaptCompUpdateMethod</name>
         <load_address>0x1f18</load_address>
         <readonly>true</readonly>
         <executable>true</executable>
         <run_address>0x1f18</run_address>
         <size>0x34</size>
         <alignment>0x4</alignment>
         <input_file_ref idref="fl-17"/>
      </object_component>
      <object_component id="oc-182">
         <name>.text.DL_Timer_setCaptureCompareAction</name>
         <load_address>0x1f4c</load_address>
         <readonly>true</readonly>
         <executable>true</executable>
         <run_address>0x1f4c</run_address>
         <size>0x34</size>
         <alignment>0x4</alignment>
         <input_file_ref idref="fl-17"/>
      </object_component>
      <object_component id="oc-185">
         <name>.text.DL_Timer_setCaptureCompareInput</name>
         <load_address>0x1f80</load_address>
         <readonly>true</readonly>
         <executable>true</executable>
         <run_address>0x1f80</run_address>
         <size>0x34</size>
         <alignment>0x2</alignment>
         <input_file_ref idref="fl-17"/>
      </object_component>
      <object_component id="oc-151">
         <name>.text.DL_Timer_setClockConfig</name>
         <load_address>0x1fb4</load_address>
         <readonly>true</readonly>
         <executable>true</executable>
         <run_address>0x1fb4</run_address>
         <size>0x34</size>
         <alignment>0x4</alignment>
         <input_file_ref idref="fl-17"/>
      </object_component>
      <object_component id="oc-c1">
         <name>.text.System_Init</name>
         <load_address>0x1fe8</load_address>
         <readonly>true</readonly>
         <executable>true</executable>
         <run_address>0x1fe8</run_address>
         <size>0x34</size>
         <alignment>0x4</alignment>
         <input_file_ref idref="fl-1"/>
      </object_component>
      <object_component id="oc-ca">
         <name>.text.__NVIC_DisableIRQ</name>
         <load_address>0x201c</load_address>
         <readonly>true</readonly>
         <executable>true</executable>
         <run_address>0x201c</run_address>
         <size>0x34</size>
         <alignment>0x4</alignment>
         <input_file_ref idref="fl-1"/>
      </object_component>
      <object_component id="oc-6a">
         <name>.text.extractSensorData</name>
         <load_address>0x2050</load_address>
         <readonly>true</readonly>
         <executable>true</executable>
         <run_address>0x2050</run_address>
         <size>0x34</size>
         <alignment>0x2</alignment>
         <input_file_ref idref="fl-4"/>
      </object_component>
      <object_component id="oc-145">
         <name>.text.DL_GPIO_initDigitalOutputFeatures</name>
         <load_address>0x2084</load_address>
         <readonly>true</readonly>
         <executable>true</executable>
         <run_address>0x2084</run_address>
         <size>0x30</size>
         <alignment>0x4</alignment>
         <input_file_ref idref="fl-2"/>
      </object_component>
      <object_component id="oc-169">
         <name>.text.DL_SPI_setFIFOThreshold</name>
         <load_address>0x20b4</load_address>
         <readonly>true</readonly>
         <executable>true</executable>
         <run_address>0x20b4</run_address>
         <size>0x30</size>
         <alignment>0x4</alignment>
         <input_file_ref idref="fl-2"/>
      </object_component>
      <object_component id="oc-18c">
         <name>.text.OLED_DC</name>
         <load_address>0x20e4</load_address>
         <readonly>true</readonly>
         <executable>true</executable>
         <run_address>0x20e4</run_address>
         <size>0x30</size>
         <alignment>0x4</alignment>
         <input_file_ref idref="fl-7"/>
      </object_component>
      <object_component id="oc-16d">
         <name>.text.OLED_RES</name>
         <load_address>0x2114</load_address>
         <readonly>true</readonly>
         <executable>true</executable>
         <run_address>0x2114</run_address>
         <size>0x30</size>
         <alignment>0x4</alignment>
         <input_file_ref idref="fl-7"/>
      </object_component>
      <object_component id="oc-3a">
         <name>.text.UART0_IRQHandler</name>
         <load_address>0x2144</load_address>
         <readonly>true</readonly>
         <executable>true</executable>
         <run_address>0x2144</run_address>
         <size>0x30</size>
         <alignment>0x4</alignment>
         <input_file_ref idref="fl-1"/>
      </object_component>
      <object_component id="oc-11e">
         <name>.text.oled_pow</name>
         <load_address>0x2174</load_address>
         <readonly>true</readonly>
         <executable>true</executable>
         <run_address>0x2174</run_address>
         <size>0x30</size>
         <alignment>0x2</alignment>
         <input_file_ref idref="fl-7"/>
      </object_component>
      <object_component id="oc-103">
         <name>.text.DL_Timer_setCaptureCompareValue</name>
         <load_address>0x21a4</load_address>
         <readonly>true</readonly>
         <executable>true</executable>
         <run_address>0x21a4</run_address>
         <size>0x2c</size>
         <alignment>0x4</alignment>
         <input_file_ref idref="fl-17"/>
      </object_component>
      <object_component id="oc-bc">
         <name>.text.SYSCFG_DL_init</name>
         <load_address>0x21d0</load_address>
         <readonly>true</readonly>
         <executable>true</executable>
         <run_address>0x21d0</run_address>
         <size>0x2c</size>
         <alignment>0x4</alignment>
         <input_file_ref idref="fl-2"/>
      </object_component>
      <object_component id="oc-11a">
         <name>.text.__NVIC_EnableIRQ</name>
         <load_address>0x21fc</load_address>
         <readonly>true</readonly>
         <executable>true</executable>
         <run_address>0x21fc</run_address>
         <size>0x2c</size>
         <alignment>0x4</alignment>
         <input_file_ref idref="fl-1"/>
      </object_component>
      <object_component id="oc-ef">
         <name>.text.__floatsidf</name>
         <load_address>0x2228</load_address>
         <readonly>true</readonly>
         <executable>true</executable>
         <run_address>0x2228</run_address>
         <size>0x2c</size>
         <alignment>0x4</alignment>
         <input_file_ref idref="fl-9f"/>
      </object_component>
      <object_component id="oc-189">
         <name>.text.DL_Common_updateReg</name>
         <load_address>0x2254</load_address>
         <readonly>true</readonly>
         <executable>true</executable>
         <run_address>0x2254</run_address>
         <size>0x28</size>
         <alignment>0x2</alignment>
         <input_file_ref idref="fl-16"/>
      </object_component>
      <object_component id="oc-186">
         <name>.text.DL_Common_updateReg</name>
         <load_address>0x227c</load_address>
         <readonly>true</readonly>
         <executable>true</executable>
         <run_address>0x227c</run_address>
         <size>0x28</size>
         <alignment>0x2</alignment>
         <input_file_ref idref="fl-17"/>
      </object_component>
      <object_component id="oc-188">
         <name>.text.DL_Common_updateReg</name>
         <load_address>0x22a4</load_address>
         <readonly>true</readonly>
         <executable>true</executable>
         <run_address>0x22a4</run_address>
         <size>0x28</size>
         <alignment>0x2</alignment>
         <input_file_ref idref="fl-18"/>
      </object_component>
      <object_component id="oc-180">
         <name>.text.DL_Common_updateReg</name>
         <load_address>0x22cc</load_address>
         <readonly>true</readonly>
         <executable>true</executable>
         <run_address>0x22cc</run_address>
         <size>0x28</size>
         <alignment>0x2</alignment>
         <input_file_ref idref="fl-2"/>
      </object_component>
      <object_component id="oc-56">
         <name>.text:_c_int00_noargs</name>
         <load_address>0x22f4</load_address>
         <readonly>true</readonly>
         <executable>true</executable>
         <run_address>0x22f4</run_address>
         <size>0x28</size>
         <alignment>0x4</alignment>
         <input_file_ref idref="fl-27"/>
      </object_component>
      <object_component id="oc-168">
         <name>.text.DL_SPI_setBitRateSerialClockDivider</name>
         <load_address>0x231c</load_address>
         <readonly>true</readonly>
         <executable>true</executable>
         <run_address>0x231c</run_address>
         <size>0x24</size>
         <alignment>0x4</alignment>
         <input_file_ref idref="fl-2"/>
      </object_component>
      <object_component id="oc-166">
         <name>.text.DL_SPI_setClockConfig</name>
         <load_address>0x2340</load_address>
         <readonly>true</readonly>
         <executable>true</executable>
         <run_address>0x2340</run_address>
         <size>0x24</size>
         <alignment>0x4</alignment>
         <input_file_ref idref="fl-16"/>
      </object_component>
      <object_component id="oc-15e">
         <name>.text.DL_UART_setClockConfig</name>
         <load_address>0x2364</load_address>
         <readonly>true</readonly>
         <executable>true</executable>
         <run_address>0x2364</run_address>
         <size>0x24</size>
         <alignment>0x4</alignment>
         <input_file_ref idref="fl-18"/>
      </object_component>
      <object_component id="oc-142">
         <name>.text.DL_GPIO_initPeripheralInputFunction</name>
         <load_address>0x2388</load_address>
         <readonly>true</readonly>
         <executable>true</executable>
         <run_address>0x2388</run_address>
         <size>0x20</size>
         <alignment>0x4</alignment>
         <input_file_ref idref="fl-2"/>
      </object_component>
      <object_component id="oc-183">
         <name>.text.DL_Timer_setCounterValueAfterEnable</name>
         <load_address>0x23a8</load_address>
         <readonly>true</readonly>
         <executable>true</executable>
         <run_address>0x23a8</run_address>
         <size>0x20</size>
         <alignment>0x4</alignment>
         <input_file_ref idref="fl-17"/>
      </object_component>
      <object_component id="oc-160">
         <name>.text.DL_UART_setOversampling</name>
         <load_address>0x23c8</load_address>
         <readonly>true</readonly>
         <executable>true</executable>
         <run_address>0x23c8</run_address>
         <size>0x1e</size>
         <alignment>0x2</alignment>
         <input_file_ref idref="fl-2"/>
      </object_component>
      <object_component id="oc-10f">
         <name>.text.SYSCFG_DL_SYSCTL_init</name>
         <load_address>0x23e6</load_address>
         <readonly>true</readonly>
         <executable>true</executable>
         <run_address>0x23e6</run_address>
         <size>0x1e</size>
         <alignment>0x2</alignment>
         <input_file_ref idref="fl-2"/>
      </object_component>
      <object_component id="oc-5f">
         <name>.text.DL_GPIO_clearInterruptStatus</name>
         <load_address>0x2404</load_address>
         <readonly>true</readonly>
         <executable>true</executable>
         <run_address>0x2404</run_address>
         <size>0x1c</size>
         <alignment>0x4</alignment>
         <input_file_ref idref="fl-1"/>
      </object_component>
      <object_component id="oc-14b">
         <name>.text.DL_GPIO_clearInterruptStatus</name>
         <load_address>0x2420</load_address>
         <readonly>true</readonly>
         <executable>true</executable>
         <run_address>0x2420</run_address>
         <size>0x1c</size>
         <alignment>0x4</alignment>
         <input_file_ref idref="fl-2"/>
      </object_component>
      <object_component id="oc-14c">
         <name>.text.DL_GPIO_enableInterrupt</name>
         <load_address>0x243c</load_address>
         <readonly>true</readonly>
         <executable>true</executable>
         <run_address>0x243c</run_address>
         <size>0x1c</size>
         <alignment>0x4</alignment>
         <input_file_ref idref="fl-2"/>
      </object_component>
      <object_component id="oc-146">
         <name>.text.DL_GPIO_initDigitalInput</name>
         <load_address>0x2458</load_address>
         <readonly>true</readonly>
         <executable>true</executable>
         <run_address>0x2458</run_address>
         <size>0x1c</size>
         <alignment>0x4</alignment>
         <input_file_ref idref="fl-2"/>
      </object_component>
      <object_component id="oc-140">
         <name>.text.DL_GPIO_initPeripheralOutputFunction</name>
         <load_address>0x2474</load_address>
         <readonly>true</readonly>
         <executable>true</executable>
         <run_address>0x2474</run_address>
         <size>0x1c</size>
         <alignment>0x4</alignment>
         <input_file_ref idref="fl-2"/>
      </object_component>
      <object_component id="oc-149">
         <name>.text.DL_GPIO_setLowerPinsPolarity</name>
         <load_address>0x2490</load_address>
         <readonly>true</readonly>
         <executable>true</executable>
         <run_address>0x2490</run_address>
         <size>0x1c</size>
         <alignment>0x4</alignment>
         <input_file_ref idref="fl-2"/>
      </object_component>
      <object_component id="oc-14e">
         <name>.text.DL_SYSCTL_setSYSOSCFreq</name>
         <load_address>0x24ac</load_address>
         <readonly>true</readonly>
         <executable>true</executable>
         <run_address>0x24ac</run_address>
         <size>0x1c</size>
         <alignment>0x4</alignment>
         <input_file_ref idref="fl-2"/>
      </object_component>
      <object_component id="oc-15a">
         <name>.text.DL_Timer_enableInterrupt</name>
         <load_address>0x24c8</load_address>
         <readonly>true</readonly>
         <executable>true</executable>
         <run_address>0x24c8</run_address>
         <size>0x1c</size>
         <alignment>0x4</alignment>
         <input_file_ref idref="fl-2"/>
      </object_component>
      <object_component id="oc-162">
         <name>.text.DL_UART_enableInterrupt</name>
         <load_address>0x24e4</load_address>
         <readonly>true</readonly>
         <executable>true</executable>
         <run_address>0x24e4</run_address>
         <size>0x1c</size>
         <alignment>0x4</alignment>
         <input_file_ref idref="fl-2"/>
      </object_component>
      <object_component id="oc-141">
         <name>.text.DL_GPIO_enableOutput</name>
         <load_address>0x2500</load_address>
         <readonly>true</readonly>
         <executable>true</executable>
         <run_address>0x2500</run_address>
         <size>0x18</size>
         <alignment>0x4</alignment>
         <input_file_ref idref="fl-2"/>
      </object_component>
      <object_component id="oc-13c">
         <name>.text.DL_GPIO_enablePower</name>
         <load_address>0x2518</load_address>
         <readonly>true</readonly>
         <executable>true</executable>
         <run_address>0x2518</run_address>
         <size>0x18</size>
         <alignment>0x4</alignment>
         <input_file_ref idref="fl-2"/>
      </object_component>
      <object_component id="oc-5d">
         <name>.text.DL_GPIO_getEnabledInterruptStatus</name>
         <load_address>0x2530</load_address>
         <readonly>true</readonly>
         <executable>true</executable>
         <run_address>0x2530</run_address>
         <size>0x18</size>
         <alignment>0x4</alignment>
         <input_file_ref idref="fl-1"/>
      </object_component>
      <object_component id="oc-143">
         <name>.text.DL_GPIO_initDigitalOutput</name>
         <load_address>0x2548</load_address>
         <readonly>true</readonly>
         <executable>true</executable>
         <run_address>0x2548</run_address>
         <size>0x18</size>
         <alignment>0x4</alignment>
         <input_file_ref idref="fl-2"/>
      </object_component>
      <object_component id="oc-138">
         <name>.text.DL_GPIO_reset</name>
         <load_address>0x2560</load_address>
         <readonly>true</readonly>
         <executable>true</executable>
         <run_address>0x2560</run_address>
         <size>0x18</size>
         <alignment>0x4</alignment>
         <input_file_ref idref="fl-2"/>
      </object_component>
      <object_component id="oc-92">
         <name>.text.DL_GPIO_setPins</name>
         <load_address>0x2578</load_address>
         <readonly>true</readonly>
         <executable>true</executable>
         <run_address>0x2578</run_address>
         <size>0x18</size>
         <alignment>0x4</alignment>
         <input_file_ref idref="fl-4"/>
      </object_component>
      <object_component id="oc-104">
         <name>.text.DL_GPIO_setPins</name>
         <load_address>0x2590</load_address>
         <readonly>true</readonly>
         <executable>true</executable>
         <run_address>0x2590</run_address>
         <size>0x18</size>
         <alignment>0x4</alignment>
         <input_file_ref idref="fl-6"/>
      </object_component>
      <object_component id="oc-18b">
         <name>.text.DL_GPIO_setPins</name>
         <load_address>0x25a8</load_address>
         <readonly>true</readonly>
         <executable>true</executable>
         <run_address>0x25a8</run_address>
         <size>0x18</size>
         <alignment>0x4</alignment>
         <input_file_ref idref="fl-7"/>
      </object_component>
      <object_component id="oc-148">
         <name>.text.DL_GPIO_setPins</name>
         <load_address>0x25c0</load_address>
         <readonly>true</readonly>
         <executable>true</executable>
         <run_address>0x25c0</run_address>
         <size>0x18</size>
         <alignment>0x4</alignment>
         <input_file_ref idref="fl-2"/>
      </object_component>
      <object_component id="oc-14a">
         <name>.text.DL_GPIO_setUpperPinsPolarity</name>
         <load_address>0x25d8</load_address>
         <readonly>true</readonly>
         <executable>true</executable>
         <run_address>0x25d8</run_address>
         <size>0x18</size>
         <alignment>0x2</alignment>
         <input_file_ref idref="fl-2"/>
      </object_component>
      <object_component id="oc-16a">
         <name>.text.DL_SPI_enable</name>
         <load_address>0x25f0</load_address>
         <readonly>true</readonly>
         <executable>true</executable>
         <run_address>0x25f0</run_address>
         <size>0x18</size>
         <alignment>0x4</alignment>
         <input_file_ref idref="fl-2"/>
      </object_component>
      <object_component id="oc-13f">
         <name>.text.DL_SPI_enablePower</name>
         <load_address>0x2608</load_address>
         <readonly>true</readonly>
         <executable>true</executable>
         <run_address>0x2608</run_address>
         <size>0x18</size>
         <alignment>0x4</alignment>
         <input_file_ref idref="fl-2"/>
      </object_component>
      <object_component id="oc-18d">
         <name>.text.DL_SPI_isBusy</name>
         <load_address>0x2620</load_address>
         <readonly>true</readonly>
         <executable>true</executable>
         <run_address>0x2620</run_address>
         <size>0x18</size>
         <alignment>0x4</alignment>
         <input_file_ref idref="fl-7"/>
      </object_component>
      <object_component id="oc-13b">
         <name>.text.DL_SPI_reset</name>
         <load_address>0x2638</load_address>
         <readonly>true</readonly>
         <executable>true</executable>
         <run_address>0x2638</run_address>
         <size>0x18</size>
         <alignment>0x4</alignment>
         <input_file_ref idref="fl-2"/>
      </object_component>
      <object_component id="oc-14d">
         <name>.text.DL_SYSCTL_setBORThreshold</name>
         <load_address>0x2650</load_address>
         <readonly>true</readonly>
         <executable>true</executable>
         <run_address>0x2650</run_address>
         <size>0x18</size>
         <alignment>0x4</alignment>
         <input_file_ref idref="fl-2"/>
      </object_component>
      <object_component id="oc-13d">
         <name>.text.DL_Timer_enablePower</name>
         <load_address>0x2668</load_address>
         <readonly>true</readonly>
         <executable>true</executable>
         <run_address>0x2668</run_address>
         <size>0x18</size>
         <alignment>0x4</alignment>
         <input_file_ref idref="fl-2"/>
      </object_component>
      <object_component id="oc-139">
         <name>.text.DL_Timer_reset</name>
         <load_address>0x2680</load_address>
         <readonly>true</readonly>
         <executable>true</executable>
         <run_address>0x2680</run_address>
         <size>0x18</size>
         <alignment>0x4</alignment>
         <input_file_ref idref="fl-2"/>
      </object_component>
      <object_component id="oc-181">
         <name>.text.DL_Timer_setLoadValue</name>
         <load_address>0x2698</load_address>
         <readonly>true</readonly>
         <executable>true</executable>
         <run_address>0x2698</run_address>
         <size>0x18</size>
         <alignment>0x4</alignment>
         <input_file_ref idref="fl-17"/>
      </object_component>
      <object_component id="oc-119">
         <name>.text.DL_Timer_startCounter</name>
         <load_address>0x26b0</load_address>
         <readonly>true</readonly>
         <executable>true</executable>
         <run_address>0x26b0</run_address>
         <size>0x18</size>
         <alignment>0x4</alignment>
         <input_file_ref idref="fl-1"/>
      </object_component>
      <object_component id="oc-c9">
         <name>.text.DL_Timer_stopCounter</name>
         <load_address>0x26c8</load_address>
         <readonly>true</readonly>
         <executable>true</executable>
         <run_address>0x26c8</run_address>
         <size>0x18</size>
         <alignment>0x4</alignment>
         <input_file_ref idref="fl-1"/>
      </object_component>
      <object_component id="oc-13e">
         <name>.text.DL_UART_enablePower</name>
         <load_address>0x26e0</load_address>
         <readonly>true</readonly>
         <executable>true</executable>
         <run_address>0x26e0</run_address>
         <size>0x18</size>
         <alignment>0x4</alignment>
         <input_file_ref idref="fl-2"/>
      </object_component>
      <object_component id="oc-13a">
         <name>.text.DL_UART_reset</name>
         <load_address>0x26f8</load_address>
         <readonly>true</readonly>
         <executable>true</executable>
         <run_address>0x26f8</run_address>
         <size>0x18</size>
         <alignment>0x4</alignment>
         <input_file_ref idref="fl-2"/>
      </object_component>
      <object_component id="oc-5e">
         <name>.text.DL_GPIO_readPins</name>
         <load_address>0x2710</load_address>
         <readonly>true</readonly>
         <executable>true</executable>
         <run_address>0x2710</run_address>
         <size>0x16</size>
         <alignment>0x2</alignment>
         <input_file_ref idref="fl-1"/>
      </object_component>
      <object_component id="oc-91">
         <name>.text.DL_GPIO_readPins</name>
         <load_address>0x2726</load_address>
         <readonly>true</readonly>
         <executable>true</executable>
         <run_address>0x2726</run_address>
         <size>0x16</size>
         <alignment>0x2</alignment>
         <input_file_ref idref="fl-4"/>
      </object_component>
      <object_component id="oc-18e">
         <name>.text.DL_SPI_transmitData8</name>
         <load_address>0x273c</load_address>
         <readonly>true</readonly>
         <executable>true</executable>
         <run_address>0x273c</run_address>
         <size>0x16</size>
         <alignment>0x2</alignment>
         <input_file_ref idref="fl-7"/>
      </object_component>
      <object_component id="oc-187">
         <name>.text.DL_UART_disable</name>
         <load_address>0x2752</load_address>
         <readonly>true</readonly>
         <executable>true</executable>
         <run_address>0x2752</run_address>
         <size>0x16</size>
         <alignment>0x2</alignment>
         <input_file_ref idref="fl-18"/>
      </object_component>
      <object_component id="oc-163">
         <name>.text.DL_UART_enable</name>
         <load_address>0x2768</load_address>
         <readonly>true</readonly>
         <executable>true</executable>
         <run_address>0x2768</run_address>
         <size>0x16</size>
         <alignment>0x2</alignment>
         <input_file_ref idref="fl-2"/>
      </object_component>
      <object_component id="oc-4d">
         <name>.text:decompress:ZI:__TI_zero_init_nomemset</name>
         <load_address>0x277e</load_address>
         <readonly>true</readonly>
         <executable>true</executable>
         <run_address>0x277e</run_address>
         <size>0x16</size>
         <alignment>0x2</alignment>
         <input_file_ref idref="fl-2c"/>
      </object_component>
      <object_component id="oc-90">
         <name>.text.DL_Common_delayCycles</name>
         <load_address>0x2794</load_address>
         <readonly>true</readonly>
         <executable>true</executable>
         <run_address>0x2794</run_address>
         <size>0x14</size>
         <alignment>0x2</alignment>
         <input_file_ref idref="fl-15"/>
      </object_component>
      <object_component id="oc-8f">
         <name>.text.DL_GPIO_clearPins</name>
         <load_address>0x27a8</load_address>
         <readonly>true</readonly>
         <executable>true</executable>
         <run_address>0x27a8</run_address>
         <size>0x14</size>
         <alignment>0x2</alignment>
         <input_file_ref idref="fl-4"/>
      </object_component>
      <object_component id="oc-105">
         <name>.text.DL_GPIO_clearPins</name>
         <load_address>0x27bc</load_address>
         <readonly>true</readonly>
         <executable>true</executable>
         <run_address>0x27bc</run_address>
         <size>0x14</size>
         <alignment>0x2</alignment>
         <input_file_ref idref="fl-6"/>
      </object_component>
      <object_component id="oc-18a">
         <name>.text.DL_GPIO_clearPins</name>
         <load_address>0x27d0</load_address>
         <readonly>true</readonly>
         <executable>true</executable>
         <run_address>0x27d0</run_address>
         <size>0x14</size>
         <alignment>0x2</alignment>
         <input_file_ref idref="fl-7"/>
      </object_component>
      <object_component id="oc-147">
         <name>.text.DL_GPIO_clearPins</name>
         <load_address>0x27e4</load_address>
         <readonly>true</readonly>
         <executable>true</executable>
         <run_address>0x27e4</run_address>
         <size>0x14</size>
         <alignment>0x2</alignment>
         <input_file_ref idref="fl-2"/>
      </object_component>
      <object_component id="oc-150">
         <name>.text.DL_SYSCTL_disableSYSPLL</name>
         <load_address>0x27f8</load_address>
         <readonly>true</readonly>
         <executable>true</executable>
         <run_address>0x27f8</run_address>
         <size>0x14</size>
         <alignment>0x4</alignment>
         <input_file_ref idref="fl-2"/>
      </object_component>
      <object_component id="oc-155">
         <name>.text.DL_Timer_enableClock</name>
         <load_address>0x280c</load_address>
         <readonly>true</readonly>
         <executable>true</executable>
         <run_address>0x280c</run_address>
         <size>0x14</size>
         <alignment>0x4</alignment>
         <input_file_ref idref="fl-2"/>
      </object_component>
      <object_component id="oc-156">
         <name>.text.DL_Timer_setCCPDirection</name>
         <load_address>0x2820</load_address>
         <readonly>true</readonly>
         <executable>true</executable>
         <run_address>0x2820</run_address>
         <size>0x14</size>
         <alignment>0x2</alignment>
         <input_file_ref idref="fl-2"/>
      </object_component>
      <object_component id="oc-74">
         <name>.text.DL_UART_receiveData</name>
         <load_address>0x2834</load_address>
         <readonly>true</readonly>
         <executable>true</executable>
         <run_address>0x2834</run_address>
         <size>0x14</size>
         <alignment>0x4</alignment>
         <input_file_ref idref="fl-1"/>
      </object_component>
      <object_component id="oc-64">
         <name>.text.DL_Timer_getPendingInterrupt</name>
         <load_address>0x2848</load_address>
         <readonly>true</readonly>
         <executable>true</executable>
         <run_address>0x2848</run_address>
         <size>0x12</size>
         <alignment>0x2</alignment>
         <input_file_ref idref="fl-1"/>
      </object_component>
      <object_component id="oc-73">
         <name>.text.DL_UART_getPendingInterrupt</name>
         <load_address>0x285a</load_address>
         <readonly>true</readonly>
         <executable>true</executable>
         <run_address>0x285a</run_address>
         <size>0x12</size>
         <alignment>0x2</alignment>
         <input_file_ref idref="fl-1"/>
      </object_component>
      <object_component id="oc-b2">
         <name>.text:TI_memcpy_small</name>
         <load_address>0x286c</load_address>
         <readonly>true</readonly>
         <executable>true</executable>
         <run_address>0x286c</run_address>
         <size>0x12</size>
         <alignment>0x1</alignment>
         <input_file_ref idref="fl-a5"/>
      </object_component>
      <object_component id="oc-20">
         <name>.text:decompress:none</name>
         <load_address>0x287e</load_address>
         <readonly>true</readonly>
         <executable>true</executable>
         <run_address>0x287e</run_address>
         <size>0x12</size>
         <alignment>0x2</alignment>
         <input_file_ref idref="fl-2d"/>
      </object_component>
      <object_component id="oc-14f">
         <name>.text.DL_SYSCTL_disableHFXT</name>
         <load_address>0x2890</load_address>
         <readonly>true</readonly>
         <executable>true</executable>
         <run_address>0x2890</run_address>
         <size>0x10</size>
         <alignment>0x4</alignment>
         <input_file_ref idref="fl-2"/>
      </object_component>
      <object_component id="oc-46">
         <name>.text.__aeabi_memcpy</name>
         <load_address>0x28a0</load_address>
         <readonly>true</readonly>
         <executable>true</executable>
         <run_address>0x28a0</run_address>
         <size>0x8</size>
         <alignment>0x4</alignment>
         <input_file_ref idref="fl-a1"/>
      </object_component>
      <object_component id="oc-33">
         <name>.text.Default_Handler</name>
         <load_address>0x28a8</load_address>
         <readonly>true</readonly>
         <executable>true</executable>
         <run_address>0x28a8</run_address>
         <size>0x4</size>
         <alignment>0x2</alignment>
         <input_file_ref idref="fl-3"/>
      </object_component>
      <object_component id="oc-2f">
         <name>.text.Reset_Handler</name>
         <load_address>0x28ac</load_address>
         <readonly>true</readonly>
         <executable>true</executable>
         <run_address>0x28ac</run_address>
         <size>0x4</size>
         <alignment>0x2</alignment>
         <input_file_ref idref="fl-3"/>
      </object_component>
      <object_component id="oc-80">
         <name>.text._system_pre_init</name>
         <load_address>0x28b0</load_address>
         <readonly>true</readonly>
         <executable>true</executable>
         <run_address>0x28b0</run_address>
         <size>0x4</size>
         <alignment>0x2</alignment>
         <input_file_ref idref="fl-2a"/>
      </object_component>
      <object_component id="oc-cd">
         <name>.text:abort</name>
         <load_address>0x28b4</load_address>
         <readonly>true</readonly>
         <executable>true</executable>
         <run_address>0x28b4</run_address>
         <size>0x4</size>
         <alignment>0x2</alignment>
         <input_file_ref idref="fl-2f"/>
      </object_component>
      <object_component id="oc-1d3">
         <name>.cinit..data.load</name>
         <load_address>0x2ef8</load_address>
         <readonly>true</readonly>
         <run_address>0x2ef8</run_address>
         <size>0xf</size>
         <alignment>0x1</alignment>
      </object_component>
      <object_component id="oc-1d1">
         <name>__TI_handler_table</name>
         <load_address>0x2f08</load_address>
         <readonly>true</readonly>
         <run_address>0x2f08</run_address>
         <size>0xc</size>
         <alignment>0x4</alignment>
      </object_component>
      <object_component id="oc-1d4">
         <name>.cinit..bss.load</name>
         <load_address>0x2f14</load_address>
         <readonly>true</readonly>
         <run_address>0x2f14</run_address>
         <size>0x8</size>
         <alignment>0x4</alignment>
      </object_component>
      <object_component id="oc-1d2">
         <name>__TI_cinit_table</name>
         <load_address>0x2f1c</load_address>
         <readonly>true</readonly>
         <run_address>0x2f1c</run_address>
         <size>0x10</size>
         <alignment>0x4</alignment>
      </object_component>
      <object_component id="oc-170">
         <name>.rodata.F8X16</name>
         <load_address>0x28b8</load_address>
         <readonly>true</readonly>
         <run_address>0x28b8</run_address>
         <size>0x5f0</size>
         <alignment>0x1</alignment>
         <input_file_ref idref="fl-7"/>
      </object_component>
      <object_component id="oc-15d">
         <name>.rodata.gTIMER_CarCTRLTimerConfig</name>
         <load_address>0x2ea8</load_address>
         <readonly>true</readonly>
         <run_address>0x2ea8</run_address>
         <size>0x14</size>
         <alignment>0x4</alignment>
         <input_file_ref idref="fl-2"/>
      </object_component>
      <object_component id="oc-cc">
         <name>.rodata.str1.119404928451288706681</name>
         <load_address>0x2ebc</load_address>
         <readonly>true</readonly>
         <run_address>0x2ebc</run_address>
         <size>0xb</size>
         <alignment>0x1</alignment>
         <input_file_ref idref="fl-1"/>
      </object_component>
      <object_component id="oc-16c">
         <name>.rodata.gSPI_0_config</name>
         <load_address>0x2ec8</load_address>
         <readonly>true</readonly>
         <run_address>0x2ec8</run_address>
         <size>0xa</size>
         <alignment>0x2</alignment>
         <input_file_ref idref="fl-2"/>
      </object_component>
      <object_component id="oc-165">
         <name>.rodata.gUART_0Config</name>
         <load_address>0x2ed2</load_address>
         <readonly>true</readonly>
         <run_address>0x2ed2</run_address>
         <size>0xa</size>
         <alignment>0x2</alignment>
         <input_file_ref idref="fl-2"/>
      </object_component>
      <object_component id="oc-158">
         <name>.rodata.gPWM_MOTORConfig</name>
         <load_address>0x2edc</load_address>
         <readonly>true</readonly>
         <run_address>0x2edc</run_address>
         <size>0x8</size>
         <alignment>0x4</alignment>
         <input_file_ref idref="fl-2"/>
      </object_component>
      <object_component id="oc-157">
         <name>.rodata.gPWM_MOTORClockConfig</name>
         <load_address>0x2ee4</load_address>
         <readonly>true</readonly>
         <run_address>0x2ee4</run_address>
         <size>0x3</size>
         <alignment>0x1</alignment>
         <input_file_ref idref="fl-2"/>
      </object_component>
      <object_component id="oc-15c">
         <name>.rodata.gTIMER_CarCTRLClockConfig</name>
         <load_address>0x2ee7</load_address>
         <readonly>true</readonly>
         <run_address>0x2ee7</run_address>
         <size>0x3</size>
         <alignment>0x1</alignment>
         <input_file_ref idref="fl-2"/>
      </object_component>
      <object_component id="oc-124">
         <name>.rodata.str1.118270980713142264691</name>
         <load_address>0x2eea</load_address>
         <readonly>true</readonly>
         <run_address>0x2eea</run_address>
         <size>0x3</size>
         <alignment>0x1</alignment>
         <input_file_ref idref="fl-7"/>
      </object_component>
      <object_component id="oc-123">
         <name>.rodata.str1.81887467027229016491</name>
         <load_address>0x2eed</load_address>
         <readonly>true</readonly>
         <run_address>0x2eed</run_address>
         <size>0x3</size>
         <alignment>0x1</alignment>
         <input_file_ref idref="fl-7"/>
      </object_component>
      <object_component id="oc-16b">
         <name>.rodata.gSPI_0_clockConfig</name>
         <load_address>0x2ef0</load_address>
         <readonly>true</readonly>
         <run_address>0x2ef0</run_address>
         <size>0x2</size>
         <alignment>0x1</alignment>
         <input_file_ref idref="fl-2"/>
      </object_component>
      <object_component id="oc-164">
         <name>.rodata.gUART_0ClockConfig</name>
         <load_address>0x2ef2</load_address>
         <readonly>true</readonly>
         <run_address>0x2ef2</run_address>
         <size>0x2</size>
         <alignment>0x1</alignment>
         <input_file_ref idref="fl-2"/>
      </object_component>
      <object_component id="oc-19b">
         <name>.binit</name>
         <load_address>0x0</load_address>
         <readonly>true</readonly>
         <run_address>0x0</run_address>
         <size>0x0</size>
         <alignment>0x4</alignment>
      </object_component>
      <object_component id="oc-60">
         <name>.data.Forward_Right_Count</name>
         <load_address>0x20200048</load_address>
         <readwrite>true</readwrite>
         <run_address>0x20200048</run_address>
         <size>0x4</size>
         <alignment>0x4</alignment>
         <input_file_ref idref="fl-1"/>
      </object_component>
      <object_component id="oc-61">
         <name>.data.Forward_Left_Count</name>
         <load_address>0x20200044</load_address>
         <readwrite>true</readwrite>
         <run_address>0x20200044</run_address>
         <size>0x4</size>
         <alignment>0x4</alignment>
         <input_file_ref idref="fl-1"/>
      </object_component>
      <object_component id="oc-71">
         <name>.data.sensor_data</name>
         <load_address>0x20200052</load_address>
         <readwrite>true</readwrite>
         <run_address>0x20200052</run_address>
         <size>0x1</size>
         <alignment>0x1</alignment>
         <input_file_ref idref="fl-1"/>
      </object_component>
      <object_component id="oc-72">
         <name>.data.sensor</name>
         <load_address>0x20200030</load_address>
         <readwrite>true</readwrite>
         <run_address>0x20200030</run_address>
         <size>0x8</size>
         <alignment>0x1</alignment>
         <input_file_ref idref="fl-1"/>
      </object_component>
      <object_component id="oc-ad">
         <name>.data.BaseSpeed</name>
         <load_address>0x20200038</load_address>
         <readwrite>true</readwrite>
         <run_address>0x20200038</run_address>
         <size>0x4</size>
         <alignment>0x4</alignment>
         <input_file_ref idref="fl-1"/>
      </object_component>
      <object_component id="oc-ee">
         <name>.data.MaxSpeed</name>
         <load_address>0x2020004c</load_address>
         <readwrite>true</readwrite>
         <run_address>0x2020004c</run_address>
         <size>0x4</size>
         <alignment>0x4</alignment>
         <input_file_ref idref="fl-1"/>
      </object_component>
      <object_component id="oc-ae">
         <name>.data.Duty_L</name>
         <load_address>0x2020003c</load_address>
         <readwrite>true</readwrite>
         <run_address>0x2020003c</run_address>
         <size>0x4</size>
         <alignment>0x4</alignment>
         <input_file_ref idref="fl-1"/>
      </object_component>
      <object_component id="oc-af">
         <name>.data.Duty_R</name>
         <load_address>0x20200040</load_address>
         <readwrite>true</readwrite>
         <run_address>0x20200040</run_address>
         <size>0x4</size>
         <alignment>0x4</alignment>
         <input_file_ref idref="fl-1"/>
      </object_component>
      <object_component id="oc-95">
         <name>.data.stop_flag</name>
         <load_address>0x20200053</load_address>
         <readwrite>true</readwrite>
         <run_address>0x20200053</run_address>
         <size>0x1</size>
         <alignment>0x1</alignment>
         <input_file_ref idref="fl-1"/>
      </object_component>
      <object_component id="oc-75">
         <name>.data.Uart_Data</name>
         <load_address>0x20200051</load_address>
         <readwrite>true</readwrite>
         <run_address>0x20200051</run_address>
         <size>0x1</size>
         <alignment>0x1</alignment>
         <input_file_ref idref="fl-1"/>
      </object_component>
      <object_component id="oc-76">
         <name>.data.Serial_RxFlag</name>
         <load_address>0x20200050</load_address>
         <readwrite>true</readwrite>
         <run_address>0x20200050</run_address>
         <size>0x1</size>
         <alignment>0x1</alignment>
         <input_file_ref idref="fl-1"/>
      </object_component>
      <object_component id="oc-ac">
         <name>.bss.Gray_Sensor_Ctrl_PID.Speed_chasu</name>
         <uninitialized>true</uninitialized>
         <readwrite>true</readwrite>
         <run_address>0x20200028</run_address>
         <size>0x4</size>
         <alignment>0x4</alignment>
         <input_file_ref idref="fl-6"/>
      </object_component>
      <object_component id="oc-aa">
         <name>.bss.Gray_Sensor_Ctrl_PID.Integral_error</name>
         <uninitialized>true</uninitialized>
         <readwrite>true</readwrite>
         <run_address>0x2020002c</run_address>
         <size>0x1</size>
         <alignment>0x1</alignment>
         <input_file_ref idref="fl-6"/>
      </object_component>
      <object_component id="oc-ab">
         <name>.bss.Gray_Sensor_Ctrl_PID.Last_error</name>
         <uninitialized>true</uninitialized>
         <readwrite>true</readwrite>
         <run_address>0x2020002d</run_address>
         <size>0x1</size>
         <alignment>0x1</alignment>
         <input_file_ref idref="fl-6"/>
      </object_component>
      <object_component id="oc-114">
         <name>.common:gSPI_0Backup</name>
         <uninitialized>true</uninitialized>
         <readwrite>true</readwrite>
         <run_address>0x20200000</run_address>
         <size>0x28</size>
         <alignment>0x4</alignment>
      </object_component>
      <object_component id="oc-96">
         <name>.common:error</name>
         <uninitialized>true</uninitialized>
         <readwrite>true</readwrite>
         <run_address>0x2020002f</run_address>
         <size>0x1</size>
         <alignment>0x1</alignment>
      </object_component>
      <object_component id="oc-97">
         <name>.common:a</name>
         <uninitialized>true</uninitialized>
         <readwrite>true</readwrite>
         <run_address>0x2020002e</run_address>
         <size>0x1</size>
         <alignment>0x1</alignment>
      </object_component>
      <object_component id="oc-1a">
         <name>.stack</name>
         <uninitialized>true</uninitialized>
         <readwrite>true</readwrite>
         <run_address>0x20207e00</run_address>
         <size>0x4</size>
         <alignment>0x4</alignment>
         <input_file_ref idref="fl-27"/>
      </object_component>
      <object_component id="oc-1d6">
         <name>.stack</name>
         <uninitialized>true</uninitialized>
         <readwrite>true</readwrite>
         <run_address>0x20207e00</run_address>
         <size>0x0</size>
         <alignment>0x8</alignment>
      </object_component>
      <object_component id="oc-62">
         <name>.debug_abbrev</name>
         <load_address>0x0</load_address>
         <run_address>0x0</run_address>
         <size>0x1f3</size>
         <alignment>0x1</alignment>
         <input_file_ref idref="fl-1"/>
      </object_component>
      <object_component id="oc-115">
         <name>.debug_abbrev</name>
         <load_address>0x1f3</load_address>
         <run_address>0x1f3</run_address>
         <size>0x21d</size>
         <alignment>0x1</alignment>
         <input_file_ref idref="fl-2"/>
      </object_component>
      <object_component id="oc-3b">
         <name>.debug_abbrev</name>
         <load_address>0x410</load_address>
         <run_address>0x410</run_address>
         <size>0x6d</size>
         <alignment>0x1</alignment>
         <input_file_ref idref="fl-3"/>
      </object_component>
      <object_component id="oc-93">
         <name>.debug_abbrev</name>
         <load_address>0x47d</load_address>
         <run_address>0x47d</run_address>
         <size>0x17c</size>
         <alignment>0x1</alignment>
         <input_file_ref idref="fl-4"/>
      </object_component>
      <object_component id="oc-b0">
         <name>.debug_abbrev</name>
         <load_address>0x5f9</load_address>
         <run_address>0x5f9</run_address>
         <size>0x13d</size>
         <alignment>0x1</alignment>
         <input_file_ref idref="fl-6"/>
      </object_component>
      <object_component id="oc-11c">
         <name>.debug_abbrev</name>
         <load_address>0x736</load_address>
         <run_address>0x736</run_address>
         <size>0x166</size>
         <alignment>0x1</alignment>
         <input_file_ref idref="fl-7"/>
      </object_component>
      <object_component id="oc-3d">
         <name>.debug_abbrev</name>
         <load_address>0x89c</load_address>
         <run_address>0x89c</run_address>
         <size>0xaf</size>
         <alignment>0x1</alignment>
         <input_file_ref idref="fl-27"/>
      </object_component>
      <object_component id="oc-12b">
         <name>.debug_abbrev</name>
         <load_address>0x94b</load_address>
         <run_address>0x94b</run_address>
         <size>0x186</size>
         <alignment>0x1</alignment>
         <input_file_ref idref="fl-29"/>
      </object_component>
      <object_component id="oc-ba">
         <name>.debug_abbrev</name>
         <load_address>0xad1</load_address>
         <run_address>0xad1</run_address>
         <size>0x39</size>
         <alignment>0x1</alignment>
         <input_file_ref idref="fl-2a"/>
      </object_component>
      <object_component id="oc-79">
         <name>.debug_abbrev</name>
         <load_address>0xb0a</load_address>
         <run_address>0xb0a</run_address>
         <size>0xc2</size>
         <alignment>0x1</alignment>
         <input_file_ref idref="fl-2c"/>
      </object_component>
      <object_component id="oc-4a">
         <name>.debug_abbrev</name>
         <load_address>0xbcc</load_address>
         <run_address>0xbcc</run_address>
         <size>0x70</size>
         <alignment>0x1</alignment>
         <input_file_ref idref="fl-2d"/>
      </object_component>
      <object_component id="oc-42">
         <name>.debug_abbrev</name>
         <load_address>0xc3c</load_address>
         <run_address>0xc3c</run_address>
         <size>0x8d</size>
         <alignment>0x1</alignment>
         <input_file_ref idref="fl-2e"/>
      </object_component>
      <object_component id="oc-125">
         <name>.debug_abbrev</name>
         <load_address>0xcc9</load_address>
         <run_address>0xcc9</run_address>
         <size>0xb3</size>
         <alignment>0x1</alignment>
         <input_file_ref idref="fl-2f"/>
      </object_component>
      <object_component id="oc-ec">
         <name>.debug_abbrev</name>
         <load_address>0xd7c</load_address>
         <run_address>0xd7c</run_address>
         <size>0x27</size>
         <alignment>0x1</alignment>
         <input_file_ref idref="fl-97"/>
      </object_component>
      <object_component id="oc-135">
         <name>.debug_abbrev</name>
         <load_address>0xda3</load_address>
         <run_address>0xda3</run_address>
         <size>0x27</size>
         <alignment>0x1</alignment>
         <input_file_ref idref="fl-98"/>
      </object_component>
      <object_component id="oc-134">
         <name>.debug_abbrev</name>
         <load_address>0xdca</load_address>
         <run_address>0xdca</run_address>
         <size>0x27</size>
         <alignment>0x1</alignment>
         <input_file_ref idref="fl-99"/>
      </object_component>
      <object_component id="oc-131">
         <name>.debug_abbrev</name>
         <load_address>0xdf1</load_address>
         <run_address>0xdf1</run_address>
         <size>0x27</size>
         <alignment>0x1</alignment>
         <input_file_ref idref="fl-9a"/>
      </object_component>
      <object_component id="oc-eb">
         <name>.debug_abbrev</name>
         <load_address>0xe18</load_address>
         <run_address>0xe18</run_address>
         <size>0x27</size>
         <alignment>0x1</alignment>
         <input_file_ref idref="fl-9b"/>
      </object_component>
      <object_component id="oc-133">
         <name>.debug_abbrev</name>
         <load_address>0xe3f</load_address>
         <run_address>0xe3f</run_address>
         <size>0x27</size>
         <alignment>0x1</alignment>
         <input_file_ref idref="fl-9c"/>
      </object_component>
      <object_component id="oc-136">
         <name>.debug_abbrev</name>
         <load_address>0xe66</load_address>
         <run_address>0xe66</run_address>
         <size>0x27</size>
         <alignment>0x1</alignment>
         <input_file_ref idref="fl-9d"/>
      </object_component>
      <object_component id="oc-ed">
         <name>.debug_abbrev</name>
         <load_address>0xe8d</load_address>
         <run_address>0xe8d</run_address>
         <size>0x27</size>
         <alignment>0x1</alignment>
         <input_file_ref idref="fl-9e"/>
      </object_component>
      <object_component id="oc-132">
         <name>.debug_abbrev</name>
         <load_address>0xeb4</load_address>
         <run_address>0xeb4</run_address>
         <size>0x27</size>
         <alignment>0x1</alignment>
         <input_file_ref idref="fl-9f"/>
      </object_component>
      <object_component id="oc-e6">
         <name>.debug_abbrev</name>
         <load_address>0xedb</load_address>
         <run_address>0xedb</run_address>
         <size>0x27</size>
         <alignment>0x1</alignment>
         <input_file_ref idref="fl-a0"/>
      </object_component>
      <object_component id="oc-78">
         <name>.debug_abbrev</name>
         <load_address>0xf02</load_address>
         <run_address>0xf02</run_address>
         <size>0x27</size>
         <alignment>0x1</alignment>
         <input_file_ref idref="fl-a1"/>
      </object_component>
      <object_component id="oc-176">
         <name>.debug_abbrev</name>
         <load_address>0xf29</load_address>
         <run_address>0xf29</run_address>
         <size>0x27</size>
         <alignment>0x1</alignment>
         <input_file_ref idref="fl-a3"/>
      </object_component>
      <object_component id="oc-18f">
         <name>.debug_abbrev</name>
         <load_address>0xf50</load_address>
         <run_address>0xf50</run_address>
         <size>0x59</size>
         <alignment>0x1</alignment>
         <input_file_ref idref="fl-a4"/>
      </object_component>
      <object_component id="oc-106">
         <name>.debug_abbrev</name>
         <load_address>0xfa9</load_address>
         <run_address>0xfa9</run_address>
         <size>0x25</size>
         <alignment>0x1</alignment>
         <input_file_ref idref="fl-a5"/>
      </object_component>
      <object_component id="oc-1d8">
         <name>.debug_abbrev</name>
         <load_address>0xfce</load_address>
         <run_address>0xfce</run_address>
         <size>0xf</size>
         <alignment>0x0</alignment>
      </object_component>
      <object_component id="oc-36">
         <name>.debug_info</name>
         <load_address>0x0</load_address>
         <run_address>0x0</run_address>
         <size>0x1847</size>
         <alignment>0x1</alignment>
         <input_file_ref idref="fl-1"/>
      </object_component>
      <object_component id="oc-bd">
         <name>.debug_info</name>
         <load_address>0x1847</load_address>
         <run_address>0x1847</run_address>
         <size>0x423e</size>
         <alignment>0x1</alignment>
         <input_file_ref idref="fl-2"/>
      </object_component>
[...]
         <object_component_ref idref="oc-75"/>
      </symbol>
      <symbol id="sm-79">
         <name>Serial_RxFlag</name>
         <value>0x20200050</value>
         <object_component_ref idref="oc-76"/>
      </symbol>
      <symbol id="sm-7a">
         <name>BaseSpeed</name>
         <value>0x20200038</value>
         <object_component_ref idref="oc-ad"/>
      </symbol>
      <symbol id="sm-7b">
         <name>MaxSpeed</name>
         <value>0x2020004c</value>
         <object_component_ref idref="oc-ee"/>
      </symbol>
      <symbol id="sm-7c">
         <name>Duty_L</name>
         <value>0x2020003c</value>
         <object_component_ref idref="oc-ae"/>
      </symbol>
      <symbol id="sm-7d">
         <name>Duty_R</name>
         <value>0x20200040</value>
         <object_component_ref idref="oc-af"/>
      </symbol>
      <symbol id="sm-139">
         <name>SYSCFG_DL_init</name>
         <value>0x21d1</value>
         <object_component_ref idref="oc-bc"/>
      </symbol>
      <symbol id="sm-13a">
         <name>SYSCFG_DL_initPower</name>
         <value>0x1725</value>
         <object_component_ref idref="oc-10d"/>
      </symbol>
      <symbol id="sm-13b">
         <name>SYSCFG_DL_GPIO_init</name>
         <value>0x835</value>
         <object_component_ref idref="oc-10e"/>
      </symbol>
      <symbol id="sm-13c">
         <name>SYSCFG_DL_SYSCTL_init</name>
         <value>0x23e7</value>
         <object_component_ref idref="oc-10f"/>
      </symbol>
      <symbol id="sm-13d">
         <name>SYSCFG_DL_PWM_MOTOR_init</name>
         <value>0x161d</value>
         <object_component_ref idref="oc-110"/>
      </symbol>
      <symbol id="sm-13e">
         <name>SYSCFG_DL_TIMER_CarCTRL_init</name>
         <value>0x1c89</value>
         <object_component_ref idref="oc-111"/>
      </symbol>
      <symbol id="sm-13f">
         <name>SYSCFG_DL_UART_0_init</name>
         <value>0x1bc1</value>
         <object_component_ref idref="oc-112"/>
      </symbol>
      <symbol id="sm-140">
         <name>SYSCFG_DL_SPI_0_init</name>
         <value>0x1c49</value>
         <object_component_ref idref="oc-113"/>
      </symbol>
      <symbol id="sm-141">
         <name>gSPI_0Backup</name>
         <value>0x20200000</value>
      </symbol>
      <symbol id="sm-14c">
         <name>Default_Handler</name>
         <value>0x28a9</value>
         <object_component_ref idref="oc-33"/>
      </symbol>
      <symbol id="sm-14d">
         <name>Reset_Handler</name>
         <value>0x28ad</value>
         <object_component_ref idref="oc-2f"/>
      </symbol>
      <symbol id="sm-14e">
         <name>interruptVectors</name>
         <value>0x0</value>
         <object_component_ref idref="oc-18"/>
      </symbol>
      <symbol id="sm-14f">
         <name>NMI_Handler</name>
         <value>0x28a9</value>
         <object_component_ref idref="oc-33"/>
      </symbol>
      <symbol id="sm-150">
         <name>HardFault_Handler</name>
         <value>0x28a9</value>
         <object_component_ref idref="oc-33"/>
      </symbol>
      <symbol id="sm-151">
         <name>SVC_Handler</name>
         <value>0x28a9</value>
         <object_component_ref idref="oc-33"/>
      </symbol>
      <symbol id="sm-152">
         <name>PendSV_Handler</name>
         <value>0x28a9</value>
         <object_component_ref idref="oc-33"/>
      </symbol>
      <symbol id="sm-153">
         <name>SysTick_Handler</name>
         <value>0x28a9</value>
         <object_component_ref idref="oc-33"/>
      </symbol>
      <symbol id="sm-154">
         <name>GROUP0_IRQHandler</name>
         <value>0x28a9</value>
         <object_component_ref idref="oc-33"/>
      </symbol>
      <symbol id="sm-155">
         <name>UART3_IRQHandler</name>
         <value>0x28a9</value>
         <object_component_ref idref="oc-33"/>
      </symbol>
      <symbol id="sm-156">
         <name>ADC0_IRQHandler</name>
         <value>0x28a9</value>
         <object_component_ref idref="oc-33"/>
      </symbol>
      <symbol id="sm-157">
         <name>ADC1_IRQHandler</name>
         <value>0x28a9</value>
         <object_component_ref idref="oc-33"/>
      </symbol>
      <symbol id="sm-158">
         <name>CANFD0_IRQHandler</name>
         <value>0x28a9</value>
         <object_component_ref idref="oc-33"/>
      </symbol>
      <symbol id="sm-159">
         <name>DAC0_IRQHandler</name>
         <value>0x28a9</value>
         <object_component_ref idref="oc-33"/>
      </symbol>
      <symbol id="sm-15a">
         <name>SPI0_IRQHandler</name>
         <value>0x28a9</value>
         <object_component_ref idref="oc-33"/>
      </symbol>
      <symbol id="sm-15b">
         <name>SPI1_IRQHandler</name>
         <value>0x28a9</value>
         <object_component_ref idref="oc-33"/>
      </symbol>
      <symbol id="sm-15c">
         <name>UART1_IRQHandler</name>
         <value>0x28a9</value>
         <object_component_ref idref="oc-33"/>
      </symbol>
      <symbol id="sm-15d">
         <name>UART2_IRQHandler</name>
         <value>0x28a9</value>
         <object_component_ref idref="oc-33"/>
      </symbol>
      <symbol id="sm-15e">
         <name>TIMG0_IRQHandler</name>
         <value>0x28a9</value>
         <object_component_ref idref="oc-33"/>
      </symbol>
      <symbol id="sm-15f">
         <name>TIMG6_IRQHandler</name>
         <value>0x28a9</value>
         <object_component_ref idref="oc-33"/>
      </symbol>
      <symbol id="sm-160">
         <name>TIMA0_IRQHandler</name>
         <value>0x28a9</value>
         <object_component_ref idref="oc-33"/>
      </symbol>
      <symbol id="sm-161">
         <name>TIMA1_IRQHandler</name>
         <value>0x28a9</value>
         <object_component_ref idref="oc-33"/>
      </symbol>
      <symbol id="sm-162">
         <name>TIMG7_IRQHandler</name>
         <value>0x28a9</value>
         <object_component_ref idref="oc-33"/>
      </symbol>
      <symbol id="sm-163">
         <name>TIMG12_IRQHandler</name>
         <value>0x28a9</value>
         <object_component_ref idref="oc-33"/>
      </symbol>
      <symbol id="sm-164">
         <name>I2C0_IRQHandler</name>
         <value>0x28a9</value>
         <object_component_ref idref="oc-33"/>
      </symbol>
      <symbol id="sm-165">
         <name>I2C1_IRQHandler</name>
         <value>0x28a9</value>
         <object_component_ref idref="oc-33"/>
      </symbol>
      <symbol id="sm-166">
         <name>AES_IRQHandler</name>
         <value>0x28a9</value>
         <object_component_ref idref="oc-33"/>
      </symbol>
      <symbol id="sm-167">
         <name>RTC_IRQHandler</name>
         <value>0x28a9</value>
         <object_component_ref idref="oc-33"/>
      </symbol>
      <symbol id="sm-168">
         <name>DMA_IRQHandler</name>
         <value>0x28a9</value>
         <object_component_ref idref="oc-33"/>
      </symbol>
      <symbol id="sm-183">
         <name>gray_serial_forward_read</name>
         <value>0x1819</value>
         <object_component_ref idref="oc-65"/>
      </symbol>
      <symbol id="sm-184">
         <name>extractSensorData</name>
         <value>0x2051</value>
         <object_component_ref idref="oc-6a"/>
      </symbol>
      <symbol id="sm-185">
         <name>GetErrorandA</name>
         <value>0xc1</value>
         <object_component_ref idref="oc-6b"/>
      </symbol>
      <symbol id="sm-186">
         <name>error</name>
         <value>0x2020002f</value>
      </symbol>
      <symbol id="sm-187">
         <name>a</name>
         <value>0x2020002e</value>
      </symbol>
      <symbol id="sm-1a8">
         <name>Gray_Sensor_Ctrl_PID</name>
         <value>0xfb5</value>
         <object_component_ref idref="oc-6c"/>
      </symbol>
      <symbol id="sm-1a9">
         <name>XianFu</name>
         <value>0x19d5</value>
         <object_component_ref idref="oc-a8"/>
      </symbol>
      <symbol id="sm-1aa">
         <name>Set_Speed</name>
         <value>0x661</value>
         <object_component_ref idref="oc-a9"/>
      </symbol>
      <symbol id="sm-1ab">
         <name>Motor_Off</name>
         <value>0x1e75</value>
         <object_component_ref idref="oc-cb"/>
      </symbol>
      <symbol id="sm-1de">
         <name>OLED_RES</name>
         <value>0x2115</value>
         <object_component_ref idref="oc-16d"/>
      </symbol>
      <symbol id="sm-1df">
         <name>OLED_DC</name>
         <value>0x20e5</value>
         <object_component_ref idref="oc-18c"/>
      </symbol>
      <symbol id="sm-1e0">
         <name>OLED_WR_Byte</name>
         <value>0x1a3d</value>
         <object_component_ref idref="oc-16e"/>
      </symbol>
      <symbol id="sm-1e1">
         <name>OLED_Set_Pos</name>
         <value>0x1d09</value>
         <object_component_ref idref="oc-16f"/>
      </symbol>
      <symbol id="sm-1e2">
         <name>OLED_Clear</name>
         <value>0x1901</value>
         <object_component_ref idref="oc-118"/>
      </symbol>
      <symbol id="sm-1e3">
         <name>OLED_ShowChar</name>
         <value>0x142d</value>
         <object_component_ref idref="oc-11b"/>
      </symbol>
      <symbol id="sm-1e4">
         <name>F8X16</name>
         <value>0x28b8</value>
         <object_component_ref idref="oc-170"/>
      </symbol>
      <symbol id="sm-1e5">
         <name>oled_pow</name>
         <value>0x2175</value>
         <object_component_ref idref="oc-11e"/>
      </symbol>
      <symbol id="sm-1e6">
         <name>OLED_ShowNum</name>
         <value>0x1359</value>
         <object_component_ref idref="oc-c7"/>
      </symbol>
      <symbol id="sm-1e7">
         <name>OLED_ShowString</name>
         <value>0x196b</value>
         <object_component_ref idref="oc-c2"/>
      </symbol>
      <symbol id="sm-1e8">
         <name>OLED_Init</name>
         <value>0xb6d</value>
         <object_component_ref idref="oc-117"/>
      </symbol>
      <symbol id="sm-1e9">
         <name>OLED_ShowBasicBoard</name>
         <value>0x10a9</value>
         <object_component_ref idref="oc-c8"/>
      </symbol>
      <symbol id="sm-1ea">
         <name>__TI_ATRegion0_src_addr</name>
         <value>0x0</value>
      </symbol>
      <symbol id="sm-1eb">
         <name>__TI_ATRegion0_trg_addr</name>
         <value>0x0</value>
      </symbol>
      <symbol id="sm-1ec">
         <name>__TI_ATRegion0_region_sz</name>
         <value>0x0</value>
      </symbol>
      <symbol id="sm-1ed">
         <name>__TI_ATRegion1_src_addr</name>
         <value>0x0</value>
      </symbol>
      <symbol id="sm-1ee">
         <name>__TI_ATRegion1_trg_addr</name>
         <value>0x0</value>
      </symbol>
      <symbol id="sm-1ef">
         <name>__TI_ATRegion1_region_sz</name>
         <value>0x0</value>
      </symbol>
      <symbol id="sm-1f0">
         <name>__TI_ATRegion2_src_addr</name>
         <value>0x0</value>
      </symbol>
      <symbol id="sm-1f1">
         <name>__TI_ATRegion2_trg_addr</name>
         <value>0x0</value>
      </symbol>
      <symbol id="sm-1f2">
         <name>__TI_ATRegion2_region_sz</name>
         <value>0x0</value>
      </symbol>
      <symbol id="sm-1f5">
         <name>DL_Common_delayCycles</name>
         <value>0x2795</value>
         <object_component_ref idref="oc-90"/>
      </symbol>
      <symbol id="sm-1fd">
         <name>DL_SPI_init</name>
         <value>0x1b79</value>
         <object_component_ref idref="oc-167"/>
      </symbol>
      <symbol id="sm-1fe">
         <name>DL_SPI_setClockConfig</name>
         <value>0x2341</value>
         <object_component_ref idref="oc-166"/>
      </symbol>
      <symbol id="sm-21c">
         <name>DL_Timer_setClockConfig</name>
         <value>0x1fb5</value>
         <object_component_ref idref="oc-151"/>
      </symbol>
      <symbol id="sm-21d">
         <name>DL_Timer_initTimerMode</name>
         <value>0xeb5</value>
         <object_component_ref idref="oc-159"/>
      </symbol>
      <symbol id="sm-21e">
         <name>DL_Timer_setCaptureCompareValue</name>
         <value>0x21a5</value>
         <object_component_ref idref="oc-103"/>
      </symbol>
      <symbol id="sm-21f">
         <name>DL_Timer_setCaptureCompareCtl</name>
         <value>0x1d49</value>
         <object_component_ref idref="oc-184"/>
      </symbol>
      <symbol id="sm-220">
         <name>DL_Timer_setCaptureCompareInput</name>
         <value>0x1f81</value>
         <object_component_ref idref="oc-185"/>
      </symbol>
      <symbol id="sm-221">
         <name>DL_Timer_initPWMMode</name>
         <value>0xc99</value>
         <object_component_ref idref="oc-152"/>
      </symbol>
      <symbol id="sm-222">
         <name>DL_Timer_setCaptureCompareAction</name>
         <value>0x1f4d</value>
         <object_component_ref idref="oc-182"/>
      </symbol>
      <symbol id="sm-223">
         <name>DL_Timer_setCaptureCompareOutCtl</name>
         <value>0x1c09</value>
         <object_component_ref idref="oc-153"/>
      </symbol>
      <symbol id="sm-224">
         <name>DL_Timer_setCaptCompUpdateMethod</name>
         <value>0x1f19</value>
         <object_component_ref idref="oc-154"/>
      </symbol>
      <symbol id="sm-22e">
         <name>DL_UART_init</name>
         <value>0x1a95</value>
         <object_component_ref idref="oc-15f"/>
      </symbol>
      <symbol id="sm-22f">
         <name>DL_UART_setClockConfig</name>
         <value>0x2365</value>
         <object_component_ref idref="oc-15e"/>
      </symbol>
      <symbol id="sm-23a">
         <name>_c_int00_noargs</name>
         <value>0x22f5</value>
         <object_component_ref idref="oc-56"/>
      </symbol>
      <symbol id="sm-23b">
         <name>__stack</name>
         <value>0x20207e00</value>
         <object_component_ref idref="oc-1a"/>
      </symbol>
      <symbol id="sm-247">
         <name>__TI_auto_init_nobinit_nopinit</name>
         <value>0x1dfd</value>
         <object_component_ref idref="oc-d4"/>
      </symbol>
      <symbol id="sm-24f">
         <name>_system_pre_init</name>
         <value>0x28b1</value>
         <object_component_ref idref="oc-80"/>
      </symbol>
      <symbol id="sm-25a">
         <name>__TI_zero_init_nomemset</name>
         <value>0x277f</value>
         <object_component_ref idref="oc-4d"/>
      </symbol>
      <symbol id="sm-263">
         <name>__TI_decompress_none</name>
         <value>0x287f</value>
         <object_component_ref idref="oc-20"/>
      </symbol>
      <symbol id="sm-26e">
         <name>__TI_decompress_lzss</name>
         <value>0x17a1</value>
         <object_component_ref idref="oc-1c"/>
      </symbol>
      <symbol id="sm-278">
         <name>abort</name>
         <value>0x28b5</value>
         <object_component_ref idref="oc-cd"/>
      </symbol>
      <symbol id="sm-279">
         <name>C$$EXIT</name>
         <value>0x28b4</value>
         <object_component_ref idref="oc-cd"/>
      </symbol>
      <symbol id="sm-281">
         <name>__aeabi_fadd</name>
         <value>0x128b</value>
         <object_component_ref idref="oc-a0"/>
      </symbol>
      <symbol id="sm-282">
         <name>__addsf3</name>
         <value>0x128b</value>
         <object_component_ref idref="oc-a0"/>
      </symbol>
      <symbol id="sm-283">
         <name>__aeabi_fsub</name>
         <value>0x1281</value>
         <object_component_ref idref="oc-a0"/>
      </symbol>
      <symbol id="sm-284">
         <name>__subsf3</name>
         <value>0x1281</value>
         <object_component_ref idref="oc-a0"/>
      </symbol>
      <symbol id="sm-28a">
         <name>__aeabi_dadd</name>
         <value>0x9e3</value>
         <object_component_ref idref="oc-fb"/>
      </symbol>
      <symbol id="sm-28b">
         <name>__adddf3</name>
         <value>0x9e3</value>
         <object_component_ref idref="oc-fb"/>
      </symbol>
      <symbol id="sm-28c">
         <name>__aeabi_dsub</name>
         <value>0x9d9</value>
         <object_component_ref idref="oc-fb"/>
      </symbol>
      <symbol id="sm-28d">
         <name>__subdf3</name>
         <value>0x9d9</value>
         <object_component_ref idref="oc-fb"/>
      </symbol>
      <symbol id="sm-293">
         <name>__aeabi_dmul</name>
         <value>0x119d</value>
         <object_component_ref idref="oc-f7"/>
      </symbol>
      <symbol id="sm-294">
         <name>__muldf3</name>
         <value>0x119d</value>
         <object_component_ref idref="oc-f7"/>
      </symbol>
      <symbol id="sm-29a">
         <name>__muldsi3</name>
         <value>0x1e39</value>
         <object_component_ref idref="oc-e7"/>
      </symbol>
      <symbol id="sm-2a0">
         <name>__aeabi_fmul</name>
         <value>0x1591</value>
         <object_component_ref idref="oc-9c"/>
      </symbol>
      <symbol id="sm-2a1">
         <name>__mulsf3</name>
         <value>0x1591</value>
         <object_component_ref idref="oc-9c"/>
      </symbol>
      <symbol id="sm-2a7">
         <name>__aeabi_ddiv</name>
         <value>0xda9</value>
         <object_component_ref idref="oc-f3"/>
      </symbol>
      <symbol id="sm-2a8">
         <name>__divdf3</name>
         <value>0xda9</value>
         <object_component_ref idref="oc-f3"/>
      </symbol>
      <symbol id="sm-2ae">
         <name>__aeabi_d2iz</name>
         <value>0x1b2d</value>
         <object_component_ref idref="oc-ff"/>
      </symbol>
      <symbol id="sm-2af">
         <name>__fixdfsi</name>
         <value>0x1b2d</value>
         <object_component_ref idref="oc-ff"/>
      </symbol>
      <symbol id="sm-2b5">
         <name>__aeabi_f2iz</name>
         <value>0x1ead</value>
         <object_component_ref idref="oc-a4"/>
      </symbol>
      <symbol id="sm-2b6">
         <name>__fixsfsi</name>
         <value>0x1ead</value>
         <object_component_ref idref="oc-a4"/>
      </symbol>
      <symbol id="sm-2bc">
         <name>__aeabi_i2d</name>
         <value>0x2229</value>
         <object_component_ref idref="oc-ef"/>
      </symbol>
      <symbol id="sm-2bd">
         <name>__floatsidf</name>
         <value>0x2229</value>
         <object_component_ref idref="oc-ef"/>
      </symbol>
      <symbol id="sm-2c3">
         <name>__aeabi_i2f</name>
         <value>0x1dc1</value>
         <object_component_ref idref="oc-98"/>
      </symbol>
      <symbol id="sm-2c4">
         <name>__floatsisf</name>
         <value>0x1dc1</value>
         <object_component_ref idref="oc-98"/>
      </symbol>
      <symbol id="sm-2ca">
         <name>__aeabi_memcpy</name>
         <value>0x28a1</value>
         <object_component_ref idref="oc-46"/>
      </symbol>
      <symbol id="sm-2cb">
         <name>__aeabi_memcpy4</name>
         <value>0x28a1</value>
         <object_component_ref idref="oc-46"/>
      </symbol>
      <symbol id="sm-2cc">
         <name>__aeabi_memcpy8</name>
         <value>0x28a1</value>
         <object_component_ref idref="oc-46"/>
      </symbol>
      <symbol id="sm-2d2">
         <name>__aeabi_uidiv</name>
         <value>0x1cc9</value>
         <object_component_ref idref="oc-11f"/>
      </symbol>
      <symbol id="sm-2d3">
         <name>__aeabi_uidivmod</name>
         <value>0x1cc9</value>
         <object_component_ref idref="oc-11f"/>
      </symbol>
      <symbol id="sm-2dd">
         <name>__aeabi_idiv0</name>
         <value>0xb6b</value>
         <object_component_ref idref="oc-171"/>
      </symbol>
      <symbol id="sm-2e6">
         <name>TI_memcpy_small</name>
         <value>0x286d</value>
         <object_component_ref idref="oc-b2"/>
      </symbol>
      <symbol id="sm-2e7">
         <name>__TI_static_base__</name>
         <value>0x0</value>
      </symbol>
      <symbol id="sm-2ea">
         <name>__mpu_init</name>
         <value>0x0</value>
      </symbol>
      <symbol id="sm-2eb">
         <name>_system_post_cinit</name>
         <value>0x0</value>
      </symbol>
   </symbol_table>
   <title>Link successful</title>
</link_info>
