******************************************************************************
            TI ARM Clang Linker PC v3.2.2                      
******************************************************************************
>> Linked Fri Jun 21 20:55:46 2024

OUTPUT FILE NAME:   <spi_controller_command_data_control_LP_MSPM0G3507_nortos_ticlang.out>
ENTRY POINT SYMBOL: "_c_int00_noargs"  address: 00000609


MEMORY CONFIGURATION

         name            origin    length      used     unused   attr    fill
----------------------  --------  ---------  --------  --------  ----  --------
  FLASH                 00000000   00020000  00000718  0001f8e8  R  X
  SRAM                  20200000   00008000  0000023e  00007dc2  RW X
  BCR_CONFIG            41c00000   00000080  00000000  00000080  R   
  BSL_CONFIG            41c00100   00000080  00000000  00000080  R   


SEGMENT ALLOCATION MAP

run origin  load origin   length   init length attrs members
----------  ----------- ---------- ----------- ----- -------
00000000    00000000    00000718   00000718    r-x
  00000000    00000000    000000c0   000000c0    r-- .intvecs
  000000c0    000000c0    00000608   00000608    r-x .text
  000006c8    000006c8    00000010   00000010    r-- .rodata
  000006d8    000006d8    00000040   00000040    r-- .cinit
20200000    20200000    0000003e   00000000    rw-
  20200000    20200000    00000028   00000000    rw- .bss
  20200028    20200028    00000016   00000000    rw- .data
20207e00    20207e00    00000200   00000000    rw-
  20207e00    20207e00    00000200   00000000    rw- .stack


SECTION ALLOCATION MAP

 output                                  attributes/
section   page    origin      length       input sections
--------  ----  ----------  ----------   ----------------
.intvecs   0    00000000    000000c0     
                  00000000    000000c0     startup_mspm0g350x_ticlang.o (.intvecs)

.text      0    000000c0    00000608     
                  000000c0    0000029c     spi_controller_command_data_control.o (.text.main)
                  0000035c    0000009a     libc.a : memcpy16.S.obj (.text:memcpy)
                  000003f6    00000002     startup_mspm0g350x_ticlang.o (.text.Default_Handler)
                  000003f8    00000078     libc.a : copy_decompress_lzss.c.obj (.text:decompress:lzss)
                  00000470    0000005c     ti_msp_dl_config.o (.text.SYSCFG_DL_SPI_0_init)
                  000004cc    00000048     driverlib.a : dl_spi.o (.text.DL_SPI_init)
                  00000514    0000003c     libc.a : autoinit.c.obj (.text:__TI_auto_init_nobinit_nopinit)
                  00000550    00000034     ti_msp_dl_config.o (.text.SYSCFG_DL_initPower)
                  00000584    00000030     ti_msp_dl_config.o (.text.SYSCFG_DL_SYSCTL_init)
                  000005b4    0000002c     ti_msp_dl_config.o (.text.SYSCFG_DL_GPIO_init)
                  000005e0    00000028     driverlib.a : dl_spi.o (.text.DL_Common_updateReg)
                  00000608    00000028     libc.a : boot_cortex_m.c.obj (.text:_c_int00_noargs)
                  00000630    00000024     driverlib.a : dl_spi.o (.text.DL_SPI_setClockConfig)
                  00000654    00000020     ti_msp_dl_config.o (.text.SYSCFG_DL_init)
                  00000674    00000016     libc.a : copy_zero_init.c.obj (.text:decompress:ZI:__TI_zero_init_nomemset)
                  0000068a    00000014     driverlib.a : dl_common.o (.text.DL_Common_delayCycles)
                  0000069e    00000012     libc.a : copy_decompress_none.c.obj (.text:decompress:none)
                  000006b0    00000008     libclang_rt.builtins.a : aeabi_memcpy.S.obj (.text.__aeabi_memcpy)
                  000006b8    00000004     startup_mspm0g350x_ticlang.o (.text.Reset_Handler)
                  000006bc    00000004     libc.a : pre_init.c.obj (.text._system_pre_init)
                  000006c0    00000004            : exit.c.obj (.text:abort)
                  000006c4    00000004     --HOLE-- [fill = 0]

.cinit     0    000006d8    00000040     
                  000006d8    0000001c     (.cinit..data.load) [load image, compression = lzss]
                  000006f4    0000000c     (__TI_handler_table)
                  00000700    00000008     (.cinit..bss.load) [load image, compression = zero_init]
                  00000708    00000010     (__TI_cinit_table)

.rodata    0    000006c8    00000010     
                  000006c8    0000000a     ti_msp_dl_config.o (.rodata.gSPI_0_config)
                  000006d2    00000002     ti_msp_dl_config.o (.rodata.gSPI_0_clockConfig)
                  000006d4    00000004     --HOLE-- [fill = 0]

.init_array 
*          0    00000000    00000000     UNINITIALIZED

.binit     0    00000000    00000000     

.bss       0    20200000    00000028     UNINITIALIZED
                  20200000    00000028     (.common:gSPI_0Backup)

.data      0    20200028    00000016     UNINITIALIZED
                  20200028    0000000a     spi_controller_command_data_control.o (.data.gDataType2Buffer)
                  20200032    00000005     spi_controller_command_data_control.o (.data.gCmdType2Buffer)
                  20200037    00000003     spi_controller_command_data_control.o (.data.gCmdType1Buffer)
                  2020003a    00000003     spi_controller_command_data_control.o (.data.gDataType1Buffer)
                  2020003d    00000001     spi_controller_command_data_control.o (.data.gCmdType0Buffer)

.stack     0    20207e00    00000200     UNINITIALIZED
                  20207e00    00000004     libc.a : boot_cortex_m.c.obj (.stack)
                  20207e04    000001fc     --HOLE--

__llvm_prf_cnts 
*          0    20200000    00000000     UNINITIALIZED

__llvm_prf_bits 
*          0    20200000    00000000     UNINITIALIZED

MODULE SUMMARY

       Module                                  code   ro data   rw data
       ------                                  ----   -------   -------
    .\
       spi_controller_command_data_control.o   668    0         22     
       ti_msp_dl_config.o                      268    12        40     
       startup_mspm0g350x_ticlang.o            6      192       0      
    +--+---------------------------------------+------+---------+---------+
       Total:                                  942    204       62     
                                                                       
    C:/ti/mspm0_sdk_2_01_00_03/source/ti/driverlib/lib/ticlang/m0p/mspm0g1x0x_g3x0x/driverlib.a
       dl_spi.o                                148    0         0      
       dl_common.o                             20     0         0      
    +--+---------------------------------------+------+---------+---------+
       Total:                                  168    0         0      
                                                                       
    C:\ti\ccs1271\ccs\tools\compiler\ti-cgt-armllvm_3.2.2.LTS\lib\armv6m-ti-none-eabi/c/libc.a
       memcpy16.S.obj                          154    0         0      
       copy_decompress_lzss.c.obj              120    0         0      
       autoinit.c.obj                          60     0         0      
       boot_cortex_m.c.obj                     40     0         0      
       copy_zero_init.c.obj                    22     0         0      
       copy_decompress_none.c.obj              18     0         0      
       exit.c.obj                              4      0         0      
       pre_init.c.obj                          4      0         0      
    +--+---------------------------------------+------+---------+---------+
       Total:                                  422    0         0      
                                                                       
    C:\ti\ccs1271\ccs\tools\compiler\ti-cgt-armllvm_3.2.2.LTS\lib\clang/15.0.7/lib/armv6m-ti-none-eabi/libclang_rt.builtins.a
       aeabi_memcpy.S.obj                      8      0         0      
    +--+---------------------------------------+------+---------+---------+
       Total:                                  8      0         0      
                                                                       
       Stack:                                  0      0         512    
       Linker Generated:                       0      64        0      
    +--+---------------------------------------+------+---------+---------+
       Grand Total:                            1540   268       574    


LINKER GENERATED COPY TABLES

__TI_cinit_table @ 00000708 records: 2, size/record: 8, table size: 16
	.data: load addr=000006d8, load size=0000001c bytes, run addr=20200028, run size=00000016 bytes, compression=lzss
	.bss: load addr=00000700, load size=00000008 bytes, run addr=20200000, run size=00000028 bytes, compression=zero_init


LINKER GENERATED HANDLER TABLE

__TI_handler_table @ 000006f4 records: 3, size/record: 4, table size: 12
	index: 0, handler: __TI_decompress_lzss
	index: 1, handler: __TI_decompress_none
	index: 2, handler: __TI_zero_init


GLOBAL SYMBOLS: SORTED ALPHABETICALLY BY Name 

address   name                          
-------   ----                          
000003f7  ADC0_IRQHandler               
000003f7  ADC1_IRQHandler               
000003f7  AES_IRQHandler                
000006c0  C$$EXIT                       
000003f7  CANFD0_IRQHandler             
000003f7  DAC0_IRQHandler               
0000068b  DL_Common_delayCycles         
000004cd  DL_SPI_init                   
00000631  DL_SPI_setClockConfig         
000003f7  DMA_IRQHandler                
000003f7  Default_Handler               
000003f7  GROUP0_IRQHandler             
000003f7  GROUP1_IRQHandler             
000003f7  HardFault_Handler             
000003f7  I2C0_IRQHandler               
000003f7  I2C1_IRQHandler               
000003f7  NMI_Handler                   
000003f7  PendSV_Handler                
000003f7  RTC_IRQHandler                
000006b9  Reset_Handler                 
000003f7  SPI0_IRQHandler               
000003f7  SPI1_IRQHandler               
000003f7  SVC_Handler                   
000005b5  SYSCFG_DL_GPIO_init           
00000471  SYSCFG_DL_SPI_0_init          
00000585  SYSCFG_DL_SYSCTL_init         
00000655  SYSCFG_DL_init                
00000551  SYSCFG_DL_initPower           
000003f7  SysTick_Handler               
000003f7  TIMA0_IRQHandler              
000003f7  TIMA1_IRQHandler              
000003f7  TIMG0_IRQHandler              
000003f7  TIMG12_IRQHandler             
000003f7  TIMG6_IRQHandler              
000003f7  TIMG7_IRQHandler              
000003f7  TIMG8_IRQHandler              
000003f7  UART0_IRQHandler              
000003f7  UART1_IRQHandler              
000003f7  UART2_IRQHandler              
000003f7  UART3_IRQHandler              
20208000  __STACK_END                   
00000200  __STACK_SIZE                  
00000000  __TI_ATRegion0_region_sz      
00000000  __TI_ATRegion0_src_addr       
00000000  __TI_ATRegion0_trg_addr       
00000000  __TI_ATRegion1_region_sz      
00000000  __TI_ATRegion1_src_addr       
00000000  __TI_ATRegion1_trg_addr       
00000000  __TI_ATRegion2_region_sz      
00000000  __TI_ATRegion2_src_addr       
00000000  __TI_ATRegion2_trg_addr       
00000708  __TI_CINIT_Base               
00000718  __TI_CINIT_Limit              
00000718  __TI_CINIT_Warm               
000006f4  __TI_Handler_Table_Base       
00000700  __TI_Handler_Table_Limit      
00000515  __TI_auto_init_nobinit_nopinit
000003f9  __TI_decompress_lzss          
0000069f  __TI_decompress_none          
ffffffff  __TI_pprof_out_hndl           
ffffffff  __TI_prof_data_size           
ffffffff  __TI_prof_data_start          
00000000  __TI_static_base__            
00000675  __TI_zero_init_nomemset       
000006b1  __aeabi_memcpy                
000006b1  __aeabi_memcpy4               
000006b1  __aeabi_memcpy8               
ffffffff  __binit__                     
UNDEFED   __mpu_init                    
20207e00  __stack                       
20200000  __start___llvm_prf_bits       
20200000  __start___llvm_prf_cnts       
20200000  __stop___llvm_prf_bits        
20200000  __stop___llvm_prf_cnts        
00000609  _c_int00_noargs               
UNDEFED   _system_post_cinit            
000006bd  _system_pre_init              
000006c1  abort                         
ffffffff  binit                         
2020003d  gCmdType0Buffer               
20200037  gCmdType1Buffer               
20200032  gCmdType2Buffer               
2020003a  gDataType1Buffer              
20200028  gDataType2Buffer              
20200000  gSPI_0Backup                  
00000000  interruptVectors              
000000c1  main                          
0000035d  memcpy                        


GLOBAL SYMBOLS: SORTED BY Symbol Address 

address   name                          
-------   ----                          
00000000  __TI_ATRegion0_region_sz      
00000000  __TI_ATRegion0_src_addr       
00000000  __TI_ATRegion0_trg_addr       
00000000  __TI_ATRegion1_region_sz      
00000000  __TI_ATRegion1_src_addr       
00000000  __TI_ATRegion1_trg_addr       
00000000  __TI_ATRegion2_region_sz      
00000000  __TI_ATRegion2_src_addr       
00000000  __TI_ATRegion2_trg_addr       
00000000  __TI_static_base__            
00000000  interruptVectors              
000000c1  main                          
00000200  __STACK_SIZE                  
0000035d  memcpy                        
000003f7  ADC0_IRQHandler               
000003f7  ADC1_IRQHandler               
000003f7  AES_IRQHandler                
000003f7  CANFD0_IRQHandler             
000003f7  DAC0_IRQHandler               
000003f7  DMA_IRQHandler                
000003f7  Default_Handler               
000003f7  GROUP0_IRQHandler             
000003f7  GROUP1_IRQHandler             
000003f7  HardFault_Handler             
000003f7  I2C0_IRQHandler               
000003f7  I2C1_IRQHandler               
000003f7  NMI_Handler                   
000003f7  PendSV_Handler                
000003f7  RTC_IRQHandler                
000003f7  SPI0_IRQHandler               
000003f7  SPI1_IRQHandler               
000003f7  SVC_Handler                   
000003f7  SysTick_Handler               
000003f7  TIMA0_IRQHandler              
000003f7  TIMA1_IRQHandler              
000003f7  TIMG0_IRQHandler              
000003f7  TIMG12_IRQHandler             
000003f7  TIMG6_IRQHandler              
000003f7  TIMG7_IRQHandler              
000003f7  TIMG8_IRQHandler              
000003f7  UART0_IRQHandler              
000003f7  UART1_IRQHandler              
000003f7  UART2_IRQHandler              
000003f7  UART3_IRQHandler              
000003f9  __TI_decompress_lzss          
00000471  SYSCFG_DL_SPI_0_init          
000004cd  DL_SPI_init                   
00000515  __TI_auto_init_nobinit_nopinit
00000551  SYSCFG_DL_initPower           
00000585  SYSCFG_DL_SYSCTL_init         
000005b5  SYSCFG_DL_GPIO_init           
00000609  _c_int00_noargs               
00000631  DL_SPI_setClockConfig         
00000655  SYSCFG_DL_init                
00000675  __TI_zero_init_nomemset       
0000068b  DL_Common_delayCycles         
0000069f  __TI_decompress_none          
000006b1  __aeabi_memcpy                
000006b1  __aeabi_memcpy4               
000006b1  __aeabi_memcpy8               
000006b9  Reset_Handler                 
000006bd  _system_pre_init              
000006c0  C$$EXIT                       
000006c1  abort                         
000006f4  __TI_Handler_Table_Base       
00000700  __TI_Handler_Table_Limit      
00000708  __TI_CINIT_Base               
00000718  __TI_CINIT_Limit              
00000718  __TI_CINIT_Warm               
20200000  __start___llvm_prf_bits       
20200000  __start___llvm_prf_cnts       
20200000  __stop___llvm_prf_bits        
20200000  __stop___llvm_prf_cnts        
20200000  gSPI_0Backup                  
20200028  gDataType2Buffer              
20200032  gCmdType2Buffer               
20200037  gCmdType1Buffer               
2020003a  gDataType1Buffer              
2020003d  gCmdType0Buffer               
20207e00  __stack                       
20208000  __STACK_END                   
ffffffff  __TI_pprof_out_hndl           
ffffffff  __TI_prof_data_size           
ffffffff  __TI_prof_data_start          
ffffffff  __binit__                     
ffffffff  binit                         
UNDEFED   __mpu_init                    
UNDEFED   _system_post_cinit            

[88 symbols]
