<?xml version="1.0" encoding="ISO-8859-1" ?>
<link_info>
   <banner>TI ARM Clang Linker PC v3.2.2.LTS</banner>
   <copyright>Copyright (c) 1996-2018 Texas Instruments Incorporated</copyright>
   <link_time>0x66940c1d</link_time>
   <link_errors>0x0</link_errors>
   <output_file>E:\desktop\XLS-2\Debug\XLS-2.out</output_file>
   <entry_point>
      <name>_c_int00_noargs</name>
      <address>0x5a55</address>
   </entry_point>
   <input_file_list>
      <input_file id="fl-1">
         <path>E:\desktop\XLS-2\Debug\.\</path>
         <kind>object</kind>
         <file>XLS-2.o</file>
         <name>XLS-2.o</name>
      </input_file>
      <input_file id="fl-2">
         <path>E:\desktop\XLS-2\Debug\.\</path>
         <kind>object</kind>
         <file>ti_msp_dl_config.o</file>
         <name>ti_msp_dl_config.o</name>
      </input_file>
      <input_file id="fl-3">
         <path>E:\desktop\XLS-2\Debug\.\</path>
         <kind>object</kind>
         <file>startup_mspm0g350x_ticlang.o</file>
         <name>startup_mspm0g350x_ticlang.o</name>
      </input_file>
      <input_file id="fl-4">
         <path>E:\desktop\XLS-2\Debug\.\GRAY SENSOR\</path>
         <kind>object</kind>
         <file>gray_sensor.o</file>
         <name>gray_sensor.o</name>
      </input_file>
      <input_file id="fl-5">
         <path>E:\desktop\XLS-2\Debug\.\KEY\</path>
         <kind>object</kind>
         <file>key.o</file>
         <name>key.o</name>
      </input_file>
      <input_file id="fl-6">
         <path>E:\desktop\XLS-2\Debug\.\oled\</path>
         <kind>object</kind>
         <file>oled.o</file>
         <name>oled.o</name>
      </input_file>
      <input_file id="fl-13">
         <path>E:\desktop\XLS-2\Debug\</path>
         <kind>object</kind>
         <file>&lt;internal&gt;</file>
         <name>&lt;internal&gt;</name>
      </input_file>
      <input_file id="fl-14">
         <path>D:\ti\ccs1271\mspm0_sdk_2_01_00_03\source\ti\driverlib\lib\ticlang\m0p\mspm0g1x0x_g3x0x\</path>
         <kind>archive</kind>
         <file>driverlib.a</file>
         <name>dl_common.o</name>
      </input_file>
      <input_file id="fl-15">
         <path>D:\ti\ccs1271\mspm0_sdk_2_01_00_03\source\ti\driverlib\lib\ticlang\m0p\mspm0g1x0x_g3x0x\</path>
         <kind>archive</kind>
         <file>driverlib.a</file>
         <name>dl_spi.o</name>
      </input_file>
      <input_file id="fl-16">
         <path>D:\ti\ccs1271\mspm0_sdk_2_01_00_03\source\ti\driverlib\lib\ticlang\m0p\mspm0g1x0x_g3x0x\</path>
         <kind>archive</kind>
         <file>driverlib.a</file>
         <name>dl_timer.o</name>
      </input_file>
      <input_file id="fl-17">
         <path>D:\ti\ccs1271\mspm0_sdk_2_01_00_03\source\ti\driverlib\lib\ticlang\m0p\mspm0g1x0x_g3x0x\</path>
         <kind>archive</kind>
         <file>driverlib.a</file>
         <name>dl_uart.o</name>
      </input_file>
      <input_file id="fl-26">
         <path>D:\ti\ccstheia140\ccs\tools\compiler\ti-cgt-armllvm_3.2.2.LTS\lib\armv6m-ti-none-eabi\c\</path>
         <kind>archive</kind>
         <file>libc.a</file>
         <name>boot_cortex_m.c.obj</name>
      </input_file>
      <input_file id="fl-27">
         <path>D:\ti\ccstheia140\ccs\tools\compiler\ti-cgt-armllvm_3.2.2.LTS\lib\armv6m-ti-none-eabi\c\</path>
         <kind>archive</kind>
         <file>libc.a</file>
         <name>mathacl_init.c.obj</name>
      </input_file>
      <input_file id="fl-28">
         <path>D:\ti\ccstheia140\ccs\tools\compiler\ti-cgt-armllvm_3.2.2.LTS\lib\armv6m-ti-none-eabi\c\</path>
         <kind>archive</kind>
         <file>libc.a</file>
         <name>autoinit.c.obj</name>
      </input_file>
      <input_file id="fl-29">
         <path>D:\ti\ccstheia140\ccs\tools\compiler\ti-cgt-armllvm_3.2.2.LTS\lib\armv6m-ti-none-eabi\c\</path>
         <kind>archive</kind>
         <file>libc.a</file>
         <name>pre_init.c.obj</name>
      </input_file>
      <input_file id="fl-2a">
         <path>D:\ti\ccstheia140\ccs\tools\compiler\ti-cgt-armllvm_3.2.2.LTS\lib\armv6m-ti-none-eabi\c\</path>
         <kind>archive</kind>
         <file>libc.a</file>
         <name>cpy_tbl.c.obj</name>
      </input_file>
      <input_file id="fl-2b">
         <path>D:\ti\ccstheia140\ccs\tools\compiler\ti-cgt-armllvm_3.2.2.LTS\lib\armv6m-ti-none-eabi\c\</path>
         <kind>archive</kind>
         <file>libc.a</file>
         <name>copy_zero_init.c.obj</name>
      </input_file>
      <input_file id="fl-2c">
         <path>D:\ti\ccstheia140\ccs\tools\compiler\ti-cgt-armllvm_3.2.2.LTS\lib\armv6m-ti-none-eabi\c\</path>
         <kind>archive</kind>
         <file>libc.a</file>
         <name>copy_decompress_none.c.obj</name>
      </input_file>
      <input_file id="fl-2d">
         <path>D:\ti\ccstheia140\ccs\tools\compiler\ti-cgt-armllvm_3.2.2.LTS\lib\armv6m-ti-none-eabi\c\</path>
         <kind>archive</kind>
         <file>libc.a</file>
         <name>copy_decompress_lzss.c.obj</name>
      </input_file>
      <input_file id="fl-2e">
         <path>D:\ti\ccstheia140\ccs\tools\compiler\ti-cgt-armllvm_3.2.2.LTS\lib\armv6m-ti-none-eabi\c\</path>
         <kind>archive</kind>
         <file>libc.a</file>
         <name>exit.c.obj</name>
      </input_file>
      <input_file id="fl-2f">
         <path>D:\ti\ccstheia140\ccs\tools\compiler\ti-cgt-armllvm_3.2.2.LTS\lib\armv6m-ti-none-eabi\c\</path>
         <kind>archive</kind>
         <file>libc.a</file>
         <name>_lock.c.obj</name>
      </input_file>
      <input_file id="fl-30">
         <path>D:\ti\ccstheia140\ccs\tools\compiler\ti-cgt-armllvm_3.2.2.LTS\lib\armv6m-ti-none-eabi\c\</path>
         <kind>archive</kind>
         <file>libc.a</file>
         <name>args_main.c.obj</name>
      </input_file>
      <input_file id="fl-96">
         <path>D:\ti\ccstheia140\ccs\tools\compiler\ti-cgt-armllvm_3.2.2.LTS\lib\clang\15.0.7\lib\armv6m-ti-none-eabi\</path>
         <kind>archive</kind>
         <file>libclang_rt.builtins.a</file>
         <name>adddf3.S.obj</name>
      </input_file>
      <input_file id="fl-97">
         <path>D:\ti\ccstheia140\ccs\tools\compiler\ti-cgt-armllvm_3.2.2.LTS\lib\clang\15.0.7\lib\armv6m-ti-none-eabi\</path>
         <kind>archive</kind>
         <file>libclang_rt.builtins.a</file>
         <name>muldf3.S.obj</name>
      </input_file>
      <input_file id="fl-98">
         <path>D:\ti\ccstheia140\ccs\tools\compiler\ti-cgt-armllvm_3.2.2.LTS\lib\clang\15.0.7\lib\armv6m-ti-none-eabi\</path>
         <kind>archive</kind>
         <file>libclang_rt.builtins.a</file>
         <name>muldsi3.S.obj</name>
      </input_file>
      <input_file id="fl-99">
         <path>D:\ti\ccstheia140\ccs\tools\compiler\ti-cgt-armllvm_3.2.2.LTS\lib\clang\15.0.7\lib\armv6m-ti-none-eabi\</path>
         <kind>archive</kind>
         <file>libclang_rt.builtins.a</file>
         <name>fixunsdfsi.S.obj</name>
      </input_file>
      <input_file id="fl-9a">
         <path>D:\ti\ccstheia140\ccs\tools\compiler\ti-cgt-armllvm_3.2.2.LTS\lib\clang\15.0.7\lib\armv6m-ti-none-eabi\</path>
         <kind>archive</kind>
         <file>libclang_rt.builtins.a</file>
         <name>floatsidf.S.obj</name>
      </input_file>
      <input_file id="fl-9b">
         <path>D:\ti\ccstheia140\ccs\tools\compiler\ti-cgt-armllvm_3.2.2.LTS\lib\clang\15.0.7\lib\armv6m-ti-none-eabi\</path>
         <kind>archive</kind>
         <file>libclang_rt.builtins.a</file>
         <name>aeabi_idivmod.S.obj</name>
      </input_file>
      <input_file id="fl-9c">
         <path>D:\ti\ccstheia140\ccs\tools\compiler\ti-cgt-armllvm_3.2.2.LTS\lib\clang\15.0.7\lib\armv6m-ti-none-eabi\</path>
         <kind>archive</kind>
         <file>libclang_rt.builtins.a</file>
         <name>aeabi_memcpy.S.obj</name>
      </input_file>
      <input_file id="fl-9d">
         <path>D:\ti\ccstheia140\ccs\tools\compiler\ti-cgt-armllvm_3.2.2.LTS\lib\clang\15.0.7\lib\armv6m-ti-none-eabi\</path>
         <kind>archive</kind>
         <file>libclang_rt.builtins.a</file>
         <name>aeabi_memset.S.obj</name>
      </input_file>
      <input_file id="fl-9e">
         <path>D:\ti\ccstheia140\ccs\tools\compiler\ti-cgt-armllvm_3.2.2.LTS\lib\clang\15.0.7\lib\armv6m-ti-none-eabi\</path>
         <kind>archive</kind>
         <file>libclang_rt.builtins.a</file>
         <name>aeabi_uidivmod.S.obj</name>
      </input_file>
      <input_file id="fl-9f">
         <path>D:\ti\ccstheia140\ccs\tools\compiler\ti-cgt-armllvm_3.2.2.LTS\lib\clang\15.0.7\lib\armv6m-ti-none-eabi\</path>
         <kind>archive</kind>
         <file>libclang_rt.builtins.a</file>
         <name>aeabi_div0.c.obj</name>
      </input_file>
      <input_file id="fl-a0">
         <path>D:\ti\ccstheia140\ccs\tools\compiler\ti-cgt-armllvm_3.2.2.LTS\lib\armv6m-ti-none-eabi\c\</path>
         <kind>archive</kind>
         <file>libc.a</file>
         <name>memcpy16.S.obj</name>
      </input_file>
      <input_file id="fl-a1">
         <path>D:\ti\ccstheia140\ccs\tools\compiler\ti-cgt-armllvm_3.2.2.LTS\lib\armv6m-ti-none-eabi\c\</path>
         <kind>archive</kind>
         <file>libc.a</file>
         <name>memset16.S.obj</name>
      </input_file>
   </input_file_list>
   <object_component_list>
      <object_component id="oc-18">
         <name>.intvecs</name>
         <load_address>0x0</load_address>
         <readonly>true</readonly>
         <run_address>0x0</run_address>
         <size>0xc0</size>
         <alignment>0x4</alignment>
         <input_file_ref idref="fl-3"/>
      </object_component>
      <object_component id="oc-b4">
         <name>.text.GetRedClosetoCircle</name>
         <load_address>0xc0</load_address>
         <readonly>true</readonly>
         <executable>true</executable>
         <run_address>0xc0</run_address>
         <size>0x2a38</size>
         <alignment>0x4</alignment>
         <input_file_ref idref="fl-1"/>
      </object_component>
      <object_component id="oc-72">
         <name>.text.main</name>
         <load_address>0x2af8</load_address>
         <readonly>true</readonly>
         <executable>true</executable>
         <run_address>0x2af8</run_address>
         <size>0xc50</size>
         <alignment>0x4</alignment>
         <input_file_ref idref="fl-1"/>
      </object_component>
      <object_component id="oc-b6">
         <name>.text.BackwardRunning</name>
         <load_address>0x3748</load_address>
         <readonly>true</readonly>
         <executable>true</executable>
         <run_address>0x3748</run_address>
         <size>0x554</size>
         <alignment>0x4</alignment>
         <input_file_ref idref="fl-1"/>
      </object_component>
      <object_component id="oc-b5">
         <name>.text.ForwardRunning</name>
         <load_address>0x3c9c</load_address>
         <readonly>true</readonly>
         <executable>true</executable>
         <run_address>0x3c9c</run_address>
         <size>0x550</size>
         <alignment>0x4</alignment>
         <input_file_ref idref="fl-1"/>
      </object_component>
      <object_component id="oc-96">
         <name>.text.key_read</name>
         <load_address>0x41ec</load_address>
         <readonly>true</readonly>
         <executable>true</executable>
         <run_address>0x41ec</run_address>
         <size>0x230</size>
         <alignment>0x4</alignment>
         <input_file_ref idref="fl-5"/>
      </object_component>
      <object_component id="oc-10d">
         <name>.text.adddf3_subdf3</name>
         <load_address>0x441c</load_address>
         <readonly>true</readonly>
         <executable>true</executable>
         <run_address>0x441c</run_address>
         <size>0x192</size>
         <alignment>0x4</alignment>
         <input_file_ref idref="fl-96"/>
      </object_component>
      <object_component id="oc-ff">
         <name>.text.__aeabi_idiv0</name>
         <load_address>0x45ae</load_address>
         <readonly>true</readonly>
         <executable>true</executable>
         <run_address>0x45ae</run_address>
         <size>0x2</size>
         <alignment>0x2</alignment>
         <input_file_ref idref="fl-9f"/>
      </object_component>
      <object_component id="oc-db">
         <name>.text.SYSCFG_DL_GPIO_init</name>
         <load_address>0x45b0</load_address>
         <readonly>true</readonly>
         <executable>true</executable>
         <run_address>0x45b0</run_address>
         <size>0x17c</size>
         <alignment>0x4</alignment>
         <input_file_ref idref="fl-2"/>
      </object_component>
      <object_component id="oc-8e">
         <name>.text.OLED_Init</name>
         <load_address>0x472c</load_address>
         <readonly>true</readonly>
         <executable>true</executable>
         <run_address>0x472c</run_address>
         <size>0x12c</size>
         <alignment>0x4</alignment>
         <input_file_ref idref="fl-6"/>
      </object_component>
      <object_component id="oc-139">
         <name>.text.DL_Timer_initPWMMode</name>
         <load_address>0x4858</load_address>
         <readonly>true</readonly>
         <executable>true</executable>
         <run_address>0x4858</run_address>
         <size>0x110</size>
         <alignment>0x4</alignment>
         <input_file_ref idref="fl-16"/>
      </object_component>
      <object_component id="oc-140">
         <name>.text.DL_TimerA_initPWMMode</name>
         <load_address>0x4968</load_address>
         <readonly>true</readonly>
         <executable>true</executable>
         <run_address>0x4968</run_address>
         <size>0xec</size>
         <alignment>0x4</alignment>
         <input_file_ref idref="fl-16"/>
      </object_component>
      <object_component id="oc-109">
         <name>.text.__muldf3</name>
         <load_address>0x4a54</load_address>
         <readonly>true</readonly>
         <executable>true</executable>
         <run_address>0x4a54</run_address>
         <size>0xe4</size>
         <alignment>0x4</alignment>
         <input_file_ref idref="fl-97"/>
      </object_component>
      <object_component id="oc-9b">
         <name>.text.OLED_ShowNum</name>
         <load_address>0x4b38</load_address>
         <readonly>true</readonly>
         <executable>true</executable>
         <run_address>0x4b38</run_address>
         <size>0xd4</size>
         <alignment>0x2</alignment>
         <input_file_ref idref="fl-6"/>
      </object_component>
      <object_component id="oc-ec">
         <name>.text.OLED_ShowChar</name>
         <load_address>0x4c0c</load_address>
         <readonly>true</readonly>
         <executable>true</executable>
         <run_address>0x4c0c</run_address>
         <size>0xc8</size>
         <alignment>0x4</alignment>
         <input_file_ref idref="fl-6"/>
      </object_component>
      <object_component id="oc-34">
         <name>.text.UART3_IRQHandler</name>
         <load_address>0x4cd4</load_address>
         <readonly>true</readonly>
         <executable>true</executable>
         <run_address>0x4cd4</run_address>
         <size>0xc0</size>
         <alignment>0x4</alignment>
         <input_file_ref idref="fl-1"/>
      </object_component>
      <object_component id="oc-da">
         <name>.text.SYSCFG_DL_initPower</name>
         <load_address>0x4d94</load_address>
         <readonly>true</readonly>
         <executable>true</executable>
         <run_address>0x4d94</run_address>
         <size>0x8c</size>
         <alignment>0x4</alignment>
         <input_file_ref idref="fl-2"/>
      </object_component>
      <object_component id="oc-df">
         <name>.text.SYSCFG_DL_PWM_DUOJI_init</name>
         <load_address>0x4e20</load_address>
         <readonly>true</readonly>
         <executable>true</executable>
         <run_address>0x4e20</run_address>
         <size>0x84</size>
         <alignment>0x4</alignment>
         <input_file_ref idref="fl-2"/>
      </object_component>
      <object_component id="oc-dd">
         <name>.text.SYSCFG_DL_PWM_MOTOR_init</name>
         <load_address>0x4ea4</load_address>
         <readonly>true</readonly>
         <executable>true</executable>
         <run_address>0x4ea4</run_address>
         <size>0x84</size>
         <alignment>0x4</alignment>
         <input_file_ref idref="fl-2"/>
      </object_component>
      <object_component id="oc-14a">
         <name>.text.__NVIC_SetPriority</name>
         <load_address>0x4f28</load_address>
         <readonly>true</readonly>
         <executable>true</executable>
         <run_address>0x4f28</run_address>
         <size>0x84</size>
         <alignment>0x4</alignment>
         <input_file_ref idref="fl-2"/>
      </object_component>
      <object_component id="oc-1c">
         <name>.text:decompress:lzss</name>
         <load_address>0x4fac</load_address>
         <readonly>true</readonly>
         <executable>true</executable>
         <run_address>0x4fac</run_address>
         <size>0x78</size>
         <alignment>0x4</alignment>
         <input_file_ref idref="fl-2d"/>
      </object_component>
      <object_component id="oc-93">
         <name>.text.OLED_Clear</name>
         <load_address>0x5024</load_address>
         <readonly>true</readonly>
         <executable>true</executable>
         <run_address>0x5024</run_address>
         <size>0x6a</size>
         <alignment>0x2</alignment>
         <input_file_ref idref="fl-6"/>
      </object_component>
      <object_component id="oc-94">
         <name>.text.OLED_ShowString</name>
         <load_address>0x508e</load_address>
         <readonly>true</readonly>
         <executable>true</executable>
         <run_address>0x508e</run_address>
         <size>0x68</size>
         <alignment>0x2</alignment>
         <input_file_ref idref="fl-6"/>
      </object_component>
      <object_component id="oc-9f">
         <name>.text.gray_serial_backward_read</name>
         <load_address>0x50f8</load_address>
         <readonly>true</readonly>
         <executable>true</executable>
         <run_address>0x50f8</run_address>
         <size>0x68</size>
         <alignment>0x4</alignment>
         <input_file_ref idref="fl-4"/>
      </object_component>
      <object_component id="oc-a7">
         <name>.text.gray_serial_forward_read</name>
         <load_address>0x5160</load_address>
         <readonly>true</readonly>
         <executable>true</executable>
         <run_address>0x5160</run_address>
         <size>0x68</size>
         <alignment>0x4</alignment>
         <input_file_ref idref="fl-4"/>
      </object_component>
      <object_component id="oc-e8">
         <name>.text.OLED_WR_Byte</name>
         <load_address>0x51c8</load_address>
         <readonly>true</readonly>
         <executable>true</executable>
         <run_address>0x51c8</run_address>
         <size>0x58</size>
         <alignment>0x4</alignment>
         <input_file_ref idref="fl-6"/>
      </object_component>
      <object_component id="oc-de">
         <name>.text.SYSCFG_DL_PWM_JIGUANG_init</name>
         <load_address>0x5220</load_address>
         <readonly>true</readonly>
         <executable>true</executable>
         <run_address>0x5220</run_address>
         <size>0x58</size>
         <alignment>0x4</alignment>
         <input_file_ref idref="fl-2"/>
      </object_component>
      <object_component id="oc-ab">
         <name>.text.__aeabi_idivmod</name>
         <load_address>0x5278</load_address>
         <readonly>true</readonly>
         <executable>true</executable>
         <run_address>0x5278</run_address>
         <size>0x56</size>
         <alignment>0x4</alignment>
         <input_file_ref idref="fl-9b"/>
      </object_component>
      <object_component id="oc-e0">
         <name>.text.SYSCFG_DL_UART_OPENMV_init</name>
         <load_address>0x52d0</load_address>
         <readonly>true</readonly>
         <executable>true</executable>
         <run_address>0x52d0</run_address>
         <size>0x54</size>
         <alignment>0x4</alignment>
         <input_file_ref idref="fl-2"/>
      </object_component>
      <object_component id="oc-146">
         <name>.text.DL_UART_init</name>
         <load_address>0x5324</load_address>
         <readonly>true</readonly>
         <executable>true</executable>
         <run_address>0x5324</run_address>
         <size>0x4c</size>
         <alignment>0x4</alignment>
         <input_file_ref idref="fl-17"/>
      </object_component>
      <object_component id="oc-148">
         <name>.text.DL_UART_setBaudRateDivisor</name>
         <load_address>0x5370</load_address>
         <readonly>true</readonly>
         <executable>true</executable>
         <run_address>0x5370</run_address>
         <size>0x4c</size>
         <alignment>0x4</alignment>
         <input_file_ref idref="fl-2"/>
      </object_component>
      <object_component id="oc-14f">
         <name>.text.DL_SPI_init</name>
         <load_address>0x53bc</load_address>
         <readonly>true</readonly>
         <executable>true</executable>
         <run_address>0x53bc</run_address>
         <size>0x48</size>
         <alignment>0x4</alignment>
         <input_file_ref idref="fl-15"/>
      </object_component>
      <object_component id="oc-87">
         <name>.text.SYSCFG_DL_init</name>
         <load_address>0x5404</load_address>
         <readonly>true</readonly>
         <executable>true</executable>
         <run_address>0x5404</run_address>
         <size>0x44</size>
         <alignment>0x4</alignment>
         <input_file_ref idref="fl-2"/>
      </object_component>
      <object_component id="oc-ed">
         <name>.text.key_scan</name>
         <load_address>0x5448</load_address>
         <readonly>true</readonly>
         <executable>true</executable>
         <run_address>0x5448</run_address>
         <size>0x44</size>
         <alignment>0x4</alignment>
         <input_file_ref idref="fl-5"/>
      </object_component>
      <object_component id="oc-111">
         <name>.text.__fixunsdfsi</name>
         <load_address>0x548c</load_address>
         <readonly>true</readonly>
         <executable>true</executable>
         <run_address>0x548c</run_address>
         <size>0x42</size>
         <alignment>0x4</alignment>
         <input_file_ref idref="fl-99"/>
      </object_component>
      <object_component id="oc-13a">
         <name>.text.DL_Timer_setCaptureCompareOutCtl</name>
         <load_address>0x54d0</load_address>
         <readonly>true</readonly>
         <executable>true</executable>
         <run_address>0x54d0</run_address>
         <size>0x40</size>
         <alignment>0x4</alignment>
         <input_file_ref idref="fl-16"/>
      </object_component>
      <object_component id="oc-e1">
         <name>.text.SYSCFG_DL_SPI_0_init</name>
         <load_address>0x5510</load_address>
         <readonly>true</readonly>
         <executable>true</executable>
         <run_address>0x5510</run_address>
         <size>0x40</size>
         <alignment>0x4</alignment>
         <input_file_ref idref="fl-2"/>
      </object_component>
      <object_component id="oc-f4">
         <name>.text.__aeabi_uidivmod</name>
         <load_address>0x5550</load_address>
         <readonly>true</readonly>
         <executable>true</executable>
         <run_address>0x5550</run_address>
         <size>0x40</size>
         <alignment>0x4</alignment>
         <input_file_ref idref="fl-9e"/>
      </object_component>
      <object_component id="oc-e9">
         <name>.text.OLED_Set_Pos</name>
         <load_address>0x5590</load_address>
         <readonly>true</readonly>
         <executable>true</executable>
         <run_address>0x5590</run_address>
         <size>0x3e</size>
         <alignment>0x2</alignment>
         <input_file_ref idref="fl-6"/>
      </object_component>
      <object_component id="oc-174">
         <name>.text.DL_Timer_setCaptureCompareCtl</name>
         <load_address>0x55d0</load_address>
         <readonly>true</readonly>
         <executable>true</executable>
         <run_address>0x55d0</run_address>
         <size>0x3c</size>
         <alignment>0x4</alignment>
         <input_file_ref idref="fl-16"/>
      </object_component>
      <object_component id="oc-c1">
         <name>.text:__TI_auto_init_nobinit_nopinit</name>
         <load_address>0x560c</load_address>
         <readonly>true</readonly>
         <executable>true</executable>
         <run_address>0x560c</run_address>
         <size>0x3c</size>
         <alignment>0x4</alignment>
         <input_file_ref idref="fl-28"/>
      </object_component>
      <object_component id="oc-160">
         <name>.text.__muldsi3</name>
         <load_address>0x5648</load_address>
         <readonly>true</readonly>
         <executable>true</executable>
         <run_address>0x5648</run_address>
         <size>0x3a</size>
         <alignment>0x4</alignment>
         <input_file_ref idref="fl-98"/>
      </object_component>
      <object_component id="oc-12f">
         <name>.text.DL_GPIO_initDigitalInputFeatures</name>
         <load_address>0x5684</load_address>
         <readonly>true</readonly>
         <executable>true</executable>
         <run_address>0x5684</run_address>
         <size>0x34</size>
         <alignment>0x4</alignment>
         <input_file_ref idref="fl-2"/>
      </object_component>
      <object_component id="oc-13b">
         <name>.text.DL_Timer_setCaptCompUpdateMethod</name>
         <load_address>0x56b8</load_address>
         <readonly>true</readonly>
         <executable>true</executable>
         <run_address>0x56b8</run_address>
         <size>0x34</size>
         <alignment>0x4</alignment>
         <input_file_ref idref="fl-16"/>
      </object_component>
      <object_component id="oc-172">
         <name>.text.DL_Timer_setCaptureCompareAction</name>
         <load_address>0x56ec</load_address>
         <readonly>true</readonly>
         <executable>true</executable>
         <run_address>0x56ec</run_address>
         <size>0x34</size>
         <alignment>0x4</alignment>
         <input_file_ref idref="fl-16"/>
      </object_component>
      <object_component id="oc-175">
         <name>.text.DL_Timer_setCaptureCompareInput</name>
         <load_address>0x5720</load_address>
         <readonly>true</readonly>
         <executable>true</executable>
         <run_address>0x5720</run_address>
         <size>0x34</size>
         <alignment>0x2</alignment>
         <input_file_ref idref="fl-16"/>
      </object_component>
      <object_component id="oc-138">
         <name>.text.DL_Timer_setClockConfig</name>
         <load_address>0x5754</load_address>
         <readonly>true</readonly>
         <executable>true</executable>
         <run_address>0x5754</run_address>
         <size>0x34</size>
         <alignment>0x4</alignment>
         <input_file_ref idref="fl-16"/>
      </object_component>
      <object_component id="oc-a4">
         <name>.text.extractSensorData</name>
         <load_address>0x5788</load_address>
         <readonly>true</readonly>
         <executable>true</executable>
         <run_address>0x5788</run_address>
         <size>0x34</size>
         <alignment>0x2</alignment>
         <input_file_ref idref="fl-4"/>
      </object_component>
      <object_component id="oc-130">
         <name>.text.DL_GPIO_initDigitalOutputFeatures</name>
         <load_address>0x57bc</load_address>
         <readonly>true</readonly>
         <executable>true</executable>
         <run_address>0x57bc</run_address>
         <size>0x30</size>
         <alignment>0x4</alignment>
         <input_file_ref idref="fl-2"/>
      </object_component>
      <object_component id="oc-151">
         <name>.text.DL_SPI_setFIFOThreshold</name>
         <load_address>0x57ec</load_address>
         <readonly>true</readonly>
         <executable>true</executable>
         <run_address>0x57ec</run_address>
         <size>0x30</size>
         <alignment>0x4</alignment>
         <input_file_ref idref="fl-2"/>
      </object_component>
      <object_component id="oc-157">
         <name>.text.OLED_DC</name>
         <load_address>0x581c</load_address>
         <readonly>true</readonly>
         <executable>true</executable>
         <run_address>0x581c</run_address>
         <size>0x30</size>
         <alignment>0x4</alignment>
         <input_file_ref idref="fl-6"/>
      </object_component>
      <object_component id="oc-e7">
         <name>.text.OLED_RES</name>
         <load_address>0x584c</load_address>
         <readonly>true</readonly>
         <executable>true</executable>
         <run_address>0x584c</run_address>
         <size>0x30</size>
         <alignment>0x4</alignment>
         <input_file_ref idref="fl-6"/>
      </object_component>
      <object_component id="oc-aa">
         <name>.text.Serial_GetRxFlag</name>
         <load_address>0x587c</load_address>
         <readonly>true</readonly>
         <executable>true</executable>
         <run_address>0x587c</run_address>
         <size>0x30</size>
         <alignment>0x4</alignment>
         <input_file_ref idref="fl-1"/>
      </object_component>
      <object_component id="oc-f3">
         <name>.text.oled_pow</name>
         <load_address>0x58ac</load_address>
         <readonly>true</readonly>
         <executable>true</executable>
         <run_address>0x58ac</run_address>
         <size>0x30</size>
         <alignment>0x2</alignment>
         <input_file_ref idref="fl-6"/>
      </object_component>
      <object_component id="oc-9e">
         <name>.text.DL_Timer_setCaptureCompareValue</name>
         <load_address>0x58dc</load_address>
         <readonly>true</readonly>
         <executable>true</executable>
         <run_address>0x58dc</run_address>
         <size>0x2c</size>
         <alignment>0x4</alignment>
         <input_file_ref idref="fl-16"/>
      </object_component>
      <object_component id="oc-8c">
         <name>.text.__NVIC_ClearPendingIRQ</name>
         <load_address>0x5908</load_address>
         <readonly>true</readonly>
         <executable>true</executable>
         <run_address>0x5908</run_address>
         <size>0x2c</size>
         <alignment>0x4</alignment>
         <input_file_ref idref="fl-1"/>
      </object_component>
      <object_component id="oc-8d">
         <name>.text.__NVIC_EnableIRQ</name>
         <load_address>0x5934</load_address>
         <readonly>true</readonly>
         <executable>true</executable>
         <run_address>0x5934</run_address>
         <size>0x2c</size>
         <alignment>0x4</alignment>
         <input_file_ref idref="fl-1"/>
      </object_component>
      <object_component id="oc-105">
         <name>.text.__floatsidf</name>
         <load_address>0x5960</load_address>
         <readonly>true</readonly>
         <executable>true</executable>
         <run_address>0x5960</run_address>
         <size>0x2c</size>
         <alignment>0x4</alignment>
         <input_file_ref idref="fl-9a"/>
      </object_component>
      <object_component id="oc-179">
         <name>.text.DL_Common_updateReg</name>
         <load_address>0x598c</load_address>
         <readonly>true</readonly>
         <executable>true</executable>
         <run_address>0x598c</run_address>
         <size>0x28</size>
         <alignment>0x2</alignment>
         <input_file_ref idref="fl-15"/>
      </object_component>
      <object_component id="oc-176">
         <name>.text.DL_Common_updateReg</name>
         <load_address>0x59b4</load_address>
         <readonly>true</readonly>
         <executable>true</executable>
         <run_address>0x59b4</run_address>
         <size>0x28</size>
         <alignment>0x2</alignment>
         <input_file_ref idref="fl-16"/>
      </object_component>
      <object_component id="oc-178">
         <name>.text.DL_Common_updateReg</name>
         <load_address>0x59dc</load_address>
         <readonly>true</readonly>
         <executable>true</executable>
         <run_address>0x59dc</run_address>
         <size>0x28</size>
         <alignment>0x2</alignment>
         <input_file_ref idref="fl-17"/>
      </object_component>
      <object_component id="oc-170">
         <name>.text.DL_Common_updateReg</name>
         <load_address>0x5a04</load_address>
         <readonly>true</readonly>
         <executable>true</executable>
         <run_address>0x5a04</run_address>
         <size>0x28</size>
         <alignment>0x2</alignment>
         <input_file_ref idref="fl-2"/>
      </object_component>
      <object_component id="oc-a9">
         <name>.text.DL_UART_transmitDataBlocking</name>
         <load_address>0x5a2c</load_address>
         <readonly>true</readonly>
         <executable>true</executable>
         <run_address>0x5a2c</run_address>
         <size>0x28</size>
         <alignment>0x2</alignment>
         <input_file_ref idref="fl-17"/>
      </object_component>
      <object_component id="oc-54">
         <name>.text:_c_int00_noargs</name>
         <load_address>0x5a54</load_address>
         <readonly>true</readonly>
         <executable>true</executable>
         <run_address>0x5a54</run_address>
         <size>0x28</size>
         <alignment>0x4</alignment>
         <input_file_ref idref="fl-26"/>
      </object_component>
      <object_component id="oc-150">
         <name>.text.DL_SPI_setBitRateSerialClockDivider</name>
         <load_address>0x5a7c</load_address>
         <readonly>true</readonly>
         <executable>true</executable>
         <run_address>0x5a7c</run_address>
         <size>0x24</size>
         <alignment>0x4</alignment>
         <input_file_ref idref="fl-2"/>
      </object_component>
      <object_component id="oc-14e">
         <name>.text.DL_SPI_setClockConfig</name>
         <load_address>0x5aa0</load_address>
         <readonly>true</readonly>
         <executable>true</executable>
         <run_address>0x5aa0</run_address>
         <size>0x24</size>
         <alignment>0x4</alignment>
         <input_file_ref idref="fl-15"/>
      </object_component>
      <object_component id="oc-145">
         <name>.text.DL_UART_setClockConfig</name>
         <load_address>0x5ac4</load_address>
         <readonly>true</readonly>
         <executable>true</executable>
         <run_address>0x5ac4</run_address>
         <size>0x24</size>
         <alignment>0x4</alignment>
         <input_file_ref idref="fl-17"/>
      </object_component>
      <object_component id="oc-12d">
         <name>.text.DL_GPIO_initPeripheralInputFunction</name>
         <load_address>0x5ae8</load_address>
         <readonly>true</readonly>
         <executable>true</executable>
         <run_address>0x5ae8</run_address>
         <size>0x20</size>
         <alignment>0x4</alignment>
         <input_file_ref idref="fl-2"/>
      </object_component>
      <object_component id="oc-173">
         <name>.text.DL_Timer_setCounterValueAfterEnable</name>
         <load_address>0x5b08</load_address>
         <readonly>true</readonly>
         <executable>true</executable>
         <run_address>0x5b08</run_address>
         <size>0x20</size>
         <alignment>0x4</alignment>
         <input_file_ref idref="fl-16"/>
      </object_component>
      <object_component id="oc-147">
         <name>.text.DL_UART_setOversampling</name>
         <load_address>0x5b28</load_address>
         <readonly>true</readonly>
         <executable>true</executable>
         <run_address>0x5b28</run_address>
         <size>0x1e</size>
         <alignment>0x2</alignment>
         <input_file_ref idref="fl-2"/>
      </object_component>
      <object_component id="oc-dc">
         <name>.text.SYSCFG_DL_SYSCTL_init</name>
         <load_address>0x5b46</load_address>
         <readonly>true</readonly>
         <executable>true</executable>
         <run_address>0x5b46</run_address>
         <size>0x1e</size>
         <alignment>0x2</alignment>
         <input_file_ref idref="fl-2"/>
      </object_component>
      <object_component id="oc-131">
         <name>.text.DL_GPIO_initDigitalInput</name>
         <load_address>0x5b64</load_address>
         <readonly>true</readonly>
         <executable>true</executable>
         <run_address>0x5b64</run_address>
         <size>0x1c</size>
         <alignment>0x4</alignment>
         <input_file_ref idref="fl-2"/>
      </object_component>
      <object_component id="oc-12b">
         <name>.text.DL_GPIO_initPeripheralOutputFunction</name>
         <load_address>0x5b80</load_address>
         <readonly>true</readonly>
         <executable>true</executable>
         <run_address>0x5b80</run_address>
         <size>0x1c</size>
         <alignment>0x4</alignment>
         <input_file_ref idref="fl-2"/>
      </object_component>
      <object_component id="oc-135">
         <name>.text.DL_SYSCTL_setSYSOSCFreq</name>
         <load_address>0x5b9c</load_address>
         <readonly>true</readonly>
         <executable>true</executable>
         <run_address>0x5b9c</run_address>
         <size>0x1c</size>
         <alignment>0x4</alignment>
         <input_file_ref idref="fl-2"/>
      </object_component>
      <object_component id="oc-149">
         <name>.text.DL_UART_enableInterrupt</name>
         <load_address>0x5bb8</load_address>
         <readonly>true</readonly>
         <executable>true</executable>
         <run_address>0x5bb8</run_address>
         <size>0x1c</size>
         <alignment>0x4</alignment>
         <input_file_ref idref="fl-2"/>
      </object_component>
      <object_component id="oc-12c">
         <name>.text.DL_GPIO_enableOutput</name>
         <load_address>0x5bd4</load_address>
         <readonly>true</readonly>
         <executable>true</executable>
         <run_address>0x5bd4</run_address>
         <size>0x18</size>
         <alignment>0x4</alignment>
         <input_file_ref idref="fl-2"/>
      </object_component>
      <object_component id="oc-127">
         <name>.text.DL_GPIO_enablePower</name>
         <load_address>0x5bec</load_address>
         <readonly>true</readonly>
         <executable>true</executable>
         <run_address>0x5bec</run_address>
         <size>0x18</size>
         <alignment>0x4</alignment>
         <input_file_ref idref="fl-2"/>
      </object_component>
      <object_component id="oc-12e">
         <name>.text.DL_GPIO_initDigitalOutput</name>
         <load_address>0x5c04</load_address>
         <readonly>true</readonly>
         <executable>true</executable>
         <run_address>0x5c04</run_address>
         <size>0x18</size>
         <alignment>0x4</alignment>
         <input_file_ref idref="fl-2"/>
      </object_component>
      <object_component id="oc-123">
         <name>.text.DL_GPIO_reset</name>
         <load_address>0x5c1c</load_address>
         <readonly>true</readonly>
         <executable>true</executable>
         <run_address>0x5c1c</run_address>
         <size>0x18</size>
         <alignment>0x4</alignment>
         <input_file_ref idref="fl-2"/>
      </object_component>
      <object_component id="oc-b0">
         <name>.text.DL_GPIO_setPins</name>
         <load_address>0x5c34</load_address>
         <readonly>true</readonly>
         <executable>true</executable>
         <run_address>0x5c34</run_address>
         <size>0x18</size>
         <alignment>0x4</alignment>
         <input_file_ref idref="fl-1"/>
      </object_component>
      <object_component id="oc-fa">
         <name>.text.DL_GPIO_setPins</name>
         <load_address>0x5c4c</load_address>
         <readonly>true</readonly>
         <executable>true</executable>
         <run_address>0x5c4c</run_address>
         <size>0x18</size>
         <alignment>0x4</alignment>
         <input_file_ref idref="fl-4"/>
      </object_component>
      <object_component id="oc-ee">
         <name>.text.DL_GPIO_setPins</name>
         <load_address>0x5c64</load_address>
         <readonly>true</readonly>
         <executable>true</executable>
         <run_address>0x5c64</run_address>
         <size>0x18</size>
         <alignment>0x4</alignment>
         <input_file_ref idref="fl-5"/>
      </object_component>
      <object_component id="oc-156">
         <name>.text.DL_GPIO_setPins</name>
         <load_address>0x5c7c</load_address>
         <readonly>true</readonly>
         <executable>true</executable>
         <run_address>0x5c7c</run_address>
         <size>0x18</size>
         <alignment>0x4</alignment>
         <input_file_ref idref="fl-6"/>
      </object_component>
      <object_component id="oc-133">
         <name>.text.DL_GPIO_setPins</name>
         <load_address>0x5c94</load_address>
         <readonly>true</readonly>
         <executable>true</executable>
         <run_address>0x5c94</run_address>
         <size>0x18</size>
         <alignment>0x4</alignment>
         <input_file_ref idref="fl-2"/>
      </object_component>
      <object_component id="oc-5c">
         <name>.text.DL_GPIO_togglePins</name>
         <load_address>0x5cac</load_address>
         <readonly>true</readonly>
         <executable>true</executable>
         <run_address>0x5cac</run_address>
         <size>0x18</size>
         <alignment>0x4</alignment>
         <input_file_ref idref="fl-1"/>
      </object_component>
      <object_component id="oc-152">
         <name>.text.DL_SPI_enable</name>
         <load_address>0x5cc4</load_address>
         <readonly>true</readonly>
         <executable>true</executable>
         <run_address>0x5cc4</run_address>
         <size>0x18</size>
         <alignment>0x4</alignment>
         <input_file_ref idref="fl-2"/>
      </object_component>
      <object_component id="oc-12a">
         <name>.text.DL_SPI_enablePower</name>
         <load_address>0x5cdc</load_address>
         <readonly>true</readonly>
         <executable>true</executable>
         <run_address>0x5cdc</run_address>
         <size>0x18</size>
         <alignment>0x4</alignment>
         <input_file_ref idref="fl-2"/>
      </object_component>
      <object_component id="oc-158">
         <name>.text.DL_SPI_isBusy</name>
         <load_address>0x5cf4</load_address>
         <readonly>true</readonly>
         <executable>true</executable>
         <run_address>0x5cf4</run_address>
         <size>0x18</size>
         <alignment>0x4</alignment>
         <input_file_ref idref="fl-6"/>
      </object_component>
      <object_component id="oc-126">
         <name>.text.DL_SPI_reset</name>
         <load_address>0x5d0c</load_address>
         <readonly>true</readonly>
         <executable>true</executable>
         <run_address>0x5d0c</run_address>
         <size>0x18</size>
         <alignment>0x4</alignment>
         <input_file_ref idref="fl-2"/>
      </object_component>
      <object_component id="oc-134">
         <name>.text.DL_SYSCTL_setBORThreshold</name>
         <load_address>0x5d24</load_address>
         <readonly>true</readonly>
         <executable>true</executable>
         <run_address>0x5d24</run_address>
         <size>0x18</size>
         <alignment>0x4</alignment>
         <input_file_ref idref="fl-2"/>
      </object_component>
      <object_component id="oc-128">
         <name>.text.DL_Timer_enablePower</name>
         <load_address>0x5d3c</load_address>
         <readonly>true</readonly>
         <executable>true</executable>
         <run_address>0x5d3c</run_address>
         <size>0x18</size>
         <alignment>0x4</alignment>
         <input_file_ref idref="fl-2"/>
      </object_component>
      <object_component id="oc-124">
         <name>.text.DL_Timer_reset</name>
         <load_address>0x5d54</load_address>
         <readonly>true</readonly>
         <executable>true</executable>
         <run_address>0x5d54</run_address>
         <size>0x18</size>
         <alignment>0x4</alignment>
         <input_file_ref idref="fl-2"/>
      </object_component>
      <object_component id="oc-171">
         <name>.text.DL_Timer_setLoadValue</name>
         <load_address>0x5d6c</load_address>
         <readonly>true</readonly>
         <executable>true</executable>
         <run_address>0x5d6c</run_address>
         <size>0x18</size>
         <alignment>0x4</alignment>
         <input_file_ref idref="fl-16"/>
      </object_component>
      <object_component id="oc-95">
         <name>.text.DL_Timer_startCounter</name>
         <load_address>0x5d84</load_address>
         <readonly>true</readonly>
         <executable>true</executable>
         <run_address>0x5d84</run_address>
         <size>0x18</size>
         <alignment>0x4</alignment>
         <input_file_ref idref="fl-1"/>
      </object_component>
      <object_component id="oc-a6">
         <name>.text.DL_Timer_stopCounter</name>
         <load_address>0x5d9c</load_address>
         <readonly>true</readonly>
         <executable>true</executable>
         <run_address>0x5d9c</run_address>
         <size>0x18</size>
         <alignment>0x4</alignment>
         <input_file_ref idref="fl-1"/>
      </object_component>
      <object_component id="oc-129">
         <name>.text.DL_UART_enablePower</name>
         <load_address>0x5db4</load_address>
         <readonly>true</readonly>
         <executable>true</executable>
         <run_address>0x5db4</run_address>
         <size>0x18</size>
         <alignment>0x4</alignment>
         <input_file_ref idref="fl-2"/>
      </object_component>
      <object_component id="oc-fd">
         <name>.text.DL_UART_isTXFIFOFull</name>
         <load_address>0x5dcc</load_address>
         <readonly>true</readonly>
         <executable>true</executable>
         <run_address>0x5dcc</run_address>
         <size>0x18</size>
         <alignment>0x4</alignment>
         <input_file_ref idref="fl-17"/>
      </object_component>
      <object_component id="oc-125">
         <name>.text.DL_UART_reset</name>
         <load_address>0x5de4</load_address>
         <readonly>true</readonly>
         <executable>true</executable>
         <run_address>0x5de4</run_address>
         <size>0x18</size>
         <alignment>0x4</alignment>
         <input_file_ref idref="fl-2"/>
      </object_component>
      <object_component id="oc-f9">
         <name>.text.DL_GPIO_readPins</name>
         <load_address>0x5dfc</load_address>
         <readonly>true</readonly>
         <executable>true</executable>
         <run_address>0x5dfc</run_address>
         <size>0x16</size>
         <alignment>0x2</alignment>
         <input_file_ref idref="fl-4"/>
      </object_component>
      <object_component id="oc-f0">
         <name>.text.DL_GPIO_readPins</name>
         <load_address>0x5e12</load_address>
         <readonly>true</readonly>
         <executable>true</executable>
         <run_address>0x5e12</run_address>
         <size>0x16</size>
         <alignment>0x2</alignment>
         <input_file_ref idref="fl-5"/>
      </object_component>
      <object_component id="oc-159">
         <name>.text.DL_SPI_transmitData8</name>
         <load_address>0x5e28</load_address>
         <readonly>true</readonly>
         <executable>true</executable>
         <run_address>0x5e28</run_address>
         <size>0x16</size>
         <alignment>0x2</alignment>
         <input_file_ref idref="fl-6"/>
      </object_component>
      <object_component id="oc-177">
         <name>.text.DL_UART_disable</name>
         <load_address>0x5e3e</load_address>
         <readonly>true</readonly>
         <executable>true</executable>
         <run_address>0x5e3e</run_address>
         <size>0x16</size>
         <alignment>0x2</alignment>
         <input_file_ref idref="fl-17"/>
      </object_component>
      <object_component id="oc-14b">
         <name>.text.DL_UART_enable</name>
         <load_address>0x5e54</load_address>
         <readonly>true</readonly>
         <executable>true</executable>
         <run_address>0x5e54</run_address>
         <size>0x16</size>
         <alignment>0x2</alignment>
         <input_file_ref idref="fl-2"/>
      </object_component>
      <object_component id="oc-fe">
         <name>.text.DL_UART_transmitData</name>
         <load_address>0x5e6a</load_address>
         <readonly>true</readonly>
         <executable>true</executable>
         <run_address>0x5e6a</run_address>
         <size>0x16</size>
         <alignment>0x2</alignment>
         <input_file_ref idref="fl-17"/>
      </object_component>
      <object_component id="oc-4b">
         <name>.text:decompress:ZI:__TI_zero_init_nomemset</name>
         <load_address>0x5e80</load_address>
         <readonly>true</readonly>
         <executable>true</executable>
         <run_address>0x5e80</run_address>
         <size>0x16</size>
         <alignment>0x2</alignment>
         <input_file_ref idref="fl-2b"/>
      </object_component>
      <object_component id="oc-a5">
         <name>.text.DL_Common_delayCycles</name>
         <load_address>0x5e96</load_address>
         <readonly>true</readonly>
         <executable>true</executable>
         <run_address>0x5e96</run_address>
         <size>0x14</size>
         <alignment>0x2</alignment>
         <input_file_ref idref="fl-14"/>
      </object_component>
      <object_component id="oc-af">
         <name>.text.DL_GPIO_clearPins</name>
         <load_address>0x5eaa</load_address>
         <readonly>true</readonly>
         <executable>true</executable>
         <run_address>0x5eaa</run_address>
         <size>0x14</size>
         <alignment>0x2</alignment>
         <input_file_ref idref="fl-1"/>
      </object_component>
      <object_component id="oc-f8">
         <name>.text.DL_GPIO_clearPins</name>
         <load_address>0x5ebe</load_address>
         <readonly>true</readonly>
         <executable>true</executable>
         <run_address>0x5ebe</run_address>
         <size>0x14</size>
         <alignment>0x2</alignment>
         <input_file_ref idref="fl-4"/>
      </object_component>
      <object_component id="oc-ef">
         <name>.text.DL_GPIO_clearPins</name>
         <load_address>0x5ed2</load_address>
         <readonly>true</readonly>
         <executable>true</executable>
         <run_address>0x5ed2</run_address>
         <size>0x14</size>
         <alignment>0x2</alignment>
         <input_file_ref idref="fl-5"/>
      </object_component>
      <object_component id="oc-155">
         <name>.text.DL_GPIO_clearPins</name>
         <load_address>0x5ee6</load_address>
         <readonly>true</readonly>
         <executable>true</executable>
         <run_address>0x5ee6</run_address>
         <size>0x14</size>
         <alignment>0x2</alignment>
         <input_file_ref idref="fl-6"/>
      </object_component>
      <object_component id="oc-132">
         <name>.text.DL_GPIO_clearPins</name>
         <load_address>0x5efa</load_address>
         <readonly>true</readonly>
         <executable>true</executable>
         <run_address>0x5efa</run_address>
         <size>0x14</size>
         <alignment>0x2</alignment>
         <input_file_ref idref="fl-2"/>
      </object_component>
      <object_component id="oc-137">
         <name>.text.DL_SYSCTL_disableSYSPLL</name>
         <load_address>0x5f10</load_address>
         <readonly>true</readonly>
         <executable>true</executable>
         <run_address>0x5f10</run_address>
         <size>0x14</size>
         <alignment>0x4</alignment>
         <input_file_ref idref="fl-2"/>
      </object_component>
      <object_component id="oc-13c">
         <name>.text.DL_Timer_enableClock</name>
         <load_address>0x5f24</load_address>
         <readonly>true</readonly>
         <executable>true</executable>
         <run_address>0x5f24</run_address>
         <size>0x14</size>
         <alignment>0x4</alignment>
         <input_file_ref idref="fl-2"/>
      </object_component>
      <object_component id="oc-13d">
         <name>.text.DL_Timer_setCCPDirection</name>
         <load_address>0x5f38</load_address>
         <readonly>true</readonly>
         <executable>true</executable>
         <run_address>0x5f38</run_address>
         <size>0x14</size>
         <alignment>0x2</alignment>
         <input_file_ref idref="fl-2"/>
      </object_component>
      <object_component id="oc-5d">
         <name>.text.DL_UART_receiveData</name>
         <load_address>0x5f4c</load_address>
         <readonly>true</readonly>
         <executable>true</executable>
         <run_address>0x5f4c</run_address>
         <size>0x14</size>
         <alignment>0x4</alignment>
         <input_file_ref idref="fl-1"/>
      </object_component>
      <object_component id="oc-5b">
         <name>.text.DL_UART_getPendingInterrupt</name>
         <load_address>0x5f60</load_address>
         <readonly>true</readonly>
         <executable>true</executable>
         <run_address>0x5f60</run_address>
         <size>0x12</size>
         <alignment>0x2</alignment>
         <input_file_ref idref="fl-1"/>
      </object_component>
      <object_component id="oc-7d">
         <name>.text:TI_memcpy_small</name>
         <load_address>0x5f72</load_address>
         <readonly>true</readonly>
         <executable>true</executable>
         <run_address>0x5f72</run_address>
         <size>0x12</size>
         <alignment>0x1</alignment>
         <input_file_ref idref="fl-a0"/>
      </object_component>
      <object_component id="oc-20">
         <name>.text:decompress:none</name>
         <load_address>0x5f84</load_address>
         <readonly>true</readonly>
         <executable>true</executable>
         <run_address>0x5f84</run_address>
         <size>0x12</size>
         <alignment>0x2</alignment>
         <input_file_ref idref="fl-2c"/>
      </object_component>
      <object_component id="oc-136">
         <name>.text.DL_SYSCTL_disableHFXT</name>
         <load_address>0x5f98</load_address>
         <readonly>true</readonly>
         <executable>true</executable>
         <run_address>0x5f98</run_address>
         <size>0x10</size>
         <alignment>0x4</alignment>
         <input_file_ref idref="fl-2"/>
      </object_component>
      <object_component id="oc-44">
         <name>.text.__aeabi_memcpy</name>
         <load_address>0x5fa8</load_address>
         <readonly>true</readonly>
         <executable>true</executable>
         <run_address>0x5fa8</run_address>
         <size>0x8</size>
         <alignment>0x4</alignment>
         <input_file_ref idref="fl-9c"/>
      </object_component>
      <object_component id="oc-33">
         <name>.text.Default_Handler</name>
         <load_address>0x5fb0</load_address>
         <readonly>true</readonly>
         <executable>true</executable>
         <run_address>0x5fb0</run_address>
         <size>0x4</size>
         <alignment>0x2</alignment>
         <input_file_ref idref="fl-3"/>
      </object_component>
      <object_component id="oc-2f">
         <name>.text.Reset_Handler</name>
         <load_address>0x5fb4</load_address>
         <readonly>true</readonly>
         <executable>true</executable>
         <run_address>0x5fb4</run_address>
         <size>0x4</size>
         <alignment>0x2</alignment>
         <input_file_ref idref="fl-3"/>
      </object_component>
      <object_component id="oc-6e">
         <name>.text._system_pre_init</name>
         <load_address>0x5fb8</load_address>
         <readonly>true</readonly>
         <executable>true</executable>
         <run_address>0x5fb8</run_address>
         <size>0x4</size>
         <alignment>0x2</alignment>
         <input_file_ref idref="fl-29"/>
      </object_component>
      <object_component id="oc-ba">
         <name>.text:abort</name>
         <load_address>0x5fbc</load_address>
         <readonly>true</readonly>
         <executable>true</executable>
         <run_address>0x5fbc</run_address>
         <size>0x4</size>
         <alignment>0x2</alignment>
         <input_file_ref idref="fl-2e"/>
      </object_component>
      <object_component id="oc-1ba">
         <name>__TI_handler_table</name>
         <load_address>0x6650</load_address>
         <readonly>true</readonly>
         <run_address>0x6650</run_address>
         <size>0xc</size>
         <alignment>0x4</alignment>
      </object_component>
      <object_component id="oc-1bd">
         <name>.cinit..bss.load</name>
         <load_address>0x665c</load_address>
         <readonly>true</readonly>
         <run_address>0x665c</run_address>
         <size>0x8</size>
         <alignment>0x4</alignment>
      </object_component>
      <object_component id="oc-1bc">
         <name>.cinit..data.load</name>
         <load_address>0x6664</load_address>
         <readonly>true</readonly>
         <run_address>0x6664</run_address>
         <size>0x7</size>
         <alignment>0x1</alignment>
      </object_component>
      <object_component id="oc-1bb">
         <name>__TI_cinit_table</name>
         <load_address>0x666c</load_address>
         <readonly>true</readonly>
         <run_address>0x666c</run_address>
         <size>0x10</size>
         <alignment>0x4</alignment>
      </object_component>
      <object_component id="oc-15a">
         <name>.rodata.F8X16</name>
         <load_address>0x5fc0</load_address>
         <readonly>true</readonly>
         <run_address>0x5fc0</run_address>
         <size>0x5f0</size>
         <alignment>0x1</alignment>
         <input_file_ref idref="fl-6"/>
      </object_component>
      <object_component id="oc-b3">
         <name>.rodata.str1.63609404811669474491</name>
         <load_address>0x65b0</load_address>
         <readonly>true</readonly>
         <run_address>0x65b0</run_address>
         <size>0x10</size>
         <alignment>0x1</alignment>
         <input_file_ref idref="fl-1"/>
      </object_component>
      <object_component id="oc-b2">
         <name>.rodata.str1.57730245061996753341</name>
         <load_address>0x65c0</load_address>
         <readonly>true</readonly>
         <run_address>0x65c0</run_address>
         <size>0xf</size>
         <alignment>0x1</alignment>
         <input_file_ref idref="fl-1"/>
      </object_component>
      <object_component id="oc-115">
         <name>.rodata.str1.14866964478422594581</name>
         <load_address>0x65cf</load_address>
         <readonly>true</readonly>
         <run_address>0x65cf</run_address>
         <size>0xe</size>
         <alignment>0x1</alignment>
         <input_file_ref idref="fl-1"/>
      </object_component>
      <object_component id="oc-b7">
         <name>.rodata.str1.182612460331462643971</name>
         <load_address>0x65dd</load_address>
         <readonly>true</readonly>
         <run_address>0x65dd</run_address>
         <size>0xe</size>
         <alignment>0x1</alignment>
         <input_file_ref idref="fl-1"/>
      </object_component>
      <object_component id="oc-b1">
         <name>.rodata.str1.53653885044313440881</name>
         <load_address>0x65eb</load_address>
         <readonly>true</readonly>
         <run_address>0x65eb</run_address>
         <size>0xd</size>
         <alignment>0x1</alignment>
         <input_file_ref idref="fl-1"/>
      </object_component>
      <object_component id="oc-a8">
         <name>.rodata.str1.10639178830734641291</name>
         <load_address>0x65f8</load_address>
         <readonly>true</readonly>
         <run_address>0x65f8</run_address>
         <size>0xb</size>
         <alignment>0x1</alignment>
         <input_file_ref idref="fl-1"/>
      </object_component>
      <object_component id="oc-154">
         <name>.rodata.gSPI_0_config</name>
         <load_address>0x6604</load_address>
         <readonly>true</readonly>
         <run_address>0x6604</run_address>
         <size>0xa</size>
         <alignment>0x2</alignment>
         <input_file_ref idref="fl-2"/>
      </object_component>
      <object_component id="oc-14d">
         <name>.rodata.gUART_OPENMVConfig</name>
         <load_address>0x660e</load_address>
         <readonly>true</readonly>
         <run_address>0x660e</run_address>
         <size>0xa</size>
         <alignment>0x2</alignment>
         <input_file_ref idref="fl-2"/>
      </object_component>
      <object_component id="oc-9c">
         <name>.rodata.str1.115242645019120603871</name>
         <load_address>0x6618</load_address>
         <readonly>true</readonly>
         <run_address>0x6618</run_address>
         <size>0x9</size>
         <alignment>0x1</alignment>
         <input_file_ref idref="fl-1"/>
      </object_component>
      <object_component id="oc-143">
         <name>.rodata.gPWM_DUOJIClockConfig</name>
         <load_address>0x6621</load_address>
         <readonly>true</readonly>
         <run_address>0x6621</run_address>
         <size>0x3</size>
         <alignment>0x1</alignment>
         <input_file_ref idref="fl-2"/>
      </object_component>
      <object_component id="oc-144">
         <name>.rodata.gPWM_DUOJIConfig</name>
         <load_address>0x6624</load_address>
         <readonly>true</readonly>
         <run_address>0x6624</run_address>
         <size>0x8</size>
         <alignment>0x4</alignment>
         <input_file_ref idref="fl-2"/>
      </object_component>
      <object_component id="oc-142">
         <name>.rodata.gPWM_JIGUANGConfig</name>
         <load_address>0x662c</load_address>
         <readonly>true</readonly>
         <run_address>0x662c</run_address>
         <size>0x8</size>
         <alignment>0x4</alignment>
         <input_file_ref idref="fl-2"/>
      </object_component>
      <object_component id="oc-13f">
         <name>.rodata.gPWM_MOTORConfig</name>
         <load_address>0x6634</load_address>
         <readonly>true</readonly>
         <run_address>0x6634</run_address>
         <size>0x8</size>
         <alignment>0x4</alignment>
         <input_file_ref idref="fl-2"/>
      </object_component>
      <object_component id="oc-b9">
         <name>.rodata.str1.100191499522394069071</name>
         <load_address>0x663c</load_address>
         <readonly>true</readonly>
         <run_address>0x663c</run_address>
         <size>0x5</size>
         <alignment>0x1</alignment>
         <input_file_ref idref="fl-1"/>
      </object_component>
      <object_component id="oc-b8">
         <name>.rodata.str1.83594408877707303691</name>
         <load_address>0x6641</load_address>
         <readonly>true</readonly>
         <run_address>0x6641</run_address>
         <size>0x5</size>
         <alignment>0x1</alignment>
         <input_file_ref idref="fl-1"/>
      </object_component>
      <object_component id="oc-141">
         <name>.rodata.gPWM_JIGUANGClockConfig</name>
         <load_address>0x6646</load_address>
         <readonly>true</readonly>
         <run_address>0x6646</run_address>
         <size>0x3</size>
         <alignment>0x1</alignment>
         <input_file_ref idref="fl-2"/>
      </object_component>
      <object_component id="oc-13e">
         <name>.rodata.gPWM_MOTORClockConfig</name>
         <load_address>0x6649</load_address>
         <readonly>true</readonly>
         <run_address>0x6649</run_address>
         <size>0x3</size>
         <alignment>0x1</alignment>
         <input_file_ref idref="fl-2"/>
      </object_component>
      <object_component id="oc-153">
         <name>.rodata.gSPI_0_clockConfig</name>
         <load_address>0x664c</load_address>
         <readonly>true</readonly>
         <run_address>0x664c</run_address>
         <size>0x2</size>
         <alignment>0x1</alignment>
         <input_file_ref idref="fl-2"/>
      </object_component>
      <object_component id="oc-14c">
         <name>.rodata.gUART_OPENMVClockConfig</name>
         <load_address>0x664e</load_address>
         <readonly>true</readonly>
         <run_address>0x664e</run_address>
         <size>0x2</size>
         <alignment>0x1</alignment>
         <input_file_ref idref="fl-2"/>
      </object_component>
      <object_component id="oc-184">
         <name>.binit</name>
         <load_address>0x0</load_address>
         <readonly>true</readonly>
         <run_address>0x0</run_address>
         <size>0x0</size>
         <alignment>0x4</alignment>
      </object_component>
      <object_component id="oc-9d">
         <name>.data.key_num</name>
         <load_address>0x20200121</load_address>
         <readwrite>true</readwrite>
         <run_address>0x20200121</run_address>
         <size>0x1</size>
         <alignment>0x1</alignment>
         <input_file_ref idref="fl-1"/>
      </object_component>
      <object_component id="oc-62">
         <name>.data.Uart_Data</name>
         <load_address>0x20200114</load_address>
         <readwrite>true</readwrite>
         <run_address>0x20200114</run_address>
         <size>0xa</size>
         <alignment>0x1</alignment>
         <input_file_ref idref="fl-1"/>
      </object_component>
      <object_component id="oc-5f">
         <name>.data.Uart_state</name>
         <load_address>0x2020011f</load_address>
         <readwrite>true</readwrite>
         <run_address>0x2020011f</run_address>
         <size>0x1</size>
         <alignment>0x1</alignment>
         <input_file_ref idref="fl-1"/>
      </object_component>
      <object_component id="oc-5e">
         <name>.data.Uart_temp</name>
         <load_address>0x20200120</load_address>
         <readwrite>true</readwrite>
         <run_address>0x20200120</run_address>
         <size>0x1</size>
         <alignment>0x1</alignment>
         <input_file_ref idref="fl-1"/>
      </object_component>
      <object_component id="oc-61">
         <name>.data.pRxPacket</name>
         <load_address>0x20200122</load_address>
         <readwrite>true</readwrite>
         <run_address>0x20200122</run_address>
         <size>0x1</size>
         <alignment>0x1</alignment>
         <input_file_ref idref="fl-1"/>
      </object_component>
      <object_component id="oc-60">
         <name>.data.Serial_RxFlag</name>
         <load_address>0x2020011e</load_address>
         <readwrite>true</readwrite>
         <run_address>0x2020011e</run_address>
         <size>0x1</size>
         <alignment>0x1</alignment>
         <input_file_ref idref="fl-1"/>
      </object_component>
      <object_component id="oc-e2">
         <name>.common:gPWM_JIGUANGBackup</name>
         <uninitialized>true</uninitialized>
         <readwrite>true</readwrite>
         <run_address>0x20200000</run_address>
         <size>0xbc</size>
         <alignment>0x4</alignment>
      </object_component>
      <object_component id="oc-e3">
         <name>.common:gUART_OPENMVBackup</name>
         <uninitialized>true</uninitialized>
         <readwrite>true</readwrite>
         <run_address>0x202000bc</run_address>
         <size>0x30</size>
         <alignment>0x4</alignment>
      </object_component>
      <object_component id="oc-e4">
         <name>.common:gSPI_0Backup</name>
         <uninitialized>true</uninitialized>
         <readwrite>true</readwrite>
         <run_address>0x202000ec</run_address>
         <size>0x28</size>
         <alignment>0x4</alignment>
      </object_component>
      <object_component id="oc-1a">
         <name>.stack</name>
         <uninitialized>true</uninitialized>
         <readwrite>true</readwrite>
         <run_address>0x20207e00</run_address>
         <size>0x4</size>
         <alignment>0x4</alignment>
         <input_file_ref idref="fl-26"/>
      </object_component>
      <object_component id="oc-1bf">
         <name>.stack</name>
         <uninitialized>true</uninitialized>
         <readwrite>true</readwrite>
         <run_address>0x20207e00</run_address>
         <size>0x0</size>
         <alignment>0x8</alignment>
      </object_component>
      <object_component id="oc-63">
         <name>.debug_abbrev</name>
         <load_address>0x0</load_address>
         <run_address>0x0</run_address>
         <size>0x1fa</size>
         <alignment>0x1</alignment>
         <input_file_ref idref="fl-1"/>
      </object_component>
      <object_component id="oc-e5">
         <name>.debug_abbrev</name>
         <load_address>0x1fa</load_address>
         <run_address>0x1fa</run_address>
         <size>0x21d</size>
         <alignment>0x1</alignment>
         <input_file_ref idref="fl-2"/>
      </object_component>
      <object_component id="oc-39">
         <name>.debug_abbrev</name>
         <load_address>0x417</load_address>
         <run_address>0x417</run_address>
         <size>0x6d</size>
         <alignment>0x1</alignment>
         <input_file_ref idref="fl-3"/>
      </object_component>
      <object_component id="oc-fb">
         <name>.debug_abbrev</name>
         <load_address>0x484</load_address>
         <run_address>0x484</run_address>
         <size>0x139</size>
         <alignment>0x1</alignment>
         <input_file_ref idref="fl-4"/>
      </object_component>
      <object_component id="oc-f1">
         <name>.debug_abbrev</name>
         <load_address>0x5bd</load_address>
         <run_address>0x5bd</run_address>
         <size>0x10b</size>
         <alignment>0x1</alignment>
         <input_file_ref idref="fl-5"/>
      </object_component>
      <object_component id="oc-ea">
         <name>.debug_abbrev</name>
         <load_address>0x6c8</load_address>
         <run_address>0x6c8</run_address>
         <size>0x166</size>
         <alignment>0x1</alignment>
         <input_file_ref idref="fl-6"/>
      </object_component>
      <object_component id="oc-3b">
         <name>.debug_abbrev</name>
         <load_address>0x82e</load_address>
         <run_address>0x82e</run_address>
         <size>0xaf</size>
         <alignment>0x1</alignment>
         <input_file_ref idref="fl-26"/>
      </object_component>
      <object_component id="oc-11c">
         <name>.debug_abbrev</name>
         <load_address>0x8dd</load_address>
         <run_address>0x8dd</run_address>
         <size>0x186</size>
         <alignment>0x1</alignment>
         <input_file_ref idref="fl-28"/>
      </object_component>
      <object_component id="oc-85">
         <name>.debug_abbrev</name>
         <load_address>0xa63</load_address>
         <run_address>0xa63</run_address>
         <size>0x39</size>
         <alignment>0x1</alignment>
         <input_file_ref idref="fl-29"/>
      </object_component>
      <object_component id="oc-67">
         <name>.debug_abbrev</name>
         <load_address>0xa9c</load_address>
         <run_address>0xa9c</run_address>
         <size>0xc2</size>
         <alignment>0x1</alignment>
         <input_file_ref idref="fl-2b"/>
      </object_component>
      <object_component id="oc-48">
         <name>.debug_abbrev</name>
         <load_address>0xb5e</load_address>
         <run_address>0xb5e</run_address>
         <size>0x70</size>
         <alignment>0x1</alignment>
         <input_file_ref idref="fl-2c"/>
      </object_component>
      <object_component id="oc-40">
         <name>.debug_abbrev</name>
         <load_address>0xbce</load_address>
         <run_address>0xbce</run_address>
         <size>0x8d</size>
         <alignment>0x1</alignment>
         <input_file_ref idref="fl-2d"/>
      </object_component>
      <object_component id="oc-116">
         <name>.debug_abbrev</name>
         <load_address>0xc5b</load_address>
         <run_address>0xc5b</run_address>
         <size>0xb3</size>
         <alignment>0x1</alignment>
         <input_file_ref idref="fl-2e"/>
      </object_component>
      <object_component id="oc-165">
         <name>.debug_abbrev</name>
         <load_address>0xd0e</load_address>
         <run_address>0xd0e</run_address>
         <size>0x27</size>
         <alignment>0x1</alignment>
         <input_file_ref idref="fl-96"/>
      </object_component>
      <object_component id="oc-164">
         <name>.debug_abbrev</name>
         <load_address>0xd35</load_address>
         <run_address>0xd35</run_address>
         <size>0x27</size>
         <alignment>0x1</alignment>
         <input_file_ref idref="fl-97"/>
      </object_component>
      <object_component id="oc-17a">
         <name>.debug_abbrev</name>
         <load_address>0xd5c</load_address>
         <run_address>0xd5c</run_address>
         <size>0x27</size>
         <alignment>0x1</alignment>
         <input_file_ref idref="fl-98"/>
      </object_component>
      <object_component id="oc-166">
         <name>.debug_abbrev</name>
         <load_address>0xd83</load_address>
         <run_address>0xd83</run_address>
         <size>0x27</size>
         <alignment>0x1</alignment>
         <input_file_ref idref="fl-99"/>
      </object_component>
      <object_component id="oc-15f">
         <name>.debug_abbrev</name>
         <load_address>0xdaa</load_address>
         <run_address>0xdaa</run_address>
         <size>0x27</size>
         <alignment>0x1</alignment>
         <input_file_ref idref="fl-9a"/>
      </object_component>
      <object_component id="oc-104">
         <name>.debug_abbrev</name>
         <load_address>0xdd1</load_address>
         <run_address>0xdd1</run_address>
         <size>0x27</size>
         <alignment>0x1</alignment>
         <input_file_ref idref="fl-9b"/>
      </object_component>
      <object_component id="oc-66">
         <name>.debug_abbrev</name>
         <load_address>0xdf8</load_address>
         <run_address>0xdf8</run_address>
         <size>0x27</size>
         <alignment>0x1</alignment>
         <input_file_ref idref="fl-9c"/>
      </object_component>
      <object_component id="oc-15b">
         <name>.debug_abbrev</name>
         <load_address>0xe1f</load_address>
         <run_address>0xe1f</run_address>
         <size>0x27</size>
         <alignment>0x1</alignment>
         <input_file_ref idref="fl-9e"/>
      </object_component>
      <object_component id="oc-15c">
         <name>.debug_abbrev</name>
         <load_address>0xe46</load_address>
         <run_address>0xe46</run_address>
         <size>0x59</size>
         <alignment>0x1</alignment>
         <input_file_ref idref="fl-9f"/>
      </object_component>
      <object_component id="oc-d3">
         <name>.debug_abbrev</name>
         <load_address>0xe9f</load_address>
         <run_address>0xe9f</run_address>
         <size>0x25</size>
         <alignment>0x1</alignment>
         <input_file_ref idref="fl-a0"/>
      </object_component>
      <object_component id="oc-1c1">
         <name>.debug_abbrev</name>
         <load_address>0xec4</load_address>
         <run_address>0xec4</run_address>
         <size>0xf</size>
         <alignment>0x0</alignment>
      </object_component>
      <object_component id="oc-35">
         <name>.debug_info</name>
         <load_address>0x0</load_address>
         <run_address>0x0</run_address>
         <size>0x2d59</size>
         <alignment>0x1</alignment>
         <input_file_ref idref="fl-1"/>
      </object_component>
      <object_component id="oc-8b">
         <name>.debug_info</name>
         <load_address>0x2d59</load_address>
         <run_address>0x2d59</run_address>
         <size>0x44ce</size>
         <alignment>0x1</alignment>
         <input_file_ref idref="fl-2"/>
      </object_component>
      <object_component id="oc-19">
         <name>.debug_info</name>
         <load_address>0x7227</load_address>
         <run_address>0x7227</run_address>
         <size>0x80</size>
         <alignment>0x1</alignment>
         <input_file_ref idref="fl-3"/>
      </object_component>
      <object_component id="oc-a3">
         <name>.debug_info</name>
         <load_address>0x72a7</load_address>
         <run_address>0x72a7</run_address>
         <size>0x893</size>
         <alignment>0x1</alignment>
         <input_file_ref idref="fl-4"/>
      </object_component>
      <object_component id="oc-98">
         <name>.debug_info</name>
         <load_address>0x7b3a</load_address>
         <run_address>0x7b3a</run_address>
         <size>0x915</size>
         <alignment>0x1</alignment>
         <input_file_ref idref="fl-5"/>
      </object_component>
      <object_component id="oc-8f">
         <name>.debug_info</name>
         <load_address>0x844f</load_address>
         <run_address>0x844f</run_address>
         <size>0x12f8</size>
         <alignment>0x1</alignment>
         <input_file_ref idref="fl-6"/>
      </object_component>
      <object_component id="oc-1b">
         <name>.debug_info</name>
         <load_address>0x9747</load_address>
         <run_address>0x9747</run_address>
         <size>0x423</size>
         <alignment>0x1</alignment>
         <input_file_ref idref="fl-26"/>
      </object_component>
      <object_component id="oc-c3">
         <name>.debug_info</name>
         <load_address>0x9b6a</load_address>
         <run_address>0x9b6a</run_address>
         <size>0x74a</size>
         <alignment>0x1</alignment>
         <input_file_ref idref="fl-28"/>
      </object_component>
      <object_component id="oc-70">
         <name>.debug_info</name>
         <load_address>0xa2b4</load_address>
         <run_address>0xa2b4</run_address>
         <size>0x46</size>
         <alignment>0x1</alignment>
         <input_file_ref idref="fl-29"/>
      </object_component>
      <object_component id="oc-50">
         <name>.debug_info</name>
         <load_address>0xa2fa</load_address>
         <run_address>0xa2fa</run_address>
         <size>0x192</size>
         <alignment>0x1</alignment>
         <input_file_ref idref="fl-2b"/>
      </object_component>
      <object_component id="oc-21">
         <name>.debug_info</name>
         <load_address>0xa48c</load_address>
         <run_address>0xa48c</run_address>
         <size>0xc6</size>
         <alignment>0x1</alignment>
         <input_file_ref idref="fl-2c"/>
      </object_component>
      <object_component id="oc-1e">
         <name>.debug_info</name>
         <load_address>0xa552</load_address>
         <run_address>0xa552</run_address>
         <size>0x180</size>
         <alignment>0x1</alignment>
         <input_file_ref idref="fl-2d"/>
      </object_component>
      <object_component id="oc-bc">
         <name>.debug_info</name>
         <load_address>0xa6d2</load_address>
         <run_address>0xa6d2</run_address>
         <size>0xed</size>
         <alignment>0x1</alignment>
         <input_file_ref idref="fl-2e"/>
      </object_component>
      <object_component id="oc-10e">
         <name>.debug_info</name>
         <load_address>0xa7bf</load_address>
         <run_address>0xa7bf</run_address>
         <size>0x1ac</size>
         <alignment>0x1</alignment>
         <input_file_ref idref="fl-96"/>
      </object_component>
      <object_component id="oc-10b">
         <name>.debug_info</name>
         <load_address>0xa96b</load_address>
         <run_address>0xa96b</run_address>
         <size>0x192</size>
         <alignment>0x1</alignment>
         <input_file_ref idref="fl-97"/>
      </object_component>
      <object_component id="oc-161">
         <name>.debug_info</name>
         <load_address>0xaafd</load_address>
         <run_address>0xaafd</run_address>
         <size>0x194</size>
         <alignment>0x1</alignment>
         <input_file_ref idref="fl-98"/>
      </object_component>
      <object_component id="oc-114">
         <name>.debug_info</name>
         <load_address>0xac91</load_address>
         <run_address>0xac91</run_address>
         <size>0x19a</size>
         <alignment>0x1</alignment>
         <input_file_ref idref="fl-99"/>
      </object_component>
      <object_component id="oc-108">
         <name>.debug_info</name>
         <load_address>0xae2b</load_address>
         <run_address>0xae2b</run_address>
         <size>0x198</size>
         <alignment>0x1</alignment>
         <input_file_ref idref="fl-9a"/>
      </object_component>
      <object_component id="oc-ad">
         <name>.debug_info</name>
         <load_address>0xafc3</load_address>
         <run_address>0xafc3</run_address>
         <size>0x1be</size>
         <alignment>0x1</alignment>
         <input_file_ref idref="fl-9b"/>
      </object_component>
      <object_component id="oc-46">
         <name>.debug_info</name>
         <load_address>0xb181</load_address>
         <run_address>0xb181</run_address>
[...]
      </symbol>
      <symbol id="sm-f">
         <name>__TI_prof_data_start</name>
         <value>0xffffffff</value>
      </symbol>
      <symbol id="sm-10">
         <name>__TI_prof_data_size</name>
         <value>0xffffffff</value>
      </symbol>
      <symbol id="sm-98">
         <name>main</name>
         <value>0x2af9</value>
         <object_component_ref idref="oc-72"/>
      </symbol>
      <symbol id="sm-99">
         <name>key_num</name>
         <value>0x20200121</value>
         <object_component_ref idref="oc-9d"/>
      </symbol>
      <symbol id="sm-9a">
         <name>Serial_GetRxFlag</name>
         <value>0x587d</value>
         <object_component_ref idref="oc-aa"/>
      </symbol>
      <symbol id="sm-9b">
         <name>Uart_Data</name>
         <value>0x20200114</value>
         <object_component_ref idref="oc-62"/>
      </symbol>
      <symbol id="sm-9c">
         <name>GetRedClosetoCircle</name>
         <value>0xc1</value>
         <object_component_ref idref="oc-b4"/>
      </symbol>
      <symbol id="sm-9d">
         <name>ForwardRunning</name>
         <value>0x3c9d</value>
         <object_component_ref idref="oc-b5"/>
      </symbol>
      <symbol id="sm-9e">
         <name>BackwardRunning</name>
         <value>0x3749</value>
         <object_component_ref idref="oc-b6"/>
      </symbol>
      <symbol id="sm-9f">
         <name>Serial_RxFlag</name>
         <value>0x2020011e</value>
         <object_component_ref idref="oc-60"/>
      </symbol>
      <symbol id="sm-a0">
         <name>UART3_IRQHandler</name>
         <value>0x4cd5</value>
         <object_component_ref idref="oc-34"/>
      </symbol>
      <symbol id="sm-a1">
         <name>Uart_temp</name>
         <value>0x20200120</value>
         <object_component_ref idref="oc-5e"/>
      </symbol>
      <symbol id="sm-a2">
         <name>Uart_state</name>
         <value>0x2020011f</value>
         <object_component_ref idref="oc-5f"/>
      </symbol>
      <symbol id="sm-a3">
         <name>pRxPacket</name>
         <value>0x20200122</value>
         <object_component_ref idref="oc-61"/>
      </symbol>
      <symbol id="sm-153">
         <name>SYSCFG_DL_init</name>
         <value>0x5405</value>
         <object_component_ref idref="oc-87"/>
      </symbol>
      <symbol id="sm-154">
         <name>SYSCFG_DL_initPower</name>
         <value>0x4d95</value>
         <object_component_ref idref="oc-da"/>
      </symbol>
      <symbol id="sm-155">
         <name>SYSCFG_DL_GPIO_init</name>
         <value>0x45b1</value>
         <object_component_ref idref="oc-db"/>
      </symbol>
      <symbol id="sm-156">
         <name>SYSCFG_DL_SYSCTL_init</name>
         <value>0x5b47</value>
         <object_component_ref idref="oc-dc"/>
      </symbol>
      <symbol id="sm-157">
         <name>SYSCFG_DL_PWM_MOTOR_init</name>
         <value>0x4ea5</value>
         <object_component_ref idref="oc-dd"/>
      </symbol>
      <symbol id="sm-158">
         <name>SYSCFG_DL_PWM_JIGUANG_init</name>
         <value>0x5221</value>
         <object_component_ref idref="oc-de"/>
      </symbol>
      <symbol id="sm-159">
         <name>SYSCFG_DL_PWM_DUOJI_init</name>
         <value>0x4e21</value>
         <object_component_ref idref="oc-df"/>
      </symbol>
      <symbol id="sm-15a">
         <name>SYSCFG_DL_UART_OPENMV_init</name>
         <value>0x52d1</value>
         <object_component_ref idref="oc-e0"/>
      </symbol>
      <symbol id="sm-15b">
         <name>SYSCFG_DL_SPI_0_init</name>
         <value>0x5511</value>
         <object_component_ref idref="oc-e1"/>
      </symbol>
      <symbol id="sm-15c">
         <name>gPWM_JIGUANGBackup</name>
         <value>0x20200000</value>
      </symbol>
      <symbol id="sm-15d">
         <name>gUART_OPENMVBackup</name>
         <value>0x202000bc</value>
      </symbol>
      <symbol id="sm-15e">
         <name>gSPI_0Backup</name>
         <value>0x202000ec</value>
      </symbol>
      <symbol id="sm-169">
         <name>Default_Handler</name>
         <value>0x5fb1</value>
         <object_component_ref idref="oc-33"/>
      </symbol>
      <symbol id="sm-16a">
         <name>Reset_Handler</name>
         <value>0x5fb5</value>
         <object_component_ref idref="oc-2f"/>
      </symbol>
      <symbol id="sm-16b">
         <name>interruptVectors</name>
         <value>0x0</value>
         <object_component_ref idref="oc-18"/>
      </symbol>
      <symbol id="sm-16c">
         <name>NMI_Handler</name>
         <value>0x5fb1</value>
         <object_component_ref idref="oc-33"/>
      </symbol>
      <symbol id="sm-16d">
         <name>HardFault_Handler</name>
         <value>0x5fb1</value>
         <object_component_ref idref="oc-33"/>
      </symbol>
      <symbol id="sm-16e">
         <name>SVC_Handler</name>
         <value>0x5fb1</value>
         <object_component_ref idref="oc-33"/>
      </symbol>
      <symbol id="sm-16f">
         <name>PendSV_Handler</name>
         <value>0x5fb1</value>
         <object_component_ref idref="oc-33"/>
      </symbol>
      <symbol id="sm-170">
         <name>SysTick_Handler</name>
         <value>0x5fb1</value>
         <object_component_ref idref="oc-33"/>
      </symbol>
      <symbol id="sm-171">
         <name>GROUP0_IRQHandler</name>
         <value>0x5fb1</value>
         <object_component_ref idref="oc-33"/>
      </symbol>
      <symbol id="sm-172">
         <name>GROUP1_IRQHandler</name>
         <value>0x5fb1</value>
         <object_component_ref idref="oc-33"/>
      </symbol>
      <symbol id="sm-173">
         <name>TIMG8_IRQHandler</name>
         <value>0x5fb1</value>
         <object_component_ref idref="oc-33"/>
      </symbol>
      <symbol id="sm-174">
         <name>ADC0_IRQHandler</name>
         <value>0x5fb1</value>
         <object_component_ref idref="oc-33"/>
      </symbol>
      <symbol id="sm-175">
         <name>ADC1_IRQHandler</name>
         <value>0x5fb1</value>
         <object_component_ref idref="oc-33"/>
      </symbol>
      <symbol id="sm-176">
         <name>CANFD0_IRQHandler</name>
         <value>0x5fb1</value>
         <object_component_ref idref="oc-33"/>
      </symbol>
      <symbol id="sm-177">
         <name>DAC0_IRQHandler</name>
         <value>0x5fb1</value>
         <object_component_ref idref="oc-33"/>
      </symbol>
      <symbol id="sm-178">
         <name>SPI0_IRQHandler</name>
         <value>0x5fb1</value>
         <object_component_ref idref="oc-33"/>
      </symbol>
      <symbol id="sm-179">
         <name>SPI1_IRQHandler</name>
         <value>0x5fb1</value>
         <object_component_ref idref="oc-33"/>
      </symbol>
      <symbol id="sm-17a">
         <name>UART1_IRQHandler</name>
         <value>0x5fb1</value>
         <object_component_ref idref="oc-33"/>
      </symbol>
      <symbol id="sm-17b">
         <name>UART2_IRQHandler</name>
         <value>0x5fb1</value>
         <object_component_ref idref="oc-33"/>
      </symbol>
      <symbol id="sm-17c">
         <name>UART0_IRQHandler</name>
         <value>0x5fb1</value>
         <object_component_ref idref="oc-33"/>
      </symbol>
      <symbol id="sm-17d">
         <name>TIMG0_IRQHandler</name>
         <value>0x5fb1</value>
         <object_component_ref idref="oc-33"/>
      </symbol>
      <symbol id="sm-17e">
         <name>TIMG6_IRQHandler</name>
         <value>0x5fb1</value>
         <object_component_ref idref="oc-33"/>
      </symbol>
      <symbol id="sm-17f">
         <name>TIMA0_IRQHandler</name>
         <value>0x5fb1</value>
         <object_component_ref idref="oc-33"/>
      </symbol>
      <symbol id="sm-180">
         <name>TIMA1_IRQHandler</name>
         <value>0x5fb1</value>
         <object_component_ref idref="oc-33"/>
      </symbol>
      <symbol id="sm-181">
         <name>TIMG7_IRQHandler</name>
         <value>0x5fb1</value>
         <object_component_ref idref="oc-33"/>
      </symbol>
      <symbol id="sm-182">
         <name>TIMG12_IRQHandler</name>
         <value>0x5fb1</value>
         <object_component_ref idref="oc-33"/>
      </symbol>
      <symbol id="sm-183">
         <name>I2C0_IRQHandler</name>
         <value>0x5fb1</value>
         <object_component_ref idref="oc-33"/>
      </symbol>
      <symbol id="sm-184">
         <name>I2C1_IRQHandler</name>
         <value>0x5fb1</value>
         <object_component_ref idref="oc-33"/>
      </symbol>
      <symbol id="sm-185">
         <name>AES_IRQHandler</name>
         <value>0x5fb1</value>
         <object_component_ref idref="oc-33"/>
      </symbol>
      <symbol id="sm-186">
         <name>RTC_IRQHandler</name>
         <value>0x5fb1</value>
         <object_component_ref idref="oc-33"/>
      </symbol>
      <symbol id="sm-187">
         <name>DMA_IRQHandler</name>
         <value>0x5fb1</value>
         <object_component_ref idref="oc-33"/>
      </symbol>
      <symbol id="sm-1a0">
         <name>gray_serial_forward_read</name>
         <value>0x5161</value>
         <object_component_ref idref="oc-a7"/>
      </symbol>
      <symbol id="sm-1a1">
         <name>gray_serial_backward_read</name>
         <value>0x50f9</value>
         <object_component_ref idref="oc-9f"/>
      </symbol>
      <symbol id="sm-1a2">
         <name>extractSensorData</name>
         <value>0x5789</value>
         <object_component_ref idref="oc-a4"/>
      </symbol>
      <symbol id="sm-1b9">
         <name>key_scan</name>
         <value>0x5449</value>
         <object_component_ref idref="oc-ed"/>
      </symbol>
      <symbol id="sm-1ba">
         <name>key_read</name>
         <value>0x41ed</value>
         <object_component_ref idref="oc-96"/>
      </symbol>
      <symbol id="sm-1e8">
         <name>OLED_RES</name>
         <value>0x584d</value>
         <object_component_ref idref="oc-e7"/>
      </symbol>
      <symbol id="sm-1e9">
         <name>OLED_DC</name>
         <value>0x581d</value>
         <object_component_ref idref="oc-157"/>
      </symbol>
      <symbol id="sm-1ea">
         <name>OLED_WR_Byte</name>
         <value>0x51c9</value>
         <object_component_ref idref="oc-e8"/>
      </symbol>
      <symbol id="sm-1eb">
         <name>OLED_Set_Pos</name>
         <value>0x5591</value>
         <object_component_ref idref="oc-e9"/>
      </symbol>
      <symbol id="sm-1ec">
         <name>OLED_Clear</name>
         <value>0x5025</value>
         <object_component_ref idref="oc-93"/>
      </symbol>
      <symbol id="sm-1ed">
         <name>OLED_ShowChar</name>
         <value>0x4c0d</value>
         <object_component_ref idref="oc-ec"/>
      </symbol>
      <symbol id="sm-1ee">
         <name>F8X16</name>
         <value>0x5fc0</value>
         <object_component_ref idref="oc-15a"/>
      </symbol>
      <symbol id="sm-1ef">
         <name>oled_pow</name>
         <value>0x58ad</value>
         <object_component_ref idref="oc-f3"/>
      </symbol>
      <symbol id="sm-1f0">
         <name>OLED_ShowNum</name>
         <value>0x4b39</value>
         <object_component_ref idref="oc-9b"/>
      </symbol>
      <symbol id="sm-1f1">
         <name>OLED_ShowString</name>
         <value>0x508f</value>
         <object_component_ref idref="oc-94"/>
      </symbol>
      <symbol id="sm-1f2">
         <name>OLED_Init</name>
         <value>0x472d</value>
         <object_component_ref idref="oc-8e"/>
      </symbol>
      <symbol id="sm-1f3">
         <name>__TI_ATRegion0_src_addr</name>
         <value>0x0</value>
      </symbol>
      <symbol id="sm-1f4">
         <name>__TI_ATRegion0_trg_addr</name>
         <value>0x0</value>
      </symbol>
      <symbol id="sm-1f5">
         <name>__TI_ATRegion0_region_sz</name>
         <value>0x0</value>
      </symbol>
      <symbol id="sm-1f6">
         <name>__TI_ATRegion1_src_addr</name>
         <value>0x0</value>
      </symbol>
      <symbol id="sm-1f7">
         <name>__TI_ATRegion1_trg_addr</name>
         <value>0x0</value>
      </symbol>
      <symbol id="sm-1f8">
         <name>__TI_ATRegion1_region_sz</name>
         <value>0x0</value>
      </symbol>
      <symbol id="sm-1f9">
         <name>__TI_ATRegion2_src_addr</name>
         <value>0x0</value>
      </symbol>
      <symbol id="sm-1fa">
         <name>__TI_ATRegion2_trg_addr</name>
         <value>0x0</value>
      </symbol>
      <symbol id="sm-1fb">
         <name>__TI_ATRegion2_region_sz</name>
         <value>0x0</value>
      </symbol>
      <symbol id="sm-1fe">
         <name>DL_Common_delayCycles</name>
         <value>0x5e97</value>
         <object_component_ref idref="oc-a5"/>
      </symbol>
      <symbol id="sm-206">
         <name>DL_SPI_init</name>
         <value>0x53bd</value>
         <object_component_ref idref="oc-14f"/>
      </symbol>
      <symbol id="sm-207">
         <name>DL_SPI_setClockConfig</name>
         <value>0x5aa1</value>
         <object_component_ref idref="oc-14e"/>
      </symbol>
      <symbol id="sm-222">
         <name>DL_Timer_setClockConfig</name>
         <value>0x5755</value>
         <object_component_ref idref="oc-138"/>
      </symbol>
      <symbol id="sm-223">
         <name>DL_Timer_setCaptureCompareValue</name>
         <value>0x58dd</value>
         <object_component_ref idref="oc-9e"/>
      </symbol>
      <symbol id="sm-224">
         <name>DL_Timer_setCaptureCompareCtl</name>
         <value>0x55d1</value>
         <object_component_ref idref="oc-174"/>
      </symbol>
      <symbol id="sm-225">
         <name>DL_Timer_setCaptureCompareInput</name>
         <value>0x5721</value>
         <object_component_ref idref="oc-175"/>
      </symbol>
      <symbol id="sm-226">
         <name>DL_Timer_initPWMMode</name>
         <value>0x4859</value>
         <object_component_ref idref="oc-139"/>
      </symbol>
      <symbol id="sm-227">
         <name>DL_Timer_setCaptureCompareAction</name>
         <value>0x56ed</value>
         <object_component_ref idref="oc-172"/>
      </symbol>
      <symbol id="sm-228">
         <name>DL_Timer_setCaptureCompareOutCtl</name>
         <value>0x54d1</value>
         <object_component_ref idref="oc-13a"/>
      </symbol>
      <symbol id="sm-229">
         <name>DL_Timer_setCaptCompUpdateMethod</name>
         <value>0x56b9</value>
         <object_component_ref idref="oc-13b"/>
      </symbol>
      <symbol id="sm-22a">
         <name>DL_TimerA_initPWMMode</name>
         <value>0x4969</value>
         <object_component_ref idref="oc-140"/>
      </symbol>
      <symbol id="sm-23a">
         <name>DL_UART_init</name>
         <value>0x5325</value>
         <object_component_ref idref="oc-146"/>
      </symbol>
      <symbol id="sm-23b">
         <name>DL_UART_setClockConfig</name>
         <value>0x5ac5</value>
         <object_component_ref idref="oc-145"/>
      </symbol>
      <symbol id="sm-23c">
         <name>DL_UART_transmitDataBlocking</name>
         <value>0x5a2d</value>
         <object_component_ref idref="oc-a9"/>
      </symbol>
      <symbol id="sm-247">
         <name>_c_int00_noargs</name>
         <value>0x5a55</value>
         <object_component_ref idref="oc-54"/>
      </symbol>
      <symbol id="sm-248">
         <name>__stack</name>
         <value>0x20207e00</value>
         <object_component_ref idref="oc-1a"/>
      </symbol>
      <symbol id="sm-254">
         <name>__TI_auto_init_nobinit_nopinit</name>
         <value>0x560d</value>
         <object_component_ref idref="oc-c1"/>
      </symbol>
      <symbol id="sm-25c">
         <name>_system_pre_init</name>
         <value>0x5fb9</value>
         <object_component_ref idref="oc-6e"/>
      </symbol>
      <symbol id="sm-267">
         <name>__TI_zero_init_nomemset</name>
         <value>0x5e81</value>
         <object_component_ref idref="oc-4b"/>
      </symbol>
      <symbol id="sm-270">
         <name>__TI_decompress_none</name>
         <value>0x5f85</value>
         <object_component_ref idref="oc-20"/>
      </symbol>
      <symbol id="sm-27b">
         <name>__TI_decompress_lzss</name>
         <value>0x4fad</value>
         <object_component_ref idref="oc-1c"/>
      </symbol>
      <symbol id="sm-285">
         <name>abort</name>
         <value>0x5fbd</value>
         <object_component_ref idref="oc-ba"/>
      </symbol>
      <symbol id="sm-286">
         <name>C$$EXIT</name>
         <value>0x5fbc</value>
         <object_component_ref idref="oc-ba"/>
      </symbol>
      <symbol id="sm-28e">
         <name>__aeabi_dadd</name>
         <value>0x4427</value>
         <object_component_ref idref="oc-10d"/>
      </symbol>
      <symbol id="sm-28f">
         <name>__adddf3</name>
         <value>0x4427</value>
         <object_component_ref idref="oc-10d"/>
      </symbol>
      <symbol id="sm-290">
         <name>__aeabi_dsub</name>
         <value>0x441d</value>
         <object_component_ref idref="oc-10d"/>
      </symbol>
      <symbol id="sm-291">
         <name>__subdf3</name>
         <value>0x441d</value>
         <object_component_ref idref="oc-10d"/>
      </symbol>
      <symbol id="sm-297">
         <name>__aeabi_dmul</name>
         <value>0x4a55</value>
         <object_component_ref idref="oc-109"/>
      </symbol>
      <symbol id="sm-298">
         <name>__muldf3</name>
         <value>0x4a55</value>
         <object_component_ref idref="oc-109"/>
      </symbol>
      <symbol id="sm-29e">
         <name>__muldsi3</name>
         <value>0x5649</value>
         <object_component_ref idref="oc-160"/>
      </symbol>
      <symbol id="sm-2a4">
         <name>__aeabi_d2uiz</name>
         <value>0x548d</value>
         <object_component_ref idref="oc-111"/>
      </symbol>
      <symbol id="sm-2a5">
         <name>__fixunsdfsi</name>
         <value>0x548d</value>
         <object_component_ref idref="oc-111"/>
      </symbol>
      <symbol id="sm-2ab">
         <name>__aeabi_i2d</name>
         <value>0x5961</value>
         <object_component_ref idref="oc-105"/>
      </symbol>
      <symbol id="sm-2ac">
         <name>__floatsidf</name>
         <value>0x5961</value>
         <object_component_ref idref="oc-105"/>
      </symbol>
      <symbol id="sm-2b2">
         <name>__aeabi_idiv</name>
         <value>0x5279</value>
         <object_component_ref idref="oc-ab"/>
      </symbol>
      <symbol id="sm-2b3">
         <name>__aeabi_idivmod</name>
         <value>0x5279</value>
         <object_component_ref idref="oc-ab"/>
      </symbol>
      <symbol id="sm-2b9">
         <name>__aeabi_memcpy</name>
         <value>0x5fa9</value>
         <object_component_ref idref="oc-44"/>
      </symbol>
      <symbol id="sm-2ba">
         <name>__aeabi_memcpy4</name>
         <value>0x5fa9</value>
         <object_component_ref idref="oc-44"/>
      </symbol>
      <symbol id="sm-2bb">
         <name>__aeabi_memcpy8</name>
         <value>0x5fa9</value>
         <object_component_ref idref="oc-44"/>
      </symbol>
      <symbol id="sm-2c1">
         <name>__aeabi_uidiv</name>
         <value>0x5551</value>
         <object_component_ref idref="oc-f4"/>
      </symbol>
      <symbol id="sm-2c2">
         <name>__aeabi_uidivmod</name>
         <value>0x5551</value>
         <object_component_ref idref="oc-f4"/>
      </symbol>
      <symbol id="sm-2cc">
         <name>__aeabi_idiv0</name>
         <value>0x45af</value>
         <object_component_ref idref="oc-ff"/>
      </symbol>
      <symbol id="sm-2d5">
         <name>TI_memcpy_small</name>
         <value>0x5f73</value>
         <object_component_ref idref="oc-7d"/>
      </symbol>
      <symbol id="sm-2d6">
         <name>__TI_static_base__</name>
         <value>0x0</value>
      </symbol>
      <symbol id="sm-2d9">
         <name>__mpu_init</name>
         <value>0x0</value>
      </symbol>
      <symbol id="sm-2da">
         <name>_system_post_cinit</name>
         <value>0x0</value>
      </symbol>
   </symbol_table>
   <title>Link successful</title>
</link_info>
