******************************************************************************
            TI ARM Clang Linker PC v3.2.2                      
******************************************************************************
>> Linked Mon Jul 15 01:34:21 2024

OUTPUT FILE NAME:   <XLS-2.out>
ENTRY POINT SYMBOL: "_c_int00_noargs"  address: 00005a55


MEMORY CONFIGURATION

         name            origin    length      used     unused   attr    fill
----------------------  --------  ---------  --------  --------  ----  --------
  FLASH                 00000000   00020000  00006680  00019980  R  X
  SRAM                  20200000   00008000  00000323  00007cdd  RW X
  BCR_CONFIG            41c00000   00000080  00000000  00000080  R   
  BSL_CONFIG            41c00100   00000080  00000000  00000080  R   


SEGMENT ALLOCATION MAP

run origin  load origin   length   init length attrs members
----------  ----------- ---------- ----------- ----- -------
00000000    00000000    00006680   00006680    r-x
  00000000    00000000    000000c0   000000c0    r-- .intvecs
  000000c0    000000c0    00005f00   00005f00    r-x .text
  00005fc0    00005fc0    00000690   00000690    r-- .rodata
  00006650    00006650    00000030   00000030    r-- .cinit
20200000    20200000    00000123   00000000    rw-
  20200000    20200000    00000114   00000000    rw- .bss
  20200114    20200114    0000000f   00000000    rw- .data
20207e00    20207e00    00000200   00000000    rw-
  20207e00    20207e00    00000200   00000000    rw- .stack


SECTION ALLOCATION MAP

 output                                  attributes/
section   page    origin      length       input sections
--------  ----  ----------  ----------   ----------------
.intvecs   0    00000000    000000c0     
                  00000000    000000c0     startup_mspm0g350x_ticlang.o (.intvecs)

.text      0    000000c0    00005f00     
                  000000c0    00002a38     XLS-2.o (.text.GetRedClosetoCircle)
                  00002af8    00000c50     XLS-2.o (.text.main)
                  00003748    00000554     XLS-2.o (.text.BackwardRunning)
                  00003c9c    00000550     XLS-2.o (.text.ForwardRunning)
                  000041ec    00000230     key.o (.text.key_read)
                  0000441c    00000192     libclang_rt.builtins.a : adddf3.S.obj (.text.adddf3_subdf3)
                  000045ae    00000002                            : aeabi_div0.c.obj (.text.__aeabi_idiv0)
                  000045b0    0000017c     ti_msp_dl_config.o (.text.SYSCFG_DL_GPIO_init)
                  0000472c    0000012c     oled.o (.text.OLED_Init)
                  00004858    00000110     driverlib.a : dl_timer.o (.text.DL_Timer_initPWMMode)
                  00004968    000000ec                 : dl_timer.o (.text.DL_TimerA_initPWMMode)
                  00004a54    000000e4     libclang_rt.builtins.a : muldf3.S.obj (.text.__muldf3)
                  00004b38    000000d4     oled.o (.text.OLED_ShowNum)
                  00004c0c    000000c8     oled.o (.text.OLED_ShowChar)
                  00004cd4    000000c0     XLS-2.o (.text.UART3_IRQHandler)
                  00004d94    0000008c     ti_msp_dl_config.o (.text.SYSCFG_DL_initPower)
                  00004e20    00000084     ti_msp_dl_config.o (.text.SYSCFG_DL_PWM_DUOJI_init)
                  00004ea4    00000084     ti_msp_dl_config.o (.text.SYSCFG_DL_PWM_MOTOR_init)
                  00004f28    00000084     ti_msp_dl_config.o (.text.__NVIC_SetPriority)
                  00004fac    00000078     libc.a : copy_decompress_lzss.c.obj (.text:decompress:lzss)
                  00005024    0000006a     oled.o (.text.OLED_Clear)
                  0000508e    00000068     oled.o (.text.OLED_ShowString)
                  000050f6    00000002     --HOLE-- [fill = 0]
                  000050f8    00000068     gray_sensor.o (.text.gray_serial_backward_read)
                  00005160    00000068     gray_sensor.o (.text.gray_serial_forward_read)
                  000051c8    00000058     oled.o (.text.OLED_WR_Byte)
                  00005220    00000058     ti_msp_dl_config.o (.text.SYSCFG_DL_PWM_JIGUANG_init)
                  00005278    00000056     libclang_rt.builtins.a : aeabi_idivmod.S.obj (.text.__aeabi_idivmod)
                  000052ce    00000002     --HOLE-- [fill = 0]
                  000052d0    00000054     ti_msp_dl_config.o (.text.SYSCFG_DL_UART_OPENMV_init)
                  00005324    0000004c     driverlib.a : dl_uart.o (.text.DL_UART_init)
                  00005370    0000004c     ti_msp_dl_config.o (.text.DL_UART_setBaudRateDivisor)
                  000053bc    00000048     driverlib.a : dl_spi.o (.text.DL_SPI_init)
                  00005404    00000044     ti_msp_dl_config.o (.text.SYSCFG_DL_init)
                  00005448    00000044     key.o (.text.key_scan)
                  0000548c    00000042     libclang_rt.builtins.a : fixunsdfsi.S.obj (.text.__fixunsdfsi)
                  000054ce    00000002     --HOLE-- [fill = 0]
                  000054d0    00000040     driverlib.a : dl_timer.o (.text.DL_Timer_setCaptureCompareOutCtl)
                  00005510    00000040     ti_msp_dl_config.o (.text.SYSCFG_DL_SPI_0_init)
                  00005550    00000040     libclang_rt.builtins.a : aeabi_uidivmod.S.obj (.text.__aeabi_uidivmod)
                  00005590    0000003e     oled.o (.text.OLED_Set_Pos)
                  000055ce    00000002     --HOLE-- [fill = 0]
                  000055d0    0000003c     driverlib.a : dl_timer.o (.text.DL_Timer_setCaptureCompareCtl)
                  0000560c    0000003c     libc.a : autoinit.c.obj (.text:__TI_auto_init_nobinit_nopinit)
                  00005648    0000003a     libclang_rt.builtins.a : muldsi3.S.obj (.text.__muldsi3)
                  00005682    00000002     --HOLE-- [fill = 0]
                  00005684    00000034     ti_msp_dl_config.o (.text.DL_GPIO_initDigitalInputFeatures)
                  000056b8    00000034     driverlib.a : dl_timer.o (.text.DL_Timer_setCaptCompUpdateMethod)
                  000056ec    00000034                 : dl_timer.o (.text.DL_Timer_setCaptureCompareAction)
                  00005720    00000034                 : dl_timer.o (.text.DL_Timer_setCaptureCompareInput)
                  00005754    00000034                 : dl_timer.o (.text.DL_Timer_setClockConfig)
                  00005788    00000034     gray_sensor.o (.text.extractSensorData)
                  000057bc    00000030     ti_msp_dl_config.o (.text.DL_GPIO_initDigitalOutputFeatures)
                  000057ec    00000030     ti_msp_dl_config.o (.text.DL_SPI_setFIFOThreshold)
                  0000581c    00000030     oled.o (.text.OLED_DC)
                  0000584c    00000030     oled.o (.text.OLED_RES)
                  0000587c    00000030     XLS-2.o (.text.Serial_GetRxFlag)
                  000058ac    00000030     oled.o (.text.oled_pow)
                  000058dc    0000002c     driverlib.a : dl_timer.o (.text.DL_Timer_setCaptureCompareValue)
                  00005908    0000002c     XLS-2.o (.text.__NVIC_ClearPendingIRQ)
                  00005934    0000002c     XLS-2.o (.text.__NVIC_EnableIRQ)
                  00005960    0000002c     libclang_rt.builtins.a : floatsidf.S.obj (.text.__floatsidf)
                  0000598c    00000028     driverlib.a : dl_spi.o (.text.DL_Common_updateReg)
                  000059b4    00000028                 : dl_timer.o (.text.DL_Common_updateReg)
                  000059dc    00000028                 : dl_uart.o (.text.DL_Common_updateReg)
                  00005a04    00000028     ti_msp_dl_config.o (.text.DL_Common_updateReg)
                  00005a2c    00000028     driverlib.a : dl_uart.o (.text.DL_UART_transmitDataBlocking)
                  00005a54    00000028     libc.a : boot_cortex_m.c.obj (.text:_c_int00_noargs)
                  00005a7c    00000024     ti_msp_dl_config.o (.text.DL_SPI_setBitRateSerialClockDivider)
                  00005aa0    00000024     driverlib.a : dl_spi.o (.text.DL_SPI_setClockConfig)
                  00005ac4    00000024                 : dl_uart.o (.text.DL_UART_setClockConfig)
                  00005ae8    00000020     ti_msp_dl_config.o (.text.DL_GPIO_initPeripheralInputFunction)
                  00005b08    00000020     driverlib.a : dl_timer.o (.text.DL_Timer_setCounterValueAfterEnable)
                  00005b28    0000001e     ti_msp_dl_config.o (.text.DL_UART_setOversampling)
                  00005b46    0000001e     ti_msp_dl_config.o (.text.SYSCFG_DL_SYSCTL_init)
                  00005b64    0000001c     ti_msp_dl_config.o (.text.DL_GPIO_initDigitalInput)
                  00005b80    0000001c     ti_msp_dl_config.o (.text.DL_GPIO_initPeripheralOutputFunction)
                  00005b9c    0000001c     ti_msp_dl_config.o (.text.DL_SYSCTL_setSYSOSCFreq)
                  00005bb8    0000001c     ti_msp_dl_config.o (.text.DL_UART_enableInterrupt)
                  00005bd4    00000018     ti_msp_dl_config.o (.text.DL_GPIO_enableOutput)
                  00005bec    00000018     ti_msp_dl_config.o (.text.DL_GPIO_enablePower)
                  00005c04    00000018     ti_msp_dl_config.o (.text.DL_GPIO_initDigitalOutput)
                  00005c1c    00000018     ti_msp_dl_config.o (.text.DL_GPIO_reset)
                  00005c34    00000018     XLS-2.o (.text.DL_GPIO_setPins)
                  00005c4c    00000018     gray_sensor.o (.text.DL_GPIO_setPins)
                  00005c64    00000018     key.o (.text.DL_GPIO_setPins)
                  00005c7c    00000018     oled.o (.text.DL_GPIO_setPins)
                  00005c94    00000018     ti_msp_dl_config.o (.text.DL_GPIO_setPins)
                  00005cac    00000018     XLS-2.o (.text.DL_GPIO_togglePins)
                  00005cc4    00000018     ti_msp_dl_config.o (.text.DL_SPI_enable)
                  00005cdc    00000018     ti_msp_dl_config.o (.text.DL_SPI_enablePower)
                  00005cf4    00000018     oled.o (.text.DL_SPI_isBusy)
                  00005d0c    00000018     ti_msp_dl_config.o (.text.DL_SPI_reset)
                  00005d24    00000018     ti_msp_dl_config.o (.text.DL_SYSCTL_setBORThreshold)
                  00005d3c    00000018     ti_msp_dl_config.o (.text.DL_Timer_enablePower)
                  00005d54    00000018     ti_msp_dl_config.o (.text.DL_Timer_reset)
                  00005d6c    00000018     driverlib.a : dl_timer.o (.text.DL_Timer_setLoadValue)
                  00005d84    00000018     XLS-2.o (.text.DL_Timer_startCounter)
                  00005d9c    00000018     XLS-2.o (.text.DL_Timer_stopCounter)
                  00005db4    00000018     ti_msp_dl_config.o (.text.DL_UART_enablePower)
                  00005dcc    00000018     driverlib.a : dl_uart.o (.text.DL_UART_isTXFIFOFull)
                  00005de4    00000018     ti_msp_dl_config.o (.text.DL_UART_reset)
                  00005dfc    00000016     gray_sensor.o (.text.DL_GPIO_readPins)
                  00005e12    00000016     key.o (.text.DL_GPIO_readPins)
                  00005e28    00000016     oled.o (.text.DL_SPI_transmitData8)
                  00005e3e    00000016     driverlib.a : dl_uart.o (.text.DL_UART_disable)
                  00005e54    00000016     ti_msp_dl_config.o (.text.DL_UART_enable)
                  00005e6a    00000016     driverlib.a : dl_uart.o (.text.DL_UART_transmitData)
                  00005e80    00000016     libc.a : copy_zero_init.c.obj (.text:decompress:ZI:__TI_zero_init_nomemset)
                  00005e96    00000014     driverlib.a : dl_common.o (.text.DL_Common_delayCycles)
                  00005eaa    00000014     XLS-2.o (.text.DL_GPIO_clearPins)
                  00005ebe    00000014     gray_sensor.o (.text.DL_GPIO_clearPins)
                  00005ed2    00000014     key.o (.text.DL_GPIO_clearPins)
                  00005ee6    00000014     oled.o (.text.DL_GPIO_clearPins)
                  00005efa    00000014     ti_msp_dl_config.o (.text.DL_GPIO_clearPins)
                  00005f0e    00000002     --HOLE-- [fill = 0]
                  00005f10    00000014     ti_msp_dl_config.o (.text.DL_SYSCTL_disableSYSPLL)
                  00005f24    00000014     ti_msp_dl_config.o (.text.DL_Timer_enableClock)
                  00005f38    00000014     ti_msp_dl_config.o (.text.DL_Timer_setCCPDirection)
                  00005f4c    00000014     XLS-2.o (.text.DL_UART_receiveData)
                  00005f60    00000012     XLS-2.o (.text.DL_UART_getPendingInterrupt)
                  00005f72    00000012     libc.a : memcpy16.S.obj (.text:TI_memcpy_small)
                  00005f84    00000012            : copy_decompress_none.c.obj (.text:decompress:none)
                  00005f96    00000002     --HOLE-- [fill = 0]
                  00005f98    00000010     ti_msp_dl_config.o (.text.DL_SYSCTL_disableHFXT)
                  00005fa8    00000008     libclang_rt.builtins.a : aeabi_memcpy.S.obj (.text.__aeabi_memcpy)
                  00005fb0    00000004     startup_mspm0g350x_ticlang.o (.text.Default_Handler)
                  00005fb4    00000004     startup_mspm0g350x_ticlang.o (.text.Reset_Handler)
                  00005fb8    00000004     libc.a : pre_init.c.obj (.text._system_pre_init)
                  00005fbc    00000004            : exit.c.obj (.text:abort)

.cinit     0    00006650    00000030     
                  00006650    0000000c     (__TI_handler_table)
                  0000665c    00000008     (.cinit..bss.load) [load image, compression = zero_init]
                  00006664    00000007     (.cinit..data.load) [load image, compression = lzss]
                  0000666b    00000001     --HOLE-- [fill = 0]
                  0000666c    00000010     (__TI_cinit_table)
                  0000667c    00000004     --HOLE-- [fill = 0]

.rodata    0    00005fc0    00000690     
                  00005fc0    000005f0     oled.o (.rodata.F8X16)
                  000065b0    00000010     XLS-2.o (.rodata.str1.63609404811669474491)
                  000065c0    0000000f     XLS-2.o (.rodata.str1.57730245061996753341)
                  000065cf    0000000e     XLS-2.o (.rodata.str1.14866964478422594581)
                  000065dd    0000000e     XLS-2.o (.rodata.str1.182612460331462643971)
                  000065eb    0000000d     XLS-2.o (.rodata.str1.53653885044313440881)
                  000065f8    0000000b     XLS-2.o (.rodata.str1.10639178830734641291)
                  00006603    00000001     --HOLE-- [fill = 0]
                  00006604    0000000a     ti_msp_dl_config.o (.rodata.gSPI_0_config)
                  0000660e    0000000a     ti_msp_dl_config.o (.rodata.gUART_OPENMVConfig)
                  00006618    00000009     XLS-2.o (.rodata.str1.115242645019120603871)
                  00006621    00000003     ti_msp_dl_config.o (.rodata.gPWM_DUOJIClockConfig)
                  00006624    00000008     ti_msp_dl_config.o (.rodata.gPWM_DUOJIConfig)
                  0000662c    00000008     ti_msp_dl_config.o (.rodata.gPWM_JIGUANGConfig)
                  00006634    00000008     ti_msp_dl_config.o (.rodata.gPWM_MOTORConfig)
                  0000663c    00000005     XLS-2.o (.rodata.str1.100191499522394069071)
                  00006641    00000005     XLS-2.o (.rodata.str1.83594408877707303691)
                  00006646    00000003     ti_msp_dl_config.o (.rodata.gPWM_JIGUANGClockConfig)
                  00006649    00000003     ti_msp_dl_config.o (.rodata.gPWM_MOTORClockConfig)
                  0000664c    00000002     ti_msp_dl_config.o (.rodata.gSPI_0_clockConfig)
                  0000664e    00000002     ti_msp_dl_config.o (.rodata.gUART_OPENMVClockConfig)

.init_array 
*          0    00000000    00000000     UNINITIALIZED

.binit     0    00000000    00000000     

.bss       0    20200000    00000114     UNINITIALIZED
                  20200000    000000bc     (.common:gPWM_JIGUANGBackup)
                  202000bc    00000030     (.common:gUART_OPENMVBackup)
                  202000ec    00000028     (.common:gSPI_0Backup)

.data      0    20200114    0000000f     UNINITIALIZED
                  20200114    0000000a     XLS-2.o (.data.Uart_Data)
                  2020011e    00000001     XLS-2.o (.data.Serial_RxFlag)
                  2020011f    00000001     XLS-2.o (.data.Uart_state)
                  20200120    00000001     XLS-2.o (.data.Uart_temp)
                  20200121    00000001     XLS-2.o (.data.key_num)
                  20200122    00000001     XLS-2.o (.data.pRxPacket)

.stack     0    20207e00    00000200     UNINITIALIZED
                  20207e00    00000004     libc.a : boot_cortex_m.c.obj (.stack)
                  20207e04    000001fc     --HOLE--

__llvm_prf_cnts 
*          0    20200000    00000000     UNINITIALIZED

__llvm_prf_bits 
*          0    20200000    00000000     UNINITIALIZED

MODULE SUMMARY

       Module                         code    ro data   rw data
       ------                         ----    -------   -------
    .\
       XLS-2.o                        17166   102       15     
       ti_msp_dl_config.o             2154    57        276    
       startup_mspm0g350x_ticlang.o   8       192       0      
    +--+------------------------------+-------+---------+---------+
       Total:                         19328   351       291    
                                                               
    .\GRAY SENSOR\
       gray_sensor.o                  326     0         0      
    +--+------------------------------+-------+---------+---------+
       Total:                         326     0         0      
                                                               
    .\KEY\
       key.o                          694     0         0      
    +--+------------------------------+-------+---------+---------+
       Total:                         694     0         0      
                                                               
    .\oled\
       oled.o                         1306    1520      0      
    +--+------------------------------+-------+---------+---------+
       Total:                         1306    1520      0      
                                                               
    D:/ti/ccs1271/mspm0_sdk_2_01_00_03/source/ti/driverlib/lib/ticlang/m0p/mspm0g1x0x_g3x0x/driverlib.a
       dl_timer.o                     980     0         0      
       dl_uart.o                      260     0         0      
       dl_spi.o                       148     0         0      
       dl_common.o                    20      0         0      
    +--+------------------------------+-------+---------+---------+
       Total:                         1408    0         0      
                                                               
    D:\ti\ccstheia140\ccs\tools\compiler\ti-cgt-armllvm_3.2.2.LTS\lib\armv6m-ti-none-eabi/c/libc.a
       copy_decompress_lzss.c.obj     120     0         0      
       autoinit.c.obj                 60      0         0      
       boot_cortex_m.c.obj            40      0         0      
       copy_zero_init.c.obj           22      0         0      
       copy_decompress_none.c.obj     18      0         0      
       memcpy16.S.obj                 18      0         0      
       exit.c.obj                     4       0         0      
       pre_init.c.obj                 4       0         0      
    +--+------------------------------+-------+---------+---------+
       Total:                         286     0         0      
                                                               
    D:\ti\ccstheia140\ccs\tools\compiler\ti-cgt-armllvm_3.2.2.LTS\lib\clang/15.0.7/lib/armv6m-ti-none-eabi/libclang_rt.builtins.a
       adddf3.S.obj                   402     0         0      
       muldf3.S.obj                   228     0         0      
       aeabi_idivmod.S.obj            86      0         0      
       fixunsdfsi.S.obj               66      0         0      
       aeabi_uidivmod.S.obj           64      0         0      
       muldsi3.S.obj                  58      0         0      
       floatsidf.S.obj                44      0         0      
       aeabi_memcpy.S.obj             8       0         0      
       aeabi_div0.c.obj               2       0         0      
    +--+------------------------------+-------+---------+---------+
       Total:                         958     0         0      
                                                               
       Stack:                         0       0         512    
       Linker Generated:              0       43        0      
    +--+------------------------------+-------+---------+---------+
       Grand Total:                   24306   1914      803    


LINKER GENERATED COPY TABLES

__TI_cinit_table @ 0000666c records: 2, size/record: 8, table size: 16
	.bss: load addr=0000665c, load size=00000008 bytes, run addr=20200000, run size=00000114 bytes, compression=zero_init
	.data: load addr=00006664, load size=00000007 bytes, run addr=20200114, run size=0000000f bytes, compression=lzss


LINKER GENERATED HANDLER TABLE

__TI_handler_table @ 00006650 records: 3, size/record: 4, table size: 12
	index: 0, handler: __TI_decompress_lzss
	index: 1, handler: __TI_decompress_none
	index: 2, handler: __TI_zero_init


GLOBAL SYMBOLS: SORTED ALPHABETICALLY BY Name 

address   name                            
-------   ----                            
00005fb1  ADC0_IRQHandler                 
00005fb1  ADC1_IRQHandler                 
00005fb1  AES_IRQHandler                  
00003749  BackwardRunning                 
00005fbc  C$$EXIT                         
00005fb1  CANFD0_IRQHandler               
00005fb1  DAC0_IRQHandler                 
00005e97  DL_Common_delayCycles           
000053bd  DL_SPI_init                     
00005aa1  DL_SPI_setClockConfig           
00004969  DL_TimerA_initPWMMode           
00004859  DL_Timer_initPWMMode            
000056b9  DL_Timer_setCaptCompUpdateMethod
000056ed  DL_Timer_setCaptureCompareAction
000055d1  DL_Timer_setCaptureCompareCtl   
00005721  DL_Timer_setCaptureCompareInput 
000054d1  DL_Timer_setCaptureCompareOutCtl
000058dd  DL_Timer_setCaptureCompareValue 
00005755  DL_Timer_setClockConfig         
00005325  DL_UART_init                    
00005ac5  DL_UART_setClockConfig          
00005a2d  DL_UART_transmitDataBlocking    
00005fb1  DMA_IRQHandler                  
00005fb1  Default_Handler                 
00005fc0  F8X16                           
00003c9d  ForwardRunning                  
00005fb1  GROUP0_IRQHandler               
00005fb1  GROUP1_IRQHandler               
000000c1  GetRedClosetoCircle             
00005fb1  HardFault_Handler               
00005fb1  I2C0_IRQHandler                 
00005fb1  I2C1_IRQHandler                 
00005fb1  NMI_Handler                     
00005025  OLED_Clear                      
0000581d  OLED_DC                         
0000472d  OLED_Init                       
0000584d  OLED_RES                        
00005591  OLED_Set_Pos                    
00004c0d  OLED_ShowChar                   
00004b39  OLED_ShowNum                    
0000508f  OLED_ShowString                 
000051c9  OLED_WR_Byte                    
00005fb1  PendSV_Handler                  
00005fb1  RTC_IRQHandler                  
00005fb5  Reset_Handler                   
00005fb1  SPI0_IRQHandler                 
00005fb1  SPI1_IRQHandler                 
00005fb1  SVC_Handler                     
000045b1  SYSCFG_DL_GPIO_init             
00004e21  SYSCFG_DL_PWM_DUOJI_init        
00005221  SYSCFG_DL_PWM_JIGUANG_init      
00004ea5  SYSCFG_DL_PWM_MOTOR_init        
00005511  SYSCFG_DL_SPI_0_init            
00005b47  SYSCFG_DL_SYSCTL_init           
000052d1  SYSCFG_DL_UART_OPENMV_init      
00005405  SYSCFG_DL_init                  
00004d95  SYSCFG_DL_initPower             
0000587d  Serial_GetRxFlag                
2020011e  Serial_RxFlag                   
00005fb1  SysTick_Handler                 
00005fb1  TIMA0_IRQHandler                
00005fb1  TIMA1_IRQHandler                
00005fb1  TIMG0_IRQHandler                
00005fb1  TIMG12_IRQHandler               
00005fb1  TIMG6_IRQHandler                
00005fb1  TIMG7_IRQHandler                
00005fb1  TIMG8_IRQHandler                
00005f73  TI_memcpy_small                 
00005fb1  UART0_IRQHandler                
00005fb1  UART1_IRQHandler                
00005fb1  UART2_IRQHandler                
00004cd5  UART3_IRQHandler                
20200114  Uart_Data                       
2020011f  Uart_state                      
20200120  Uart_temp                       
20208000  __STACK_END                     
00000200  __STACK_SIZE                    
00000000  __TI_ATRegion0_region_sz        
00000000  __TI_ATRegion0_src_addr         
00000000  __TI_ATRegion0_trg_addr         
00000000  __TI_ATRegion1_region_sz        
00000000  __TI_ATRegion1_src_addr         
00000000  __TI_ATRegion1_trg_addr         
00000000  __TI_ATRegion2_region_sz        
00000000  __TI_ATRegion2_src_addr         
00000000  __TI_ATRegion2_trg_addr         
0000666c  __TI_CINIT_Base                 
0000667c  __TI_CINIT_Limit                
0000667c  __TI_CINIT_Warm                 
00006650  __TI_Handler_Table_Base         
0000665c  __TI_Handler_Table_Limit        
0000560d  __TI_auto_init_nobinit_nopinit  
00004fad  __TI_decompress_lzss            
00005f85  __TI_decompress_none            
ffffffff  __TI_pprof_out_hndl             
ffffffff  __TI_prof_data_size             
ffffffff  __TI_prof_data_start            
00000000  __TI_static_base__              
00005e81  __TI_zero_init_nomemset         
00004427  __adddf3                        
0000548d  __aeabi_d2uiz                   
00004427  __aeabi_dadd                    
00004a55  __aeabi_dmul                    
0000441d  __aeabi_dsub                    
00005961  __aeabi_i2d                     
00005279  __aeabi_idiv                    
000045af  __aeabi_idiv0                   
00005279  __aeabi_idivmod                 
00005fa9  __aeabi_memcpy                  
00005fa9  __aeabi_memcpy4                 
00005fa9  __aeabi_memcpy8                 
00005551  __aeabi_uidiv                   
00005551  __aeabi_uidivmod                
ffffffff  __binit__                       
0000548d  __fixunsdfsi                    
00005961  __floatsidf                     
UNDEFED   __mpu_init                      
00004a55  __muldf3                        
00005649  __muldsi3                       
20207e00  __stack                         
20200000  __start___llvm_prf_bits         
20200000  __start___llvm_prf_cnts         
20200000  __stop___llvm_prf_bits          
20200000  __stop___llvm_prf_cnts          
0000441d  __subdf3                        
00005a55  _c_int00_noargs                 
UNDEFED   _system_post_cinit              
00005fb9  _system_pre_init                
00005fbd  abort                           
ffffffff  binit                           
00005789  extractSensorData               
20200000  gPWM_JIGUANGBackup              
202000ec  gSPI_0Backup                    
202000bc  gUART_OPENMVBackup              
000050f9  gray_serial_backward_read       
00005161  gray_serial_forward_read        
00000000  interruptVectors                
20200121  key_num                         
000041ed  key_read                        
00005449  key_scan                        
00002af9  main                            
000058ad  oled_pow                        
20200122  pRxPacket                       


GLOBAL SYMBOLS: SORTED BY Symbol Address 

address   name                            
-------   ----                            
00000000  __TI_ATRegion0_region_sz        
00000000  __TI_ATRegion0_src_addr         
00000000  __TI_ATRegion0_trg_addr         
00000000  __TI_ATRegion1_region_sz        
00000000  __TI_ATRegion1_src_addr         
00000000  __TI_ATRegion1_trg_addr         
00000000  __TI_ATRegion2_region_sz        
00000000  __TI_ATRegion2_src_addr         
00000000  __TI_ATRegion2_trg_addr         
00000000  __TI_static_base__              
00000000  interruptVectors                
000000c1  GetRedClosetoCircle             
00000200  __STACK_SIZE                    
00002af9  main                            
00003749  BackwardRunning                 
00003c9d  ForwardRunning                  
000041ed  key_read                        
0000441d  __aeabi_dsub                    
0000441d  __subdf3                        
00004427  __adddf3                        
00004427  __aeabi_dadd                    
000045af  __aeabi_idiv0                   
000045b1  SYSCFG_DL_GPIO_init             
0000472d  OLED_Init                       
00004859  DL_Timer_initPWMMode            
00004969  DL_TimerA_initPWMMode           
00004a55  __aeabi_dmul                    
00004a55  __muldf3                        
00004b39  OLED_ShowNum                    
00004c0d  OLED_ShowChar                   
00004cd5  UART3_IRQHandler                
00004d95  SYSCFG_DL_initPower             
00004e21  SYSCFG_DL_PWM_DUOJI_init        
00004ea5  SYSCFG_DL_PWM_MOTOR_init        
00004fad  __TI_decompress_lzss            
00005025  OLED_Clear                      
0000508f  OLED_ShowString                 
000050f9  gray_serial_backward_read       
00005161  gray_serial_forward_read        
000051c9  OLED_WR_Byte                    
00005221  SYSCFG_DL_PWM_JIGUANG_init      
00005279  __aeabi_idiv                    
00005279  __aeabi_idivmod                 
000052d1  SYSCFG_DL_UART_OPENMV_init      
00005325  DL_UART_init                    
000053bd  DL_SPI_init                     
00005405  SYSCFG_DL_init                  
00005449  key_scan                        
0000548d  __aeabi_d2uiz                   
0000548d  __fixunsdfsi                    
000054d1  DL_Timer_setCaptureCompareOutCtl
00005511  SYSCFG_DL_SPI_0_init            
00005551  __aeabi_uidiv                   
00005551  __aeabi_uidivmod                
00005591  OLED_Set_Pos                    
000055d1  DL_Timer_setCaptureCompareCtl   
0000560d  __TI_auto_init_nobinit_nopinit  
00005649  __muldsi3                       
000056b9  DL_Timer_setCaptCompUpdateMethod
000056ed  DL_Timer_setCaptureCompareAction
00005721  DL_Timer_setCaptureCompareInput 
00005755  DL_Timer_setClockConfig         
00005789  extractSensorData               
0000581d  OLED_DC                         
0000584d  OLED_RES                        
0000587d  Serial_GetRxFlag                
000058ad  oled_pow                        
000058dd  DL_Timer_setCaptureCompareValue 
00005961  __aeabi_i2d                     
00005961  __floatsidf                     
00005a2d  DL_UART_transmitDataBlocking    
00005a55  _c_int00_noargs                 
00005aa1  DL_SPI_setClockConfig           
00005ac5  DL_UART_setClockConfig          
00005b47  SYSCFG_DL_SYSCTL_init           
00005e81  __TI_zero_init_nomemset         
00005e97  DL_Common_delayCycles           
00005f73  TI_memcpy_small                 
00005f85  __TI_decompress_none            
00005fa9  __aeabi_memcpy                  
00005fa9  __aeabi_memcpy4                 
00005fa9  __aeabi_memcpy8                 
00005fb1  ADC0_IRQHandler                 
00005fb1  ADC1_IRQHandler                 
00005fb1  AES_IRQHandler                  
00005fb1  CANFD0_IRQHandler               
00005fb1  DAC0_IRQHandler                 
00005fb1  DMA_IRQHandler                  
00005fb1  Default_Handler                 
00005fb1  GROUP0_IRQHandler               
00005fb1  GROUP1_IRQHandler               
00005fb1  HardFault_Handler               
00005fb1  I2C0_IRQHandler                 
00005fb1  I2C1_IRQHandler                 
00005fb1  NMI_Handler                     
00005fb1  PendSV_Handler                  
00005fb1  RTC_IRQHandler                  
00005fb1  SPI0_IRQHandler                 
00005fb1  SPI1_IRQHandler                 
00005fb1  SVC_Handler                     
00005fb1  SysTick_Handler                 
00005fb1  TIMA0_IRQHandler                
00005fb1  TIMA1_IRQHandler                
00005fb1  TIMG0_IRQHandler                
00005fb1  TIMG12_IRQHandler               
00005fb1  TIMG6_IRQHandler                
00005fb1  TIMG7_IRQHandler                
00005fb1  TIMG8_IRQHandler                
00005fb1  UART0_IRQHandler                
00005fb1  UART1_IRQHandler                
00005fb1  UART2_IRQHandler                
00005fb5  Reset_Handler                   
00005fb9  _system_pre_init                
00005fbc  C$$EXIT                         
00005fbd  abort                           
00005fc0  F8X16                           
00006650  __TI_Handler_Table_Base         
0000665c  __TI_Handler_Table_Limit        
0000666c  __TI_CINIT_Base                 
0000667c  __TI_CINIT_Limit                
0000667c  __TI_CINIT_Warm                 
20200000  __start___llvm_prf_bits         
20200000  __start___llvm_prf_cnts         
20200000  __stop___llvm_prf_bits          
20200000  __stop___llvm_prf_cnts          
20200000  gPWM_JIGUANGBackup              
202000bc  gUART_OPENMVBackup              
202000ec  gSPI_0Backup                    
20200114  Uart_Data                       
2020011e  Serial_RxFlag                   
2020011f  Uart_state                      
20200120  Uart_temp                       
20200121  key_num                         
20200122  pRxPacket                       
20207e00  __stack                         
20208000  __STACK_END                     
ffffffff  __TI_pprof_out_hndl             
ffffffff  __TI_prof_data_size             
ffffffff  __TI_prof_data_start            
ffffffff  __binit__                       
ffffffff  binit                           
UNDEFED   __mpu_init                      
UNDEFED   _system_post_cinit              

[143 symbols]
