******************************************************************************
            TI ARM Clang Linker PC v3.2.2                      
******************************************************************************
>> Linked Thu Aug  1 18:09:50 2024

OUTPUT FILE NAME:   <XLS-4-B.out>
ENTRY POINT SYMBOL: "_c_int00_noargs"  address: 0000a0b1


MEMORY CONFIGURATION

         name            origin    length      used     unused   attr    fill
----------------------  --------  ---------  --------  --------  ----  --------
  FLASH                 00000000   00020000  0000c160  00013ea0  R  X
  SRAM                  20200000   00008000  0000074b  000078b5  RW X
  BCR_CONFIG            41c00000   00000080  00000000  00000080  R   
  BSL_CONFIG            41c00100   00000080  00000000  00000080  R   


SEGMENT ALLOCATION MAP

run origin  load origin   length   init length attrs members
----------  ----------- ---------- ----------- ----- -------
00000000    00000000    0000c160   0000c160    r-x
  00000000    00000000    000000c0   000000c0    r-- .intvecs
  000000c0    000000c0    0000aab0   0000aab0    r-x .text
  0000ab70    0000ab70    00001580   00001580    r-- .rodata
  0000c0f0    0000c0f0    00000070   00000070    r-- .cinit
20200000    20200000    0000054e   00000000    rw-
  20200000    20200000    000003c9   00000000    rw- .bss
  202003cc    202003cc    00000182   00000000    rw- .data
20207e00    20207e00    00000200   00000000    rw-
  20207e00    20207e00    00000200   00000000    rw- .stack


SECTION ALLOCATION MAP

 output                                  attributes/
section   page    origin      length       input sections
--------  ----  ----------  ----------   ----------------
.intvecs   0    00000000    000000c0     
                  00000000    000000c0     startup_mspm0g350x_ticlang.o (.intvecs)

.text      0    000000c0    0000aab0     
                  000000c0    00001c6c     XLS-4-B.o (.text.main)
                  00001d2c    00000888     libc.a : _printfi.c.obj (.text:__TI_printfi_nofloat)
                  000025b4    000005a4     gray_sensor.o (.text.GetErrorandA)
                  00002b58    000004b8     inv_mpu.o (.text.get_st_biases)
                  00003010    00000370     libc.a : e_asin.c.obj (.text.asin)
                  00003380    000002f8            : s_atan.c.obj (.text.atan)
                  00003678    00000278     inv_mpu_dmp_motion_driver.o (.text.dmp_enable_feature)
                  000038f0    00000240     key.o (.text.key_read)
                  00003b30    00000238     inv_mpu_dmp_motion_driver.o (.text.dmp_set_tap_thresh)
                  00003d68    00000220     inv_mpu.o (.text.mpu_reset_fifo)
                  00003f88    00000214     inv_mpu.o (.text.mpu_dmp_get_data)
                  0000419c    00000214     inv_mpu.o (.text.mpu_init)
                  000043b0    00000204     XLS-4-B.o (.text.GuanDao0)
                  000045b4    000001f4     inv_mpu_dmp_motion_driver.o (.text.dmp_read_fifo)
                  000047a8    000001dc     ti_msp_dl_config.o (.text.SYSCFG_DL_GPIO_init)
                  00004984    000001d4     motor.o (.text.Set_Speed)
                  00004b58    000001a4     XLS-4-B.o (.text.GuanDao3)
                  00004cfc    000001a4     XLS-4-B.o (.text.GuanDao4)
                  00004ea0    000001a0     inv_mpu.o (.text.mpu_set_bypass)
                  00005040    00000198     libc.a : e_atan2.c.obj (.text.atan2)
                  000051d8    00000192     libclang_rt.builtins.a : adddf3.S.obj (.text.adddf3_subdf3)
                  0000536a    00000002                            : aeabi_div0.c.obj (.text.__aeabi_idiv0)
                  0000536c    00000184     libc.a : e_sqrt.c.obj (.text.sqrt)
                  000054f0    00000178     inv_mpu_dmp_motion_driver.o (.text.dmp_set_orientation)
                  00005668    00000174     inv_mpu.o (.text.mpu_run_self_test)
                  000057dc    0000016c     motor.o (.text.Gray_Sensor_Ctrl_PID_Alternative)
                  00005948    00000168     motor.o (.text.Gray_Sensor_Ctrl_PID)
                  00005ab0    00000164     motor.o (.text.Gray_Sensor_Ctrl_Mansu_PID)
                  00005c14    0000013c     inv_mpu.o (.text.gyro_self_test)
                  00005d50    00000138     inv_mpu_dmp_motion_driver.o (.text.dmp_set_gyro_bias)
                  00005e88    00000134     bsp_mpu6050.o (.text.MPU6050_ReadData)
                  00005fbc    00000134     inv_mpu.o (.text.mpu_dmp_init)
                  000060f0    00000130     inv_mpu.o (.text.mpu_set_sensors)
                  00006220    0000012c     bsp_mpu6050.o (.text.I2C1_IRQHandler)
                  0000634c    0000012c     oled.o (.text.OLED_Init)
                  00006478    00000124     XLS-4-B.o (.text.GuanDao1)
                  0000659c    00000124     XLS-4-B.o (.text.GuanDao2)
                  000066c0    00000124     bsp_mpu6050.o (.text.MPU6050_WriteReg)
                  000067e4    00000124     inv_mpu.o (.text.mpu_load_firmware)
                  00006908    00000118     motor.o (.text.TuoLuoYi_Ctrl_PID)
                  00006a20    00000110     driverlib.a : dl_timer.o (.text.DL_Timer_initPWMMode)
                  00006b30    00000110     inv_mpu.o (.text.mpu_lp_accel_mode)
                  00006c40    0000010c     libclang_rt.builtins.a : divdf3.S.obj (.text.__divdf3)
                  00006d4c    00000108     inv_mpu_dmp_motion_driver.o (.text.dmp_set_accel_bias)
                  00006e54    00000108     inv_mpu.o (.text.mpu_read_fifo_stream)
                  00006f5c    00000100     driverlib.a : dl_timer.o (.text.DL_Timer_initTimerMode)
                  0000705c    000000f4     oled.o (.text.OLED_ShowBasicBoard)
                  00007150    000000ec     inv_mpu.o (.text.get_accel_prod_shift)
                  0000723c    000000ec     inv_mpu.o (.text.mpu_set_sample_rate)
                  00007328    000000e4     libclang_rt.builtins.a : muldf3.S.obj (.text.__muldf3)
                  0000740c    000000e4     inv_mpu.o (.text.mpu_set_accel_fsr)
                  000074f0    000000dc     inv_mpu.o (.text.accel_self_test)
                  000075cc    000000d8     libclang_rt.builtins.a : addsf3.S.obj (.text)
                  000076a4    000000d4     oled.o (.text.OLED_ShowNum)
                  00007778    000000d4     ti_msp_dl_config.o (.text.SYSCFG_DL_initPower)
                  0000784c    000000d4     inv_mpu.o (.text.set_int_enable)
                  00007920    000000d0     inv_mpu.o (.text.mpu_set_lpf)
                  000079f0    000000ce     bsp_mpu6050.o (.text.MPU6050_Init)
                  00007abe    00000002     libclang_rt.builtins.a : aeabi_div0.c.obj (.text.__aeabi_ldiv0)
                  00007ac0    000000c8     oled.o (.text.OLED_ShowChar)
                  00007b88    000000c4     inv_mpu.o (.text.mpu_set_gyro_fsr)
                  00007c4c    000000bc     inv_mpu.o (.text.mpu_configure_fifo)
                  00007d08    000000b8     inv_mpu.o (.text.mpu_set_dmp_state)
                  00007dc0    000000ac     inv_mpu.o (.text.mpu_read_mem)
                  00007e6c    000000ac     inv_mpu.o (.text.mpu_write_mem)
                  00007f18    000000a2     libclang_rt.builtins.a : udivmoddi4.S.obj (.text)
                  00007fba    00000002     libc.a : _lock.c.obj (.text._nop)
                  00007fbc    0000009c     XLS-4-B.o (.text.GROUP1_IRQHandler)
                  00008058    0000009c     key.o (.text.key_scan)
                  000080f4    0000009c     inv_mpu.o (.text.mpu_set_int_latched)
                  00008190    00000098     inv_mpu_dmp_motion_driver.o (.text.dmp_set_fifo_rate)
                  00008228    00000098     inv_mpu.o (.text.run_self_test)
                  000082c0    00000096     inv_mpu.o (.text.inv_row_2_scale)
                  00008356    00000090     bsp_mpu6050.o (.text.MPU_Set_LPF)
                  000083e6    00000002     --HOLE-- [fill = 0]
                  000083e8    0000008c     libclang_rt.builtins.a : mulsf3.S.obj (.text.__mulsf3)
                  00008474    0000008c     inv_mpu_dmp_motion_driver.o (.text.decode_gesture)
                  00008500    00000084     ti_msp_dl_config.o (.text.SYSCFG_DL_PWM_MOTOR_init)
                  00008584    00000084     ti_msp_dl_config.o (.text.__NVIC_SetPriority)
                  00008608    00000082     libclang_rt.builtins.a : divsf3.S.obj (.text.__divsf3)
                  0000868a    00000002     --HOLE-- [fill = 0]
                  0000868c    00000080     inv_mpu.o (.text.mpu_get_accel_sens)
                  0000870c    0000007c     inv_mpu.o (.text.mpu_get_lpf)
                  00008788    00000078     libc.a : copy_decompress_lzss.c.obj (.text:decompress:lzss)
                  00008800    00000074     libclang_rt.builtins.a : truncdfsf2.S.obj (.text.__truncdfsf2)
                  00008874    00000074     gray_sensor.o (.text.gray_serial_forward_read)
                  000088e8    00000074     inv_mpu.o (.text.mpu_get_accel_fsr)
                  0000895c    00000070     bsp_mpu6050.o (.text.MPU_Set_Rate)
                  000089cc    00000070     XLS-4-B.o (.text.System_Init)
                  00008a3c    00000070     libclang_rt.builtins.a : comparedf2.c.obj (.text.__gedf2)
                  00008aac    00000070     inv_mpu.o (.text.mpu_get_gyro_sens)
                  00008b1c    0000006c     libclang_rt.builtins.a : comparedf2.c.obj (.text.__ledf2)
                  00008b88    0000006a     oled.o (.text.OLED_Clear)
                  00008bf2    00000068     oled.o (.text.OLED_ShowString)
                  00008c5a    00000002     --HOLE-- [fill = 0]
                  00008c5c    00000068     motor.o (.text.XianFu)
                  00008cc4    00000066     inv_mpu_dmp_motion_driver.o (.text.dmp_set_tap_axes)
                  00008d2a    00000002     --HOLE-- [fill = 0]
                  00008d2c    00000064     ti_msp_dl_config.o (.text.SYSCFG_DL_I2C_MPU6050_init)
                  00008d90    00000064     ti_msp_dl_config.o (.text.SYSCFG_DL_init)
                  00008df4    00000062     libclang_rt.builtins.a : aeabi_dcmp.S.obj (.text.__aeabi_dcmp)
                  00008e56    00000002     --HOLE-- [fill = 0]
                  00008e58    00000062                            : aeabi_fcmp.S.obj (.text.__aeabi_fcmp)
                  00008eba    00000002     --HOLE-- [fill = 0]
                  00008ebc    00000060     inv_mpu_dmp_motion_driver.o (.text.dmp_enable_gyro_cal)
                  00008f1c    00000060     inv_mpu.o (.text.mpu_get_gyro_fsr)
                  00008f7c    0000005c     bsp_mpu6050.o (.text.MPU6050ReadID)
                  00008fd8    0000005c     libc.a : printf.c.obj (.text.printf)
                  00009034    00000058     oled.o (.text.OLED_WR_Byte)
                  0000908c    00000056     libclang_rt.builtins.a : aeabi_idivmod.S.obj (.text.__aeabi_idivmod)
                  000090e2    00000054     driverlib.a : dl_i2c.o (.text.DL_I2C_fillControllerTXFIFO)
                  00009136    00000002     --HOLE-- [fill = 0]
                  00009138    00000054     XLS-4-B.o (.text.TIMG8_IRQHandler)
                  0000918c    00000050     bsp_mpu6050.o (.text.DL_I2C_startControllerTransfer)
                  000091dc    00000050     board.o (.text.fputs)
                  0000922c    0000004c     driverlib.a : dl_uart.o (.text.DL_UART_init)
                  00009278    0000004c     ti_msp_dl_config.o (.text.DL_UART_setBaudRateDivisor)
                  000092c4    0000004a     libclang_rt.builtins.a : fixdfsi.S.obj (.text.__fixdfsi)
                  0000930e    00000002     --HOLE-- [fill = 0]
                  00009310    00000048     driverlib.a : dl_spi.o (.text.DL_SPI_init)
                  00009358    00000048     ti_msp_dl_config.o (.text.SYSCFG_DL_UART_0_init)
                  000093a0    00000048     inv_mpu_dmp_motion_driver.o (.text.dmp_enable_6x_lp_quat)
                  000093e8    00000048     inv_mpu_dmp_motion_driver.o (.text.dmp_enable_lp_quat)
                  00009430    00000044     inv_mpu_dmp_motion_driver.o (.text.dmp_set_shake_reject_thresh)
                  00009474    00000044     inv_mpu_dmp_motion_driver.o (.text.dmp_set_tap_count)
                  000094b8    00000040     driverlib.a : dl_timer.o (.text.DL_Timer_setCaptureCompareOutCtl)
                  000094f8    00000040     ti_msp_dl_config.o (.text.SYSCFG_DL_SPI_0_init)
                  00009538    00000040     ti_msp_dl_config.o (.text.SYSCFG_DL_TIMER_CarCTRL_Alternative_init)
                  00009578    00000040     ti_msp_dl_config.o (.text.SYSCFG_DL_TIMER_CarCTRL_init)
                  000095b8    00000040     XLS-4-B.o (.text.TIMG7_IRQHandler)
                  000095f8    00000040     libclang_rt.builtins.a : aeabi_uidivmod.S.obj (.text.__aeabi_uidivmod)
                  00009638    00000040                            : extendsfdf2.S.obj (.text.__extendsfdf2)
                  00009678    00000040     libc.a : atoi.c.obj (.text.atoi)
                  000096b8    0000003e     oled.o (.text.OLED_Set_Pos)
                  000096f6    0000003e     libclang_rt.builtins.a : divmoddi4.c.obj (.text.__divmoddi4)
                  00009734    0000003e     inv_mpu.o (.text.inv_orientation_matrix_to_scalar)
                  00009772    00000002     --HOLE-- [fill = 0]
                  00009774    0000003c     ti_msp_dl_config.o (.text.DL_GPIO_initPeripheralInputFunctionFeatures)
                  000097b0    0000003c     driverlib.a : dl_timer.o (.text.DL_Timer_setCaptureCompareCtl)
                  000097ec    0000003c     libclang_rt.builtins.a : floatsisf.S.obj (.text.__floatsisf)
                  00009828    0000003c                            : comparesf2.S.obj (.text.__gtsf2)
                  00009864    0000003c     libc.a : autoinit.c.obj (.text:__TI_auto_init_nobinit_nopinit)
                  000098a0    0000003a     libclang_rt.builtins.a : comparesf2.S.obj (.text.__eqsf2)
                  000098da    00000002     --HOLE-- [fill = 0]
                  000098dc    0000003a                            : muldsi3.S.obj (.text.__muldsi3)
                  00009916    00000002     --HOLE-- [fill = 0]
                  00009918    00000038     motor.o (.text.Motor_Off)
                  00009950    00000038     libclang_rt.builtins.a : fixsfsi.S.obj (.text.__fixsfsi)
                  00009988    00000034     ti_msp_dl_config.o (.text.DL_GPIO_initDigitalInputFeatures)
                  000099bc    00000034     driverlib.a : dl_i2c.o (.text.DL_I2C_setClockConfig)
                  000099f0    00000034                 : dl_timer.o (.text.DL_Timer_setCaptCompUpdateMethod)
                  00009a24    00000034                 : dl_timer.o (.text.DL_Timer_setCaptureCompareAction)
                  00009a58    00000034                 : dl_timer.o (.text.DL_Timer_setCaptureCompareInput)
                  00009a8c    00000034                 : dl_timer.o (.text.DL_Timer_setClockConfig)
                  00009ac0    00000034     ti_msp_dl_config.o (.text.SYSCFG_DL_TIMER_DingShiQi_init)
                  00009af4    00000034     ti_msp_dl_config.o (.text.SYSCFG_DL_TIMER_JiaJianSu_init)
                  00009b28    00000034     ti_msp_dl_config.o (.text.SYSCFG_DL_TIMER_ShengGuang_init)
                  00009b5c    00000034     XLS-4-B.o (.text.TIMA0_IRQHandler)
                  00009b90    00000034     XLS-4-B.o (.text.__NVIC_DisableIRQ)
                  00009bc4    00000034     gray_sensor.o (.text.extractSensorData)
                  00009bf8    00000034     inv_mpu.o (.text.mpu_get_sample_rate)
                  00009c2c    00000032     libclang_rt.builtins.a : fixunssfsi.S.obj (.text.__fixunssfsi)
                  00009c5e    00000032     inv_mpu_dmp_motion_driver.o (.text.dmp_set_shake_reject_time)
                  00009c90    00000032     inv_mpu_dmp_motion_driver.o (.text.dmp_set_shake_reject_timeout)
                  00009cc2    00000002     --HOLE-- [fill = 0]
                  00009cc4    00000030     ti_msp_dl_config.o (.text.DL_GPIO_initDigitalOutputFeatures)
                  00009cf4    00000030     ti_msp_dl_config.o (.text.DL_SPI_setFIFOThreshold)
                  00009d24    00000030     oled.o (.text.OLED_DC)
                  00009d54    00000030     oled.o (.text.OLED_RES)
                  00009d84    00000030     XLS-4-B.o (.text.UART0_IRQHandler)
                  00009db4    00000030     inv_mpu_dmp_motion_driver.o (.text.dmp_set_tap_time)
                  00009de4    00000030     inv_mpu_dmp_motion_driver.o (.text.dmp_set_tap_time_multi)
                  00009e14    00000030     oled.o (.text.oled_pow)
                  00009e44    0000002c     driverlib.a : dl_timer.o (.text.DL_Timer_setCaptureCompareValue)
                  00009e70    0000002c     XLS-4-B.o (.text.ShengGuang)
                  00009e9c    0000002c     XLS-4-B.o (.text.__NVIC_ClearPendingIRQ)
                  00009ec8    0000002c     XLS-4-B.o (.text.__NVIC_EnableIRQ)
                  00009ef4    0000002c     libclang_rt.builtins.a : floatsidf.S.obj (.text.__floatsidf)
                  00009f20    00000028     bsp_mpu6050.o (.text.DL_Common_updateReg)
                  00009f48    00000028     driverlib.a : dl_i2c.o (.text.DL_Common_updateReg)
                  00009f70    00000028                 : dl_spi.o (.text.DL_Common_updateReg)
                  00009f98    00000028                 : dl_timer.o (.text.DL_Common_updateReg)
                  00009fc0    00000028                 : dl_uart.o (.text.DL_Common_updateReg)
                  00009fe8    00000028     ti_msp_dl_config.o (.text.DL_Common_updateReg)
                  0000a010    00000028     ti_msp_dl_config.o (.text.DL_I2C_setControllerRXFIFOThreshold)
                  0000a038    00000028     ti_msp_dl_config.o (.text.DL_I2C_setControllerTXFIFOThreshold)
                  0000a060    00000028     driverlib.a : dl_uart.o (.text.DL_UART_transmitDataBlocking)
                  0000a088    00000028     libclang_rt.builtins.a : floatunsisf.S.obj (.text.__floatunsisf)
                  0000a0b0    00000028     libc.a : boot_cortex_m.c.obj (.text:_c_int00_noargs)
                  0000a0d8    00000026     ti_msp_dl_config.o (.text.DL_I2C_setAnalogGlitchFilterPulseWidth)
                  0000a0fe    00000002     --HOLE-- [fill = 0]
                  0000a100    00000024     ti_msp_dl_config.o (.text.DL_SPI_setBitRateSerialClockDivider)
                  0000a124    00000024     driverlib.a : dl_spi.o (.text.DL_SPI_setClockConfig)
                  0000a148    00000024                 : dl_uart.o (.text.DL_UART_setClockConfig)
                  0000a16c    00000024     XLS-4-B.o (.text.TIMA1_IRQHandler)
                  0000a190    00000024     XLS-4-B.o (.text.TIMG6_IRQHandler)
                  0000a1b4    00000024     libclang_rt.builtins.a : muldi3.S.obj (.text.__muldi3)
                  0000a1d8    00000022     board.o (.text.delay_ms)
                  0000a1fa    00000022     libc.a : memccpy.c.obj (.text.memccpy)
                  0000a21c    00000020     ti_msp_dl_config.o (.text.DL_GPIO_initPeripheralInputFunction)
                  0000a23c    00000020     driverlib.a : dl_timer.o (.text.DL_Timer_setCounterValueAfterEnable)
                  0000a25c    00000020     libc.a : memcmp.c.obj (.text.memcmp)
                  0000a27c    0000001e     ti_msp_dl_config.o (.text.DL_UART_setOversampling)
                  0000a29a    0000001e     bsp_mpu6050.o (.text.MPU_Set_Accel_Fsr)
                  0000a2b8    0000001e     bsp_mpu6050.o (.text.MPU_Set_Gyro_Fsr)
                  0000a2d6    0000001e     ti_msp_dl_config.o (.text.SYSCFG_DL_SYSCTL_init)
                  0000a2f4    0000001e     libclang_rt.builtins.a : ashldi3.S.obj (.text.__ashldi3)
                  0000a312    00000002     --HOLE-- [fill = 0]
                  0000a314    0000001c     XLS-4-B.o (.text.DL_GPIO_clearInterruptStatus)
                  0000a330    0000001c     ti_msp_dl_config.o (.text.DL_GPIO_clearInterruptStatus)
                  0000a34c    0000001c     ti_msp_dl_config.o (.text.DL_GPIO_enableHiZ)
                  0000a368    0000001c     ti_msp_dl_config.o (.text.DL_GPIO_enableInterrupt)
                  0000a384    0000001c     ti_msp_dl_config.o (.text.DL_GPIO_initDigitalInput)
                  0000a3a0    0000001c     ti_msp_dl_config.o (.text.DL_GPIO_initPeripheralOutputFunction)
                  0000a3bc    0000001c     ti_msp_dl_config.o (.text.DL_GPIO_setLowerPinsPolarity)
                  0000a3d8    0000001c     bsp_mpu6050.o (.text.DL_I2C_disableInterrupt)
                  0000a3f4    0000001c     bsp_mpu6050.o (.text.DL_I2C_enableInterrupt)
                  0000a410    0000001c     ti_msp_dl_config.o (.text.DL_I2C_enableInterrupt)
                  0000a42c    0000001c     bsp_mpu6050.o (.text.DL_I2C_isControllerRXFIFOEmpty)
                  0000a448    0000001c     driverlib.a : dl_i2c.o (.text.DL_I2C_isControllerTXFIFOFull)
                  0000a464    0000001c     ti_msp_dl_config.o (.text.DL_SYSCTL_setSYSOSCFreq)
                  0000a480    0000001c     ti_msp_dl_config.o (.text.DL_Timer_enableInterrupt)
                  0000a49c    0000001c     ti_msp_dl_config.o (.text.DL_UART_enableInterrupt)
                  0000a4b8    0000001c     inv_mpu_dmp_motion_driver.o (.text.dmp_load_motion_driver_firmware)
                  0000a4d4    0000001c     board.o (.text.fputc)
                  0000a4f0    00000018     ti_msp_dl_config.o (.text.DL_GPIO_enableOutput)
                  0000a508    00000018     ti_msp_dl_config.o (.text.DL_GPIO_enablePower)
                  0000a520    00000018     XLS-4-B.o (.text.DL_GPIO_getEnabledInterruptStatus)
                  0000a538    00000018     ti_msp_dl_config.o (.text.DL_GPIO_initDigitalOutput)
                  0000a550    00000018     ti_msp_dl_config.o (.text.DL_GPIO_reset)
                  0000a568    00000018     XLS-4-B.o (.text.DL_GPIO_setPins)
                  0000a580    00000018     gray_sensor.o (.text.DL_GPIO_setPins)
                  0000a598    00000018     key.o (.text.DL_GPIO_setPins)
                  0000a5b0    00000018     motor.o (.text.DL_GPIO_setPins)
                  0000a5c8    00000018     oled.o (.text.DL_GPIO_setPins)
                  0000a5e0    00000018     ti_msp_dl_config.o (.text.DL_GPIO_setPins)
                  0000a5f8    00000018     ti_msp_dl_config.o (.text.DL_GPIO_setUpperPinsPolarity)
                  0000a610    00000018     ti_msp_dl_config.o (.text.DL_I2C_enableAnalogGlitchFilter)
                  0000a628    00000018     ti_msp_dl_config.o (.text.DL_I2C_enableController)
                  0000a640    00000018     ti_msp_dl_config.o (.text.DL_I2C_enableControllerClockStretching)
                  0000a658    00000018     ti_msp_dl_config.o (.text.DL_I2C_enablePower)
                  0000a670    00000018     ti_msp_dl_config.o (.text.DL_I2C_reset)
                  0000a688    00000018     ti_msp_dl_config.o (.text.DL_I2C_setTimerPeriod)
                  0000a6a0    00000018     ti_msp_dl_config.o (.text.DL_SPI_enable)
                  0000a6b8    00000018     ti_msp_dl_config.o (.text.DL_SPI_enablePower)
                  0000a6d0    00000018     oled.o (.text.DL_SPI_isBusy)
                  0000a6e8    00000018     ti_msp_dl_config.o (.text.DL_SPI_reset)
                  0000a700    00000018     ti_msp_dl_config.o (.text.DL_SYSCTL_setBORThreshold)
                  0000a718    00000018     ti_msp_dl_config.o (.text.DL_Timer_enablePower)
                  0000a730    00000018     ti_msp_dl_config.o (.text.DL_Timer_reset)
                  0000a748    00000018     XLS-4-B.o (.text.DL_Timer_setLoadValue)
                  0000a760    00000018     driverlib.a : dl_timer.o (.text.DL_Timer_setLoadValue)
                  0000a778    00000018     XLS-4-B.o (.text.DL_Timer_startCounter)
                  0000a790    00000018     XLS-4-B.o (.text.DL_Timer_stopCounter)
                  0000a7a8    00000018     ti_msp_dl_config.o (.text.DL_UART_enablePower)
                  0000a7c0    00000018     driverlib.a : dl_uart.o (.text.DL_UART_isTXFIFOFull)
                  0000a7d8    00000018     ti_msp_dl_config.o (.text.DL_UART_reset)
                  0000a7f0    00000018     inv_mpu.o (.text.mpu_get_fifo_config)
                  0000a808    00000016     XLS-4-B.o (.text.DL_GPIO_readPins)
                  0000a81e    00000016     gray_sensor.o (.text.DL_GPIO_readPins)
                  0000a834    00000016     key.o (.text.DL_GPIO_readPins)
                  0000a84a    00000016     driverlib.a : dl_i2c.o (.text.DL_I2C_transmitControllerData)
                  0000a860    00000016     oled.o (.text.DL_SPI_transmitData8)
                  0000a876    00000016     driverlib.a : dl_uart.o (.text.DL_UART_disable)
                  0000a88c    00000016     ti_msp_dl_config.o (.text.DL_UART_enable)
                  0000a8a2    00000016     driverlib.a : dl_uart.o (.text.DL_UART_transmitData)
                  0000a8b8    00000016     libc.a : copy_zero_init.c.obj (.text:decompress:ZI:__TI_zero_init_nomemset)
                  0000a8ce    00000014     driverlib.a : dl_common.o (.text.DL_Common_delayCycles)
                  0000a8e2    00000014     XLS-4-B.o (.text.DL_GPIO_clearPins)
                  0000a8f6    00000014     gray_sensor.o (.text.DL_GPIO_clearPins)
                  0000a90a    00000014     key.o (.text.DL_GPIO_clearPins)
                  0000a91e    00000014     motor.o (.text.DL_GPIO_clearPins)
                  0000a932    00000014     oled.o (.text.DL_GPIO_clearPins)
                  0000a946    00000014     ti_msp_dl_config.o (.text.DL_GPIO_clearPins)
                  0000a95a    00000002     --HOLE-- [fill = 0]
                  0000a95c    00000014     bsp_mpu6050.o (.text.DL_I2C_getControllerStatus)
                  0000a970    00000014     bsp_mpu6050.o (.text.DL_I2C_receiveControllerData)
                  0000a984    00000014     ti_msp_dl_config.o (.text.DL_I2C_resetControllerTransfer)
                  0000a998    00000014     ti_msp_dl_config.o (.text.DL_SYSCTL_disableSYSPLL)
                  0000a9ac    00000014     ti_msp_dl_config.o (.text.DL_Timer_enableClock)
                  0000a9c0    00000014     ti_msp_dl_config.o (.text.DL_Timer_setCCPDirection)
                  0000a9d4    00000014     XLS-4-B.o (.text.DL_UART_receiveData)
                  0000a9e8    00000014     libclang_rt.builtins.a : aeabi_ldivmod.S.obj (.text.__aeabi_ldivmod)
                  0000a9fc    00000014                            : aeabi_uldivmod.S.obj (.text.__aeabi_uldivmod)
                  0000aa10    00000012     bsp_mpu6050.o (.text.DL_I2C_getPendingInterrupt)
                  0000aa22    00000012     XLS-4-B.o (.text.DL_Timer_getPendingInterrupt)
                  0000aa34    00000012     XLS-4-B.o (.text.DL_UART_getPendingInterrupt)
                  0000aa46    00000012     libc.a : memcpy16.S.obj (.text:TI_memcpy_small)
                  0000aa58    00000012            : copy_decompress_none.c.obj (.text:decompress:none)
                  0000aa6a    00000002     --HOLE-- [fill = 0]
                  0000aa6c    00000010     ti_msp_dl_config.o (.text.DL_SYSCTL_disableHFXT)
                  0000aa7c    00000010     libc.a : wcslen.c.obj (.text.wcslen)
                  0000aa8c    0000000e     libclang_rt.builtins.a : aeabi_memset.S.obj (.text.__aeabi_memset)
                  0000aa9a    0000000e     libc.a : _printfi.c.obj (.text.strlen)
                  0000aaa8    0000000e            : strlen.c.obj (.text.strlen)
                  0000aab6    0000000e            : memset16.S.obj (.text:TI_memset_small)
                  0000aac4    0000000a            : e_asin.c.obj (.text.OUTLINED_FUNCTION_0)
                  0000aace    00000002     --HOLE-- [fill = 0]
                  0000aad0    00000010     libclang_rt.builtins.a : muldf3.S.obj (.tramp.__aeabi_dmul.1)
                  0000aae0    0000000a     libc.a : s_atan.c.obj (.text.OUTLINED_FUNCTION_0)
                  0000aaea    0000000a            : e_asin.c.obj (.text.OUTLINED_FUNCTION_1)
                  0000aaf4    00000008            : s_atan.c.obj (.text.OUTLINED_FUNCTION_2)
                  0000aafc    00000008            : aeabi_portable.c.obj (.text.__aeabi_errno_addr)
                  0000ab04    00000008     libclang_rt.builtins.a : aeabi_memcpy.S.obj (.text.__aeabi_memcpy)
                  0000ab0c    00000008     libc.a : printf.c.obj (.text._outc)
                  0000ab14    00000008            : printf.c.obj (.text._outs)
                  0000ab1c    00000008            : labs.c.obj (.text.labs)
                  0000ab24    00000008     inv_mpu.o (.text.mget_ms)
                  0000ab2c    00000006     libc.a : s_atan.c.obj (.text.OUTLINED_FUNCTION_1)
                  0000ab32    00000002     --HOLE-- [fill = 0]
                  0000ab34    00000010     libclang_rt.builtins.a : adddf3.S.obj (.tramp.__aeabi_dadd.1)
                  0000ab44    00000006     libc.a : e_asin.c.obj (.text.OUTLINED_FUNCTION_2)
                  0000ab4a    00000004     startup_mspm0g350x_ticlang.o (.text.Default_Handler)
                  0000ab4e    00000004     libc.a : e_asin.c.obj (.text.OUTLINED_FUNCTION_3)
                  0000ab52    00000004     startup_mspm0g350x_ticlang.o (.text.Reset_Handler)
                  0000ab56    00000002     --HOLE-- [fill = 0]
                  0000ab58    00000010     libc.a : boot_cortex_m.c.obj (.tramp._c_int00_noargs.1)
                  0000ab68    00000004            : pre_init.c.obj (.text._system_pre_init)
                  0000ab6c    00000004            : exit.c.obj (.text:abort)

.cinit     0    0000c0f0    00000070     
                  0000c0f0    0000004a     (.cinit..data.load) [load image, compression = lzss]
                  0000c13a    00000002     --HOLE-- [fill = 0]
                  0000c13c    0000000c     (__TI_handler_table)
                  0000c148    00000008     (.cinit..bss.load) [load image, compression = zero_init]
                  0000c150    00000010     (__TI_cinit_table)

.rodata    0    0000ab70    00001580     
                  0000ab70    00000bf6     inv_mpu_dmp_motion_driver.o (.rodata.dmp_memory)
                  0000b766    000005f0     oled.o (.rodata.F8X16)
                  0000bd56    0000000a     ti_msp_dl_config.o (.rodata.gSPI_0_config)
                  0000bd60    00000101     libc.a : aeabi_ctype.S.obj (.rodata:__aeabi_ctype_table_)
                  0000be61    0000004d     inv_mpu.o (.rodata.str1.71114022831903921901)
                  0000beae    00000002     ti_msp_dl_config.o (.rodata.gI2C_MPU6050ClockConfig)
                  0000beb0    00000040     libc.a : s_atan.c.obj (.rodata.cst32)
                  0000bef0    00000028     inv_mpu.o (.rodata.test)
                  0000bf18    00000026     inv_mpu.o (.rodata.str1.164044180242022920951)
                  0000bf3e    00000024     XLS-4-B.o (.rodata.str1.183455942914874131331)
                  0000bf62    0000001e     inv_mpu.o (.rodata.str1.77203182498072304761)
                  0000bf80    0000001c     bsp_mpu6050.o (.rodata.str1.117714990168795398281)
                  0000bf9c    0000001b     inv_mpu.o (.rodata.reg)
                  0000bfb7    00000001     --HOLE-- [fill = 0]
                  0000bfb8    00000014     ti_msp_dl_config.o (.rodata.gTIMER_CarCTRLTimerConfig)
                  0000bfcc    00000014     ti_msp_dl_config.o (.rodata.gTIMER_CarCTRL_AlternativeTimerConfig)
                  0000bfe0    00000014     ti_msp_dl_config.o (.rodata.gTIMER_DingShiQiTimerConfig)
                  0000bff4    00000014     ti_msp_dl_config.o (.rodata.gTIMER_JiaJianSuTimerConfig)
                  0000c008    00000014     ti_msp_dl_config.o (.rodata.gTIMER_ShengGuangTimerConfig)
                  0000c01c    00000012     bsp_mpu6050.o (.rodata.str1.97268196824245810751)
                  0000c02e    00000011     libc.a : _printfi.c.obj (.rodata.str1.11645776875810915891)
                  0000c03f    00000011            : _printfi.c.obj (.rodata.str1.44690500295887128011)
                  0000c050    0000000d     XLS-4-B.o (.rodata.str1.31763486097570067951)
                  0000c05d    0000000d     XLS-4-B.o (.rodata.str1.89664655858163649341)
                  0000c06a    0000000c     inv_mpu.o (.rodata.hw)
                  0000c076    0000000c     XLS-4-B.o (.rodata.str1.30371386358317187861)
                  0000c082    0000000b     XLS-4-B.o (.rodata.str1.171867355752487866941)
                  0000c08d    00000001     --HOLE-- [fill = 0]
                  0000c08e    0000000a     ti_msp_dl_config.o (.rodata.gUART_0Config)
                  0000c098    0000000a     XLS-4-B.o (.rodata.str1.125941563529469976251)
                  0000c0a2    00000009     bsp_mpu6050.o (.rodata.str1.124051136785612178701)
                  0000c0ab    00000009     XLS-4-B.o (.rodata.str1.98186308951484420341)
                  0000c0b4    00000008     ti_msp_dl_config.o (.rodata.gPWM_MOTORConfig)
                  0000c0bc    00000005     XLS-4-B.o (.rodata.str1.132356189752607493621)
                  0000c0c1    00000005     XLS-4-B.o (.rodata.str1.33380115522127719521)
                  0000c0c6    00000003     ti_msp_dl_config.o (.rodata.gPWM_MOTORClockConfig)
                  0000c0c9    00000003     ti_msp_dl_config.o (.rodata.gTIMER_CarCTRLClockConfig)
                  0000c0cc    00000003     ti_msp_dl_config.o (.rodata.gTIMER_CarCTRL_AlternativeClockConfig)
                  0000c0cf    00000003     ti_msp_dl_config.o (.rodata.gTIMER_DingShiQiClockConfig)
                  0000c0d2    00000003     ti_msp_dl_config.o (.rodata.gTIMER_JiaJianSuClockConfig)
                  0000c0d5    00000003     ti_msp_dl_config.o (.rodata.gTIMER_ShengGuangClockConfig)
                  0000c0d8    00000003     XLS-4-B.o (.rodata.str1.102259959079130567671)
                  0000c0db    00000003     oled.o (.rodata.str1.118270980713142264691)
                  0000c0de    00000003     XLS-4-B.o (.rodata.str1.16987943472404501071)
                  0000c0e1    00000003     oled.o (.rodata.str1.81887467027229016491)
                  0000c0e4    00000002     ti_msp_dl_config.o (.rodata.gSPI_0_clockConfig)
                  0000c0e6    00000002     ti_msp_dl_config.o (.rodata.gUART_0ClockConfig)
                  0000c0e8    00000002     XLS-4-B.o (.rodata.str1.135055662853818943821)
                  0000c0ea    00000002     XLS-4-B.o (.rodata.str1.145854370618025346831)
                  0000c0ec    00000004     --HOLE-- [fill = 0]

.init_array 
*          0    00000000    00000000     UNINITIALIZED

.binit     0    00000000    00000000     

.bss       0    20200000    000003c9     UNINITIALIZED
                  20200000    000000bc     (.common:gTIMER_JiaJianSuBackup)
                  202000bc    000000bc     (.common:gTIMER_ShengGuangBackup)
                  20200178    00000080     (.common:gRxPacket)
                  202001f8    00000080     (.common:gTxPacket)
                  20200278    00000078     (.common:gTIMER_CarCTRL_AlternativeBackup)
                  202002f0    00000078     (.common:gTIMER_DingShiQiBackup)
                  20200368    00000028     (.common:gSPI_0Backup)
                  20200390    00000004     motor.o (.bss.Gray_Sensor_Ctrl_Mansu_PID.Speed_chasu_l)
                  20200394    00000004     motor.o (.bss.Gray_Sensor_Ctrl_Mansu_PID.Speed_chasu_r)
                  20200398    00000004     motor.o (.bss.Gray_Sensor_Ctrl_PID.Speed_chasu_l)
                  2020039c    00000004     motor.o (.bss.Gray_Sensor_Ctrl_PID.Speed_chasu_r)
                  202003a0    00000004     motor.o (.bss.Gray_Sensor_Ctrl_PID_Alternative.Speed_chasu_l)
                  202003a4    00000004     motor.o (.bss.Gray_Sensor_Ctrl_PID_Alternative.Speed_chasu_r)
                  202003a8    00000004     motor.o (.bss.TuoLuoYi_Ctrl_PID.Speed_chasu)
                  202003ac    00000004     (.common:gRxCount)
                  202003b0    00000004     (.common:gRxLen)
                  202003b4    00000004     (.common:gTxCount)
                  202003b8    00000004     (.common:gTxLen)
                  202003bc    00000001     motor.o (.bss.Gray_Sensor_Ctrl_Mansu_PID.Integral_error)
                  202003bd    00000001     motor.o (.bss.Gray_Sensor_Ctrl_Mansu_PID.Last_error)
                  202003be    00000001     motor.o (.bss.Gray_Sensor_Ctrl_PID.Integral_error)
                  202003bf    00000001     motor.o (.bss.Gray_Sensor_Ctrl_PID.Last_error)
                  202003c0    00000001     motor.o (.bss.Gray_Sensor_Ctrl_PID_Alternative.Integral_error)
                  202003c1    00000001     motor.o (.bss.Gray_Sensor_Ctrl_PID_Alternative.Last_error)
                  202003c2    00000001     motor.o (.bss.TuoLuoYi_Ctrl_PID.Integral_error)
                  202003c3    00000001     motor.o (.bss.TuoLuoYi_Ctrl_PID.Last_error)
                  202003c4    00000001     motor.o (.bss.TuoLuoYi_Ctrl_PID.error)
                  202003c5    00000001     (.common:a)
                  202003c6    00000001     (.common:error)
                  202003c7    00000001     (.common:gI2cControllerStatus)
                  202003c8    00000001     (.common:status)

.data      0    202003cc    00000182     UNINITIALIZED
                  202003cc    000000f0     libc.a : defs.c.obj (.data._ftable)
                  202004bc    0000002c     inv_mpu.o (.data.st)
                  202004e8    00000010     inv_mpu_dmp_motion_driver.o (.data.dmp)
                  202004f8    00000009     inv_mpu.o (.data.gyro_orientation)
                  20200501    00000008     XLS-4-B.o (.data.sensor)
                  20200509    00000001     XLS-4-B.o (.data.Serial_RxFlag)
                  2020050a    00000001     XLS-4-B.o (.data.Uart_Data)
                  2020050b    00000001     XLS-4-B.o (.data.jiajiansu_count)
                  2020050c    00000004     XLS-4-B.o (.data.BaseSpeed)
                  20200510    00000004     XLS-4-B.o (.data.Duty_L)
                  20200514    00000004     XLS-4-B.o (.data.Duty_R)
                  20200518    00000004     XLS-4-B.o (.data.Forward_Left_Count)
                  2020051c    00000004     XLS-4-B.o (.data.Forward_Right_Count)
                  20200520    00000004     XLS-4-B.o (.data.MaxSpeed)
                  20200524    00000004     XLS-4-B.o (.data.YAW_ORIGIN)
                  20200528    00000004     libc.a : aeabi_portable.c.obj (.data.__aeabi_errno)
                  2020052c    00000004            : _lock.c.obj (.data._lock)
                  20200530    00000004            : _lock.c.obj (.data._unlock)
                  20200534    00000004     XLS-4-B.o (.data.pitch)
                  20200538    00000004     XLS-4-B.o (.data.roll)
                  2020053c    00000004     XLS-4-B.o (.data.yaw)
                  20200540    00000004     XLS-4-B.o (.data.yaw_origin)
                  20200544    00000004     XLS-4-B.o (.data.yaw_show)
                  20200548    00000001     XLS-4-B.o (.data.jiasu_flag)
                  20200549    00000001     XLS-4-B.o (.data.key_num)
                  2020054a    00000001     XLS-4-B.o (.data.sensor_data)
                  2020054b    00000001     XLS-4-B.o (.data.stop_flag)
                  2020054c    00000001     XLS-4-B.o (.data.timer_count)
                  2020054d    00000001     XLS-4-B.o (.data.wandao_sudu)

.stack     0    20207e00    00000200     UNINITIALIZED
                  20207e00    00000004     libc.a : boot_cortex_m.c.obj (.stack)
                  20207e04    000001fc     --HOLE--

__llvm_prf_cnts 
*          0    20200000    00000000     UNINITIALIZED

__llvm_prf_bits 
*          0    20200000    00000000     UNINITIALIZED

MODULE SUMMARY

       Module                         code    ro data   rw data
       ------                         ----    -------   -------
    .\
       XLS-4-B.o                      10234   124       66     
       ti_msp_dl_config.o             3040    152       656    
       startup_mspm0g350x_ticlang.o   8       192       0      
    +--+------------------------------+-------+---------+---------+
       Total:                         13282   468       722    
                                                               
    .\GRAY SENSOR\
       gray_sensor.o                  1678    0         2      
    +--+------------------------------+-------+---------+---------+
       Total:                         1678    0         2      
                                                               
    .\KEY\
       key.o                          798     0         0      
    +--+------------------------------+-------+---------+---------+
       Total:                         798     0         0      
                                                               
    .\MPU6050\
       inv_mpu.o                      8792    224       53     
       inv_mpu_dmp_motion_driver.o    3646    3062      16     
       bsp_mpu6050.o                  1776    55        273    
       board.o                        142     0         0      
    +--+------------------------------+-------+---------+---------+
       Total:                         14356   3341      342    
                                                               
    .\Motor\
       motor.o                        2032    0         37     
    +--+------------------------------+-------+---------+---------+
       Total:                         2032    0         37     
                                                               
    .\oled\
       oled.o                         1550    1526      0      
    +--+------------------------------+-------+---------+---------+
       Total:                         1550    1526      0      
                                                               
    D:/ti/ccs1271/mspm0_sdk_2_01_00_03/source/ti/driverlib/lib/ticlang/m0p/mspm0g1x0x_g3x0x/driverlib.a
       dl_timer.o                     1000    0         0      
       dl_uart.o                      260     0         0      
       dl_i2c.o                       226     0         0      
       dl_spi.o                       148     0         0      
       dl_common.o                    20      0         0      
    +--+------------------------------+-------+---------+---------+
       Total:                         1654    0         0      
                                                               
    D:\ti\ccstheia140\ccs\tools\compiler\ti-cgt-armllvm_3.2.2.LTS\lib\armv6m-ti-none-eabi/c/libc.a
       _printfi.c.obj                 2198    34        0      
       e_asin.c.obj                   910     0         0      
       s_atan.c.obj                   784     64        0      
       e_atan2.c.obj                  408     0         0      
       e_sqrt.c.obj                   388     0         0      
       aeabi_ctype.S.obj              0       257       0      
       defs.c.obj                     0       0         240    
       copy_decompress_lzss.c.obj     120     0         0      
       printf.c.obj                   108     0         0      
       atoi.c.obj                     64      0         0      
       autoinit.c.obj                 60      0         0      
       boot_cortex_m.c.obj            56      0         0      
       memccpy.c.obj                  34      0         0      
       memcmp.c.obj                   32      0         0      
       copy_zero_init.c.obj           22      0         0      
       copy_decompress_none.c.obj     18      0         0      
       memcpy16.S.obj                 18      0         0      
       wcslen.c.obj                   16      0         0      
       memset16.S.obj                 14      0         0      
       strlen.c.obj                   14      0         0      
       aeabi_portable.c.obj           8       0         4      
       _lock.c.obj                    2       0         8      
       labs.c.obj                     8       0         0      
       exit.c.obj                     4       0         0      
       pre_init.c.obj                 4       0         0      
    +--+------------------------------+-------+---------+---------+
       Total:                         5290    355       252    
                                                               
    D:\ti\ccstheia140\ccs\tools\compiler\ti-cgt-armllvm_3.2.2.LTS\lib\clang/15.0.7/lib/armv6m-ti-none-eabi/libclang_rt.builtins.a
       adddf3.S.obj                   418     0         0      
       divdf3.S.obj                   268     0         0      
       muldf3.S.obj                   244     0         0      
       comparedf2.c.obj               220     0         0      
       addsf3.S.obj                   216     0         0      
       udivmoddi4.S.obj               162     0         0      
       mulsf3.S.obj                   140     0         0      
       divsf3.S.obj                   130     0         0      
       comparesf2.S.obj               118     0         0      
       truncdfsf2.S.obj               116     0         0      
       aeabi_dcmp.S.obj               98      0         0      
       aeabi_fcmp.S.obj               98      0         0      
       aeabi_idivmod.S.obj            86      0         0      
       fixdfsi.S.obj                  74      0         0      
       aeabi_uidivmod.S.obj           64      0         0      
       extendsfdf2.S.obj              64      0         0      
       divmoddi4.c.obj                62      0         0      
       floatsisf.S.obj                60      0         0      
       muldsi3.S.obj                  58      0         0      
       fixsfsi.S.obj                  56      0         0      
       fixunssfsi.S.obj               50      0         0      
       floatsidf.S.obj                44      0         0      
       floatunsisf.S.obj              40      0         0      
       muldi3.S.obj                   36      0         0      
       ashldi3.S.obj                  30      0         0      
       aeabi_ldivmod.S.obj            20      0         0      
       aeabi_uldivmod.S.obj           20      0         0      
       aeabi_memset.S.obj             14      0         0      
       aeabi_memcpy.S.obj             8       0         0      
       aeabi_div0.c.obj               4       0         0      
    +--+------------------------------+-------+---------+---------+
       Total:                         3018    0         0      
                                                               
       Stack:                         0       0         512    
       Linker Generated:              0       110       0      
    +--+------------------------------+-------+---------+---------+
       Grand Total:                   43658   5800      1867   


LINKER GENERATED COPY TABLES

__TI_cinit_table @ 0000c150 records: 2, size/record: 8, table size: 16
	.data: load addr=0000c0f0, load size=0000004a bytes, run addr=202003cc, run size=00000182 bytes, compression=lzss
	.bss: load addr=0000c148, load size=00000008 bytes, run addr=20200000, run size=000003c9 bytes, compression=zero_init


LINKER GENERATED HANDLER TABLE

__TI_handler_table @ 0000c13c records: 3, size/record: 4, table size: 12
	index: 0, handler: __TI_decompress_lzss
	index: 1, handler: __TI_decompress_none
	index: 2, handler: __TI_zero_init


FAR CALL TRAMPOLINES

callee name               trampoline name
   callee addr  tramp addr   call addr  call info
--------------  -----------  ---------  ----------------
__aeabi_dmul              $Tramp$TT$L$PI$$__aeabi_dmul
   00007329     0000aad0     0000aacc   libc.a : e_asin.c.obj (.text.OUTLINED_FUNCTION_0)
                             0000aae8          : s_atan.c.obj (.text.OUTLINED_FUNCTION_0)
                             0000aaf2          : e_asin.c.obj (.text.OUTLINED_FUNCTION_1)
                             0000aafa          : s_atan.c.obj (.text.OUTLINED_FUNCTION_2)
                             0000ab48          : e_asin.c.obj (.text.OUTLINED_FUNCTION_2)
__aeabi_dadd              $Tramp$TT$L$PI$$__aeabi_dadd
   000051e3     0000ab34     0000ab30   libc.a : s_atan.c.obj (.text.OUTLINED_FUNCTION_1)
                             0000ab50          : e_asin.c.obj (.text.OUTLINED_FUNCTION_3)
_c_int00_noargs           $Tramp$TT$L$PI$$_c_int00_noargs
   0000a0b1     0000ab58     0000ab52   startup_mspm0g350x_ticlang.o (.text.Reset_Handler)

[3 trampolines]
[8 trampoline calls]


GLOBAL SYMBOLS: SORTED ALPHABETICALLY BY Name 

address   name                                    
-------   ----                                    
0000ab4b  ADC0_IRQHandler                         
0000ab4b  ADC1_IRQHandler                         
0000ab4b  AES_IRQHandler                          
2020050c  BaseSpeed                               
0000ab6c  C$$EXIT                                 
0000ab4b  CANFD0_IRQHandler                       
0000ab4b  DAC0_IRQHandler                         
0000a8cf  DL_Common_delayCycles                   
000090e3  DL_I2C_fillControllerTXFIFO             
000099bd  DL_I2C_setClockConfig                   
00009311  DL_SPI_init                             
0000a125  DL_SPI_setClockConfig                   
00006a21  DL_Timer_initPWMMode                    
00006f5d  DL_Timer_initTimerMode                  
000099f1  DL_Timer_setCaptCompUpdateMethod        
00009a25  DL_Timer_setCaptureCompareAction        
000097b1  DL_Timer_setCaptureCompareCtl           
00009a59  DL_Timer_setCaptureCompareInput         
000094b9  DL_Timer_setCaptureCompareOutCtl        
00009e45  DL_Timer_setCaptureCompareValue         
00009a8d  DL_Timer_setClockConfig                 
0000922d  DL_UART_init                            
0000a149  DL_UART_setClockConfig                  
0000a061  DL_UART_transmitDataBlocking            
0000ab4b  DMA_IRQHandler                          
0000ab4b  Default_Handler                         
20200510  Duty_L                                  
20200514  Duty_R                                  
0000b766  F8X16                                   
20200518  Forward_Left_Count                      
2020051c  Forward_Right_Count                     
0000ab4b  GROUP0_IRQHandler                       
00007fbd  GROUP1_IRQHandler                       
000025b5  GetErrorandA                            
00005ab1  Gray_Sensor_Ctrl_Mansu_PID              
00005949  Gray_Sensor_Ctrl_PID                    
000057dd  Gray_Sensor_Ctrl_PID_Alternative        
000043b1  GuanDao0                                
00006479  GuanDao1                                
0000659d  GuanDao2                                
00004b59  GuanDao3                                
00004cfd  GuanDao4                                
0000ab4b  HardFault_Handler                       
0000ab4b  I2C0_IRQHandler                         
00006221  I2C1_IRQHandler                         
00008f7d  MPU6050ReadID                           
000079f1  MPU6050_Init                            
00005e89  MPU6050_ReadData                        
000066c1  MPU6050_WriteReg                        
0000a29b  MPU_Set_Accel_Fsr                       
0000a2b9  MPU_Set_Gyro_Fsr                        
00008357  MPU_Set_LPF                             
0000895d  MPU_Set_Rate                            
20200520  MaxSpeed                                
00009919  Motor_Off                               
0000ab4b  NMI_Handler                             
00008b89  OLED_Clear                              
00009d25  OLED_DC                                 
0000634d  OLED_Init                               
00009d55  OLED_RES                                
000096b9  OLED_Set_Pos                            
0000705d  OLED_ShowBasicBoard                     
00007ac1  OLED_ShowChar                           
000076a5  OLED_ShowNum                            
00008bf3  OLED_ShowString                         
00009035  OLED_WR_Byte                            
0000ab4b  PendSV_Handler                          
0000ab4b  RTC_IRQHandler                          
0000ab53  Reset_Handler                           
0000ab4b  SPI0_IRQHandler                         
0000ab4b  SPI1_IRQHandler                         
0000ab4b  SVC_Handler                             
000047a9  SYSCFG_DL_GPIO_init                     
00008d2d  SYSCFG_DL_I2C_MPU6050_init              
00008501  SYSCFG_DL_PWM_MOTOR_init                
000094f9  SYSCFG_DL_SPI_0_init                    
0000a2d7  SYSCFG_DL_SYSCTL_init                   
00009539  SYSCFG_DL_TIMER_CarCTRL_Alternative_init
00009579  SYSCFG_DL_TIMER_CarCTRL_init            
00009ac1  SYSCFG_DL_TIMER_DingShiQi_init          
00009af5  SYSCFG_DL_TIMER_JiaJianSu_init          
00009b29  SYSCFG_DL_TIMER_ShengGuang_init         
00009359  SYSCFG_DL_UART_0_init                   
00008d91  SYSCFG_DL_init                          
00007779  SYSCFG_DL_initPower                     
20200509  Serial_RxFlag                           
00004985  Set_Speed                               
00009e71  ShengGuang                              
0000ab4b  SysTick_Handler                         
000089cd  System_Init                             
00009b5d  TIMA0_IRQHandler                        
0000a16d  TIMA1_IRQHandler                        
0000ab4b  TIMG0_IRQHandler                        
0000ab4b  TIMG12_IRQHandler                       
0000a191  TIMG6_IRQHandler                        
000095b9  TIMG7_IRQHandler                        
00009139  TIMG8_IRQHandler                        
0000aa47  TI_memcpy_small                         
0000aab7  TI_memset_small                         
00006909  TuoLuoYi_Ctrl_PID                       
00009d85  UART0_IRQHandler                        
0000ab4b  UART1_IRQHandler                        
0000ab4b  UART2_IRQHandler                        
0000ab4b  UART3_IRQHandler                        
2020050a  Uart_Data                               
00008c5d  XianFu                                  
20200524  YAW_ORIGIN                              
20208000  __STACK_END                             
00000200  __STACK_SIZE                            
00000000  __TI_ATRegion0_region_sz                
00000000  __TI_ATRegion0_src_addr                 
00000000  __TI_ATRegion0_trg_addr                 
00000000  __TI_ATRegion1_region_sz                
00000000  __TI_ATRegion1_src_addr                 
00000000  __TI_ATRegion1_trg_addr                 
00000000  __TI_ATRegion2_region_sz                
00000000  __TI_ATRegion2_src_addr                 
00000000  __TI_ATRegion2_trg_addr                 
0000c150  __TI_CINIT_Base                         
0000c160  __TI_CINIT_Limit                        
0000c160  __TI_CINIT_Warm                         
0000c13c  __TI_Handler_Table_Base                 
0000c148  __TI_Handler_Table_Limit                
00009865  __TI_auto_init_nobinit_nopinit          
00008789  __TI_decompress_lzss                    
0000aa59  __TI_decompress_none                    
ffffffff  __TI_pprof_out_hndl                     
00001d2d  __TI_printfi_nofloat                    
ffffffff  __TI_prof_data_size                     
ffffffff  __TI_prof_data_start                    
00000000  __TI_static_base__                      
0000a8b9  __TI_zero_init_nomemset                 
000051e3  __adddf3                                
000075d7  __addsf3                                
0000bd60  __aeabi_ctype_table_                    
0000bd60  __aeabi_ctype_table_C                   
00008801  __aeabi_d2f                             
000092c5  __aeabi_d2iz                            
000051e3  __aeabi_dadd                            
00008df5  __aeabi_dcmpeq                          
00008e31  __aeabi_dcmpge                          
00008e45  __aeabi_dcmpgt                          
00008e1d  __aeabi_dcmple                          
00008e09  __aeabi_dcmplt                          
00006c41  __aeabi_ddiv                            
00007329  __aeabi_dmul                            
000051d9  __aeabi_dsub                            
20200528  __aeabi_errno                           
0000aafd  __aeabi_errno_addr                      
00009639  __aeabi_f2d                             
00009951  __aeabi_f2iz                            
00009c2d  __aeabi_f2uiz                           
000075d7  __aeabi_fadd                            
00008e59  __aeabi_fcmpeq                          
00008e95  __aeabi_fcmpge                          
00008ea9  __aeabi_fcmpgt                          
00008e81  __aeabi_fcmple                          
00008e6d  __aeabi_fcmplt                          
00008609  __aeabi_fdiv                            
000083e9  __aeabi_fmul                            
000075cd  __aeabi_fsub                            
00009ef5  __aeabi_i2d                             
000097ed  __aeabi_i2f                             
0000908d  __aeabi_idiv                            
0000536b  __aeabi_idiv0                           
0000908d  __aeabi_idivmod                         
00007abf  __aeabi_ldiv0                           
0000a9e9  __aeabi_ldivmod                         
0000a2f5  __aeabi_llsl                            
0000a1b5  __aeabi_lmul                            
0000ab05  __aeabi_memcpy                          
0000ab05  __aeabi_memcpy4                         
0000ab05  __aeabi_memcpy8                         
0000aa8d  __aeabi_memset                          
0000aa8d  __aeabi_memset4                         
0000aa8d  __aeabi_memset8                         
0000a089  __aeabi_ui2f                            
000095f9  __aeabi_uidiv                           
000095f9  __aeabi_uidivmod                        
0000a9fd  __aeabi_uldivmod                        
0000a2f5  __ashldi3                               
ffffffff  __binit__                               
00008b1d  __cmpdf2                                
000098a1  __cmpsf2                                
00006c41  __divdf3                                
000096f7  __divmoddi4                             
00008609  __divsf3                                
00008b1d  __eqdf2                                 
000098a1  __eqsf2                                 
00009639  __extendsfdf2                           
000092c5  __fixdfsi                               
00009951  __fixsfsi                               
00009c2d  __fixunssfsi                            
00009ef5  __floatsidf                             
000097ed  __floatsisf                             
0000a089  __floatunsisf                           
00008a3d  __gedf2                                 
00009829  __gesf2                                 
00008a3d  __gtdf2                                 
00009829  __gtsf2                                 
00008b1d  __ledf2                                 
000098a1  __lesf2                                 
00008b1d  __ltdf2                                 
000098a1  __ltsf2                                 
UNDEFED   __mpu_init                              
00007329  __muldf3                                
0000a1b5  __muldi3                                
000098dd  __muldsi3                               
000083e9  __mulsf3                                
00008b1d  __nedf2                                 
000098a1  __nesf2                                 
20207e00  __stack                                 
20200000  __start___llvm_prf_bits                 
20200000  __start___llvm_prf_cnts                 
20200000  __stop___llvm_prf_bits                  
20200000  __stop___llvm_prf_cnts                  
000051d9  __subdf3                                
000075cd  __subsf3                                
00008801  __truncdfsf2                            
00007f19  __udivmoddi4                            
0000a0b1  _c_int00_noargs                         
202003cc  _ftable                                 
2020052c  _lock                                   
00007fbb  _nop                                    
UNDEFED   _system_post_cinit                      
0000ab69  _system_pre_init                        
20200530  _unlock                                 
202003c5  a                                       
0000ab6d  abort                                   
00003011  asin                                    
00003011  asinl                                   
00003381  atan                                    
00005041  atan2                                   
00005041  atan2l                                  
00003381  atanl                                   
00009679  atoi                                    
ffffffff  binit                                   
0000a1d9  delay_ms                                
000093a1  dmp_enable_6x_lp_quat                   
00003679  dmp_enable_feature                      
00008ebd  dmp_enable_gyro_cal                     
000093e9  dmp_enable_lp_quat                      
0000a4b9  dmp_load_motion_driver_firmware         
000045b5  dmp_read_fifo                           
00006d4d  dmp_set_accel_bias                      
00008191  dmp_set_fifo_rate                       
00005d51  dmp_set_gyro_bias                       
000054f1  dmp_set_orientation                     
00009431  dmp_set_shake_reject_thresh             
00009c5f  dmp_set_shake_reject_time               
00009c91  dmp_set_shake_reject_timeout            
00008cc5  dmp_set_tap_axes                        
00009475  dmp_set_tap_count                       
00003b31  dmp_set_tap_thresh                      
00009db5  dmp_set_tap_time                        
00009de5  dmp_set_tap_time_multi                  
202003c6  error                                   
00009bc5  extractSensorData                       
0000a4d5  fputc                                   
000091dd  fputs                                   
202003c7  gI2cControllerStatus                    
202003ac  gRxCount                                
202003b0  gRxLen                                  
20200178  gRxPacket                               
20200368  gSPI_0Backup                            
20200278  gTIMER_CarCTRL_AlternativeBackup        
202002f0  gTIMER_DingShiQiBackup                  
20200000  gTIMER_JiaJianSuBackup                  
202000bc  gTIMER_ShengGuangBackup                 
202003b4  gTxCount                                
202003b8  gTxLen                                  
202001f8  gTxPacket                               
00008875  gray_serial_forward_read                
0000c06a  hw                                      
00000000  interruptVectors                        
00009735  inv_orientation_matrix_to_scalar        
000082c1  inv_row_2_scale                         
2020050b  jiajiansu_count                         
20200548  jiasu_flag                              
20200549  key_num                                 
000038f1  key_read                                
00008059  key_scan                                
0000ab1d  labs                                    
000000c1  main                                    
0000a1fb  memccpy                                 
0000a25d  memcmp                                  
0000ab25  mget_ms                                 
00007c4d  mpu_configure_fifo                      
00003f89  mpu_dmp_get_data                        
00005fbd  mpu_dmp_init                            
000088e9  mpu_get_accel_fsr                       
0000868d  mpu_get_accel_sens                      
0000a7f1  mpu_get_fifo_config                     
00008f1d  mpu_get_gyro_fsr                        
00008aad  mpu_get_gyro_sens                       
0000870d  mpu_get_lpf                             
00009bf9  mpu_get_sample_rate                     
0000419d  mpu_init                                
000067e5  mpu_load_firmware                       
00006b31  mpu_lp_accel_mode                       
00006e55  mpu_read_fifo_stream                    
00007dc1  mpu_read_mem                            
00003d69  mpu_reset_fifo                          
00005669  mpu_run_self_test                       
0000740d  mpu_set_accel_fsr                       
00004ea1  mpu_set_bypass                          
00007d09  mpu_set_dmp_state                       
00007b89  mpu_set_gyro_fsr                        
000080f5  mpu_set_int_latched                     
00007921  mpu_set_lpf                             
0000723d  mpu_set_sample_rate                     
000060f1  mpu_set_sensors                         
00007e6d  mpu_write_mem                           
00009e15  oled_pow                                
20200534  pitch                                   
00008fd9  printf                                  
0000bf9c  reg                                     
20200538  roll                                    
00008229  run_self_test                           
20200501  sensor                                  
2020054a  sensor_data                             
0000536d  sqrt                                    
0000536d  sqrtl                                   
202003c8  status                                  
2020054b  stop_flag                               
0000aaa9  strlen                                  
0000bef0  test                                    
2020054c  timer_count                             
2020054d  wandao_sudu                             
0000aa7d  wcslen                                  
2020053c  yaw                                     
20200540  yaw_origin                              
20200544  yaw_show                                


GLOBAL SYMBOLS: SORTED BY Symbol Address 

address   name                                    
-------   ----                                    
00000000  __TI_ATRegion0_region_sz                
00000000  __TI_ATRegion0_src_addr                 
00000000  __TI_ATRegion0_trg_addr                 
00000000  __TI_ATRegion1_region_sz                
00000000  __TI_ATRegion1_src_addr                 
00000000  __TI_ATRegion1_trg_addr                 
00000000  __TI_ATRegion2_region_sz                
00000000  __TI_ATRegion2_src_addr                 
00000000  __TI_ATRegion2_trg_addr                 
00000000  __TI_static_base__                      
00000000  interruptVectors                        
000000c1  main                                    
00000200  __STACK_SIZE                            
00001d2d  __TI_printfi_nofloat                    
000025b5  GetErrorandA                            
00003011  asin                                    
00003011  asinl                                   
00003381  atan                                    
00003381  atanl                                   
00003679  dmp_enable_feature                      
000038f1  key_read                                
00003b31  dmp_set_tap_thresh                      
00003d69  mpu_reset_fifo                          
00003f89  mpu_dmp_get_data                        
0000419d  mpu_init                                
000043b1  GuanDao0                                
000045b5  dmp_read_fifo                           
000047a9  SYSCFG_DL_GPIO_init                     
00004985  Set_Speed                               
00004b59  GuanDao3                                
00004cfd  GuanDao4                                
00004ea1  mpu_set_bypass                          
00005041  atan2                                   
00005041  atan2l                                  
000051d9  __aeabi_dsub                            
000051d9  __subdf3                                
000051e3  __adddf3                                
000051e3  __aeabi_dadd                            
0000536b  __aeabi_idiv0                           
0000536d  sqrt                                    
0000536d  sqrtl                                   
000054f1  dmp_set_orientation                     
00005669  mpu_run_self_test                       
000057dd  Gray_Sensor_Ctrl_PID_Alternative        
00005949  Gray_Sensor_Ctrl_PID                    
00005ab1  Gray_Sensor_Ctrl_Mansu_PID              
00005d51  dmp_set_gyro_bias                       
00005e89  MPU6050_ReadData                        
00005fbd  mpu_dmp_init                            
000060f1  mpu_set_sensors                         
00006221  I2C1_IRQHandler                         
0000634d  OLED_Init                               
00006479  GuanDao1                                
0000659d  GuanDao2                                
000066c1  MPU6050_WriteReg                        
000067e5  mpu_load_firmware                       
00006909  TuoLuoYi_Ctrl_PID                       
00006a21  DL_Timer_initPWMMode                    
00006b31  mpu_lp_accel_mode                       
00006c41  __aeabi_ddiv                            
00006c41  __divdf3                                
00006d4d  dmp_set_accel_bias                      
00006e55  mpu_read_fifo_stream                    
00006f5d  DL_Timer_initTimerMode                  
0000705d  OLED_ShowBasicBoard                     
0000723d  mpu_set_sample_rate                     
00007329  __aeabi_dmul                            
00007329  __muldf3                                
0000740d  mpu_set_accel_fsr                       
000075cd  __aeabi_fsub                            
000075cd  __subsf3                                
000075d7  __addsf3                                
000075d7  __aeabi_fadd                            
000076a5  OLED_ShowNum                            
00007779  SYSCFG_DL_initPower                     
00007921  mpu_set_lpf                             
000079f1  MPU6050_Init                            
00007abf  __aeabi_ldiv0                           
00007ac1  OLED_ShowChar                           
00007b89  mpu_set_gyro_fsr                        
00007c4d  mpu_configure_fifo                      
00007d09  mpu_set_dmp_state                       
00007dc1  mpu_read_mem                            
00007e6d  mpu_write_mem                           
00007f19  __udivmoddi4                            
00007fbb  _nop                                    
00007fbd  GROUP1_IRQHandler                       
00008059  key_scan                                
000080f5  mpu_set_int_latched                     
00008191  dmp_set_fifo_rate                       
00008229  run_self_test                           
000082c1  inv_row_2_scale                         
00008357  MPU_Set_LPF                             
000083e9  __aeabi_fmul                            
000083e9  __mulsf3                                
00008501  SYSCFG_DL_PWM_MOTOR_init                
00008609  __aeabi_fdiv                            
00008609  __divsf3                                
0000868d  mpu_get_accel_sens                      
0000870d  mpu_get_lpf                             
00008789  __TI_decompress_lzss                    
00008801  __aeabi_d2f                             
00008801  __truncdfsf2                            
00008875  gray_serial_forward_read                
000088e9  mpu_get_accel_fsr                       
0000895d  MPU_Set_Rate                            
000089cd  System_Init                             
00008a3d  __gedf2                                 
00008a3d  __gtdf2                                 
00008aad  mpu_get_gyro_sens                       
00008b1d  __cmpdf2                                
00008b1d  __eqdf2                                 
00008b1d  __ledf2                                 
00008b1d  __ltdf2                                 
00008b1d  __nedf2                                 
00008b89  OLED_Clear                              
00008bf3  OLED_ShowString                         
00008c5d  XianFu                                  
00008cc5  dmp_set_tap_axes                        
00008d2d  SYSCFG_DL_I2C_MPU6050_init              
00008d91  SYSCFG_DL_init                          
00008df5  __aeabi_dcmpeq                          
00008e09  __aeabi_dcmplt                          
00008e1d  __aeabi_dcmple                          
00008e31  __aeabi_dcmpge                          
00008e45  __aeabi_dcmpgt                          
00008e59  __aeabi_fcmpeq                          
00008e6d  __aeabi_fcmplt                          
00008e81  __aeabi_fcmple                          
00008e95  __aeabi_fcmpge                          
00008ea9  __aeabi_fcmpgt                          
00008ebd  dmp_enable_gyro_cal                     
00008f1d  mpu_get_gyro_fsr                        
00008f7d  MPU6050ReadID                           
00008fd9  printf                                  
00009035  OLED_WR_Byte                            
0000908d  __aeabi_idiv                            
0000908d  __aeabi_idivmod                         
000090e3  DL_I2C_fillControllerTXFIFO             
00009139  TIMG8_IRQHandler                        
000091dd  fputs                                   
0000922d  DL_UART_init                            
000092c5  __aeabi_d2iz                            
000092c5  __fixdfsi                               
00009311  DL_SPI_init                             
00009359  SYSCFG_DL_UART_0_init                   
000093a1  dmp_enable_6x_lp_quat                   
000093e9  dmp_enable_lp_quat                      
00009431  dmp_set_shake_reject_thresh             
00009475  dmp_set_tap_count                       
000094b9  DL_Timer_setCaptureCompareOutCtl        
000094f9  SYSCFG_DL_SPI_0_init                    
00009539  SYSCFG_DL_TIMER_CarCTRL_Alternative_init
00009579  SYSCFG_DL_TIMER_CarCTRL_init            
000095b9  TIMG7_IRQHandler                        
000095f9  __aeabi_uidiv                           
000095f9  __aeabi_uidivmod                        
00009639  __aeabi_f2d                             
00009639  __extendsfdf2                           
00009679  atoi                                    
000096b9  OLED_Set_Pos                            
000096f7  __divmoddi4                             
00009735  inv_orientation_matrix_to_scalar        
000097b1  DL_Timer_setCaptureCompareCtl           
000097ed  __aeabi_i2f                             
000097ed  __floatsisf                             
00009829  __gesf2                                 
00009829  __gtsf2                                 
00009865  __TI_auto_init_nobinit_nopinit          
000098a1  __cmpsf2                                
000098a1  __eqsf2                                 
000098a1  __lesf2                                 
000098a1  __ltsf2                                 
000098a1  __nesf2                                 
000098dd  __muldsi3                               
00009919  Motor_Off                               
00009951  __aeabi_f2iz                            
00009951  __fixsfsi                               
000099bd  DL_I2C_setClockConfig                   
000099f1  DL_Timer_setCaptCompUpdateMethod        
00009a25  DL_Timer_setCaptureCompareAction        
00009a59  DL_Timer_setCaptureCompareInput         
00009a8d  DL_Timer_setClockConfig                 
00009ac1  SYSCFG_DL_TIMER_DingShiQi_init          
00009af5  SYSCFG_DL_TIMER_JiaJianSu_init          
00009b29  SYSCFG_DL_TIMER_ShengGuang_init         
00009b5d  TIMA0_IRQHandler                        
00009bc5  extractSensorData                       
00009bf9  mpu_get_sample_rate                     
00009c2d  __aeabi_f2uiz                           
00009c2d  __fixunssfsi                            
00009c5f  dmp_set_shake_reject_time               
00009c91  dmp_set_shake_reject_timeout            
00009d25  OLED_DC                                 
00009d55  OLED_RES                                
00009d85  UART0_IRQHandler                        
00009db5  dmp_set_tap_time                        
00009de5  dmp_set_tap_time_multi                  
00009e15  oled_pow                                
00009e45  DL_Timer_setCaptureCompareValue         
00009e71  ShengGuang                              
00009ef5  __aeabi_i2d                             
00009ef5  __floatsidf                             
0000a061  DL_UART_transmitDataBlocking            
0000a089  __aeabi_ui2f                            
0000a089  __floatunsisf                           
0000a0b1  _c_int00_noargs                         
0000a125  DL_SPI_setClockConfig                   
0000a149  DL_UART_setClockConfig                  
0000a16d  TIMA1_IRQHandler                        
0000a191  TIMG6_IRQHandler                        
0000a1b5  __aeabi_lmul                            
0000a1b5  __muldi3                                
0000a1d9  delay_ms                                
0000a1fb  memccpy                                 
0000a25d  memcmp                                  
0000a29b  MPU_Set_Accel_Fsr                       
0000a2b9  MPU_Set_Gyro_Fsr                        
0000a2d7  SYSCFG_DL_SYSCTL_init                   
0000a2f5  __aeabi_llsl                            
0000a2f5  __ashldi3                               
0000a4b9  dmp_load_motion_driver_firmware         
0000a4d5  fputc                                   
0000a7f1  mpu_get_fifo_config                     
0000a8b9  __TI_zero_init_nomemset                 
0000a8cf  DL_Common_delayCycles                   
0000a9e9  __aeabi_ldivmod                         
0000a9fd  __aeabi_uldivmod                        
0000aa47  TI_memcpy_small                         
0000aa59  __TI_decompress_none                    
0000aa7d  wcslen                                  
0000aa8d  __aeabi_memset                          
0000aa8d  __aeabi_memset4                         
0000aa8d  __aeabi_memset8                         
0000aaa9  strlen                                  
0000aab7  TI_memset_small                         
0000aafd  __aeabi_errno_addr                      
0000ab05  __aeabi_memcpy                          
0000ab05  __aeabi_memcpy4                         
0000ab05  __aeabi_memcpy8                         
0000ab1d  labs                                    
0000ab25  mget_ms                                 
0000ab4b  ADC0_IRQHandler                         
0000ab4b  ADC1_IRQHandler                         
0000ab4b  AES_IRQHandler                          
0000ab4b  CANFD0_IRQHandler                       
0000ab4b  DAC0_IRQHandler                         
0000ab4b  DMA_IRQHandler                          
0000ab4b  Default_Handler                         
0000ab4b  GROUP0_IRQHandler                       
0000ab4b  HardFault_Handler                       
0000ab4b  I2C0_IRQHandler                         
0000ab4b  NMI_Handler                             
0000ab4b  PendSV_Handler                          
0000ab4b  RTC_IRQHandler                          
0000ab4b  SPI0_IRQHandler                         
0000ab4b  SPI1_IRQHandler                         
0000ab4b  SVC_Handler                             
0000ab4b  SysTick_Handler                         
0000ab4b  TIMG0_IRQHandler                        
0000ab4b  TIMG12_IRQHandler                       
0000ab4b  UART1_IRQHandler                        
0000ab4b  UART2_IRQHandler                        
0000ab4b  UART3_IRQHandler                        
0000ab53  Reset_Handler                           
0000ab69  _system_pre_init                        
0000ab6c  C$$EXIT                                 
0000ab6d  abort                                   
0000b766  F8X16                                   
0000bd60  __aeabi_ctype_table_                    
0000bd60  __aeabi_ctype_table_C                   
0000bef0  test                                    
0000bf9c  reg                                     
0000c06a  hw                                      
0000c13c  __TI_Handler_Table_Base                 
0000c148  __TI_Handler_Table_Limit                
0000c150  __TI_CINIT_Base                         
0000c160  __TI_CINIT_Limit                        
0000c160  __TI_CINIT_Warm                         
20200000  __start___llvm_prf_bits                 
20200000  __start___llvm_prf_cnts                 
20200000  __stop___llvm_prf_bits                  
20200000  __stop___llvm_prf_cnts                  
20200000  gTIMER_JiaJianSuBackup                  
202000bc  gTIMER_ShengGuangBackup                 
20200178  gRxPacket                               
202001f8  gTxPacket                               
20200278  gTIMER_CarCTRL_AlternativeBackup        
202002f0  gTIMER_DingShiQiBackup                  
20200368  gSPI_0Backup                            
202003ac  gRxCount                                
202003b0  gRxLen                                  
202003b4  gTxCount                                
202003b8  gTxLen                                  
202003c5  a                                       
202003c6  error                                   
202003c7  gI2cControllerStatus                    
202003c8  status                                  
202003cc  _ftable                                 
20200501  sensor                                  
20200509  Serial_RxFlag                           
2020050a  Uart_Data                               
2020050b  jiajiansu_count                         
2020050c  BaseSpeed                               
20200510  Duty_L                                  
20200514  Duty_R                                  
20200518  Forward_Left_Count                      
2020051c  Forward_Right_Count                     
20200520  MaxSpeed                                
20200524  YAW_ORIGIN                              
20200528  __aeabi_errno                           
2020052c  _lock                                   
20200530  _unlock                                 
20200534  pitch                                   
20200538  roll                                    
2020053c  yaw                                     
20200540  yaw_origin                              
20200544  yaw_show                                
20200548  jiasu_flag                              
20200549  key_num                                 
2020054a  sensor_data                             
2020054b  stop_flag                               
2020054c  timer_count                             
2020054d  wandao_sudu                             
20207e00  __stack                                 
20208000  __STACK_END                             
ffffffff  __TI_pprof_out_hndl                     
ffffffff  __TI_prof_data_size                     
ffffffff  __TI_prof_data_start                    
ffffffff  __binit__                               
ffffffff  binit                                   
UNDEFED   __mpu_init                              
UNDEFED   _system_post_cinit                      

[333 symbols]
