******************************************************************************
            TI ARM Clang Linker PC v3.2.2                      
******************************************************************************
>> Linked Thu Jul 25 13:27:03 2024

OUTPUT FILE NAME:   <XLS-3-Bcar.out>
ENTRY POINT SYMBOL: "_c_int00_noargs"  address: 000028d9


MEMORY CONFIGURATION

         name            origin    length      used     unused   attr    fill
----------------------  --------  ---------  --------  --------  ----  --------
  FLASH                 00000000   00020000  00003578  0001ca88  R  X
  SRAM                  20200000   00008000  00000375  00007c8b  RW X
  BCR_CONFIG            41c00000   00000080  00000000  00000080  R   
  BSL_CONFIG            41c00100   00000080  00000000  00000080  R   


SEGMENT ALLOCATION MAP

run origin  load origin   length   init length attrs members
----------  ----------- ---------- ----------- ----- -------
00000000    00000000    00003578   00003578    r-x
  00000000    00000000    000000c0   000000c0    r-- .intvecs
  000000c0    000000c0    00002e00   00002e00    r-x .text
  00002ec0    00002ec0    00000680   00000680    r-- .rodata
  00003540    00003540    00000038   00000038    r-- .cinit
20200000    20200000    00000175   00000000    rw-
  20200000    20200000    00000140   00000000    rw- .bss
  20200140    20200140    00000035   00000000    rw- .data
20207e00    20207e00    00000200   00000000    rw-
  20207e00    20207e00    00000200   00000000    rw- .stack


SECTION ALLOCATION MAP

 output                                  attributes/
section   page    origin      length       input sections
--------  ----  ----------  ----------   ----------------
.intvecs   0    00000000    000000c0     
                  00000000    000000c0     startup_mspm0g350x_ticlang.o (.intvecs)

.text      0    000000c0    00002e00     
                  000000c0    00000668     gray_sensor.o (.text.GetErrorandA)
                  00000728    000001d4     motor.o (.text.Set_Speed)
                  000008fc    00000192     libclang_rt.builtins.a : adddf3.S.obj (.text.adddf3_subdf3)
                  00000a8e    00000002                            : aeabi_div0.c.obj (.text.__aeabi_idiv0)
                  00000a90    00000154     ti_msp_dl_config.o (.text.SYSCFG_DL_GPIO_init)
                  00000be4    00000140     oled.o (.text.OLED_ShowBasicBoard)
                  00000d24    0000012c     oled.o (.text.OLED_Init)
                  00000e50    00000110     driverlib.a : dl_timer.o (.text.DL_Timer_initPWMMode)
                  00000f60    0000010c     libclang_rt.builtins.a : divdf3.S.obj (.text.__divdf3)
                  0000106c    00000100     driverlib.a : dl_timer.o (.text.DL_Timer_initTimerMode)
                  0000116c    00000100     gray_sensor.o (.text.IsWanDao)
                  0000126c    000000e4     libclang_rt.builtins.a : muldf3.S.obj (.text.__muldf3)
                  00001350    000000dc     motor.o (.text.Encoder_BaseVelocity_L_PID)
                  0000142c    000000dc     motor.o (.text.Encoder_BaseVelocity_R_PID)
                  00001508    000000d8     libclang_rt.builtins.a : addsf3.S.obj (.text)
                  000015e0    000000d4     oled.o (.text.OLED_ShowNum)
                  000016b4    000000c8     oled.o (.text.OLED_ShowChar)
                  0000177c    000000a0     motor.o (.text.Gray_Sensor_Ctrl_PID)
                  0000181c    000000a0     ti_msp_dl_config.o (.text.SYSCFG_DL_initPower)
                  000018bc    0000009c     XLS-3-B.o (.text.GROUP1_IRQHandler)
                  00001958    0000008c     libclang_rt.builtins.a : mulsf3.S.obj (.text.__mulsf3)
                  000019e4    00000084     ti_msp_dl_config.o (.text.SYSCFG_DL_PWM_MOTOR_init)
                  00001a68    00000084     ti_msp_dl_config.o (.text.__NVIC_SetPriority)
                  00001aec    00000078     libc.a : copy_decompress_lzss.c.obj (.text:decompress:lzss)
                  00001b64    00000074     gray_sensor.o (.text.gray_serial_forward_read)
                  00001bd8    00000070     gray_sensor.o (.text.IsEndLine)
                  00001c48    0000006a     oled.o (.text.OLED_Clear)
                  00001cb2    00000068     oled.o (.text.OLED_ShowString)
                  00001d1a    00000002     --HOLE-- [fill = 0]
                  00001d1c    00000068     XLS-3-B.o (.text.TIMG6_IRQHandler)
                  00001d84    00000064     gray_sensor.o (.text.GoStraight)
                  00001de8    00000060     XLS-3-B.o (.text.main)
                  00001e48    00000058     oled.o (.text.OLED_WR_Byte)
                  00001ea0    00000058     motor.o (.text.XianFu)
                  00001ef8    00000056     libclang_rt.builtins.a : aeabi_idivmod.S.obj (.text.__aeabi_idivmod)
                  00001f4e    00000002     --HOLE-- [fill = 0]
                  00001f50    00000054     XLS-3-B.o (.text.TIMG8_IRQHandler)
                  00001fa4    0000004c     driverlib.a : dl_uart.o (.text.DL_UART_init)
                  00001ff0    0000004c     ti_msp_dl_config.o (.text.DL_UART_setBaudRateDivisor)
                  0000203c    0000004c     motor.o (.text.Wheel_Output)
                  00002088    0000004a     libclang_rt.builtins.a : fixdfsi.S.obj (.text.__fixdfsi)
                  000020d2    00000002     --HOLE-- [fill = 0]
                  000020d4    00000048     driverlib.a : dl_spi.o (.text.DL_SPI_init)
                  0000211c    00000048     gray_sensor.o (.text.NumofZero)
                  00002164    00000048     ti_msp_dl_config.o (.text.SYSCFG_DL_UART_0_init)
                  000021ac    00000048     ti_msp_dl_config.o (.text.SYSCFG_DL_init)
                  000021f4    00000048     XLS-3-B.o (.text.System_Init)
                  0000223c    00000040     driverlib.a : dl_timer.o (.text.DL_Timer_setCaptureCompareOutCtl)
                  0000227c    00000040     ti_msp_dl_config.o (.text.SYSCFG_DL_SPI_0_init)
                  000022bc    00000040     ti_msp_dl_config.o (.text.SYSCFG_DL_TIMER_CarCTRL_init)
                  000022fc    00000040     ti_msp_dl_config.o (.text.SYSCFG_DL_TIMER_Velocity_init)
                  0000233c    00000040     ti_msp_dl_config.o (.text.SYSCFG_DL_TIMER_WANDAOJIANCDE_init)
                  0000237c    00000040     libclang_rt.builtins.a : aeabi_uidivmod.S.obj (.text.__aeabi_uidivmod)
                  000023bc    0000003e     oled.o (.text.OLED_Set_Pos)
                  000023fa    00000002     --HOLE-- [fill = 0]
                  000023fc    0000003c     driverlib.a : dl_timer.o (.text.DL_Timer_setCaptureCompareCtl)
                  00002438    0000003c     libclang_rt.builtins.a : floatsisf.S.obj (.text.__floatsisf)
                  00002474    0000003c     libc.a : autoinit.c.obj (.text:__TI_auto_init_nobinit_nopinit)
                  000024b0    0000003a     libclang_rt.builtins.a : muldsi3.S.obj (.text.__muldsi3)
                  000024ea    00000002     --HOLE-- [fill = 0]
                  000024ec    00000038     motor.o (.text.Motor_Off)
                  00002524    00000038     libclang_rt.builtins.a : fixsfsi.S.obj (.text.__fixsfsi)
                  0000255c    00000034     ti_msp_dl_config.o (.text.DL_GPIO_initDigitalInputFeatures)
                  00002590    00000034     driverlib.a : dl_timer.o (.text.DL_Timer_setCaptCompUpdateMethod)
                  000025c4    00000034                 : dl_timer.o (.text.DL_Timer_setCaptureCompareAction)
                  000025f8    00000034                 : dl_timer.o (.text.DL_Timer_setCaptureCompareInput)
                  0000262c    00000034                 : dl_timer.o (.text.DL_Timer_setClockConfig)
                  00002660    00000034     gray_sensor.o (.text.extractSensorData)
                  00002694    00000030     ti_msp_dl_config.o (.text.DL_GPIO_initDigitalOutputFeatures)
                  000026c4    00000030     ti_msp_dl_config.o (.text.DL_SPI_setFIFOThreshold)
                  000026f4    00000030     oled.o (.text.OLED_DC)
                  00002724    00000030     oled.o (.text.OLED_RES)
                  00002754    00000030     XLS-3-B.o (.text.UART0_IRQHandler)
                  00002784    00000030     oled.o (.text.oled_pow)
                  000027b4    0000002c     driverlib.a : dl_timer.o (.text.DL_Timer_setCaptureCompareValue)
                  000027e0    0000002c     XLS-3-B.o (.text.__NVIC_EnableIRQ)
                  0000280c    0000002c     libclang_rt.builtins.a : floatsidf.S.obj (.text.__floatsidf)
                  00002838    00000028     driverlib.a : dl_spi.o (.text.DL_Common_updateReg)
                  00002860    00000028                 : dl_timer.o (.text.DL_Common_updateReg)
                  00002888    00000028                 : dl_uart.o (.text.DL_Common_updateReg)
                  000028b0    00000028     ti_msp_dl_config.o (.text.DL_Common_updateReg)
                  000028d8    00000028     libc.a : boot_cortex_m.c.obj (.text:_c_int00_noargs)
                  00002900    00000024     ti_msp_dl_config.o (.text.DL_SPI_setBitRateSerialClockDivider)
                  00002924    00000024     driverlib.a : dl_spi.o (.text.DL_SPI_setClockConfig)
                  00002948    00000024                 : dl_uart.o (.text.DL_UART_setClockConfig)
                  0000296c    00000024     XLS-3-B.o (.text.TIMG7_IRQHandler)
                  00002990    00000020     ti_msp_dl_config.o (.text.DL_GPIO_initPeripheralInputFunction)
                  000029b0    00000020     driverlib.a : dl_timer.o (.text.DL_Timer_setCounterValueAfterEnable)
                  000029d0    0000001e     ti_msp_dl_config.o (.text.DL_UART_setOversampling)
                  000029ee    0000001e     ti_msp_dl_config.o (.text.SYSCFG_DL_SYSCTL_init)
                  00002a0c    0000001c     XLS-3-B.o (.text.DL_GPIO_clearInterruptStatus)
                  00002a28    0000001c     ti_msp_dl_config.o (.text.DL_GPIO_clearInterruptStatus)
                  00002a44    0000001c     ti_msp_dl_config.o (.text.DL_GPIO_enableInterrupt)
                  00002a60    0000001c     ti_msp_dl_config.o (.text.DL_GPIO_initDigitalInput)
                  00002a7c    0000001c     ti_msp_dl_config.o (.text.DL_GPIO_initPeripheralOutputFunction)
                  00002a98    0000001c     ti_msp_dl_config.o (.text.DL_GPIO_setLowerPinsPolarity)
                  00002ab4    0000001c     ti_msp_dl_config.o (.text.DL_SYSCTL_setSYSOSCFreq)
                  00002ad0    0000001c     ti_msp_dl_config.o (.text.DL_Timer_enableInterrupt)
                  00002aec    0000001c     ti_msp_dl_config.o (.text.DL_UART_enableInterrupt)
                  00002b08    00000018     ti_msp_dl_config.o (.text.DL_GPIO_enableOutput)
                  00002b20    00000018     ti_msp_dl_config.o (.text.DL_GPIO_enablePower)
                  00002b38    00000018     XLS-3-B.o (.text.DL_GPIO_getEnabledInterruptStatus)
                  00002b50    00000018     ti_msp_dl_config.o (.text.DL_GPIO_initDigitalOutput)
                  00002b68    00000018     ti_msp_dl_config.o (.text.DL_GPIO_reset)
                  00002b80    00000018     gray_sensor.o (.text.DL_GPIO_setPins)
                  00002b98    00000018     motor.o (.text.DL_GPIO_setPins)
                  00002bb0    00000018     oled.o (.text.DL_GPIO_setPins)
                  00002bc8    00000018     ti_msp_dl_config.o (.text.DL_GPIO_setPins)
                  00002be0    00000018     ti_msp_dl_config.o (.text.DL_GPIO_setUpperPinsPolarity)
                  00002bf8    00000018     ti_msp_dl_config.o (.text.DL_SPI_enable)
                  00002c10    00000018     ti_msp_dl_config.o (.text.DL_SPI_enablePower)
                  00002c28    00000018     oled.o (.text.DL_SPI_isBusy)
                  00002c40    00000018     ti_msp_dl_config.o (.text.DL_SPI_reset)
                  00002c58    00000018     ti_msp_dl_config.o (.text.DL_SYSCTL_setBORThreshold)
                  00002c70    00000018     ti_msp_dl_config.o (.text.DL_Timer_enablePower)
                  00002c88    00000018     ti_msp_dl_config.o (.text.DL_Timer_reset)
                  00002ca0    00000018     driverlib.a : dl_timer.o (.text.DL_Timer_setLoadValue)
                  00002cb8    00000018     XLS-3-B.o (.text.DL_Timer_startCounter)
                  00002cd0    00000018     gray_sensor.o (.text.DL_Timer_startCounter)
                  00002ce8    00000018     ti_msp_dl_config.o (.text.DL_UART_enablePower)
                  00002d00    00000018     ti_msp_dl_config.o (.text.DL_UART_reset)
                  00002d18    00000016     XLS-3-B.o (.text.DL_GPIO_readPins)
                  00002d2e    00000016     gray_sensor.o (.text.DL_GPIO_readPins)
                  00002d44    00000016     oled.o (.text.DL_SPI_transmitData8)
                  00002d5a    00000016     driverlib.a : dl_uart.o (.text.DL_UART_disable)
                  00002d70    00000016     ti_msp_dl_config.o (.text.DL_UART_enable)
                  00002d86    00000016     libc.a : copy_zero_init.c.obj (.text:decompress:ZI:__TI_zero_init_nomemset)
                  00002d9c    00000014     driverlib.a : dl_common.o (.text.DL_Common_delayCycles)
                  00002db0    00000014     gray_sensor.o (.text.DL_GPIO_clearPins)
                  00002dc4    00000014     motor.o (.text.DL_GPIO_clearPins)
                  00002dd8    00000014     oled.o (.text.DL_GPIO_clearPins)
                  00002dec    00000014     ti_msp_dl_config.o (.text.DL_GPIO_clearPins)
                  00002e00    00000014     ti_msp_dl_config.o (.text.DL_SYSCTL_disableSYSPLL)
                  00002e14    00000014     ti_msp_dl_config.o (.text.DL_Timer_enableClock)
                  00002e28    00000014     ti_msp_dl_config.o (.text.DL_Timer_setCCPDirection)
                  00002e3c    00000014     XLS-3-B.o (.text.DL_UART_receiveData)
                  00002e50    00000012     XLS-3-B.o (.text.DL_Timer_getPendingInterrupt)
                  00002e62    00000012     XLS-3-B.o (.text.DL_UART_getPendingInterrupt)
                  00002e74    00000012     libc.a : memcpy16.S.obj (.text:TI_memcpy_small)
                  00002e86    00000012            : copy_decompress_none.c.obj (.text:decompress:none)
                  00002e98    00000010     ti_msp_dl_config.o (.text.DL_SYSCTL_disableHFXT)
                  00002ea8    00000008     libclang_rt.builtins.a : aeabi_memcpy.S.obj (.text.__aeabi_memcpy)
                  00002eb0    00000004     startup_mspm0g350x_ticlang.o (.text.Default_Handler)
                  00002eb4    00000004     startup_mspm0g350x_ticlang.o (.text.Reset_Handler)
                  00002eb8    00000004     libc.a : pre_init.c.obj (.text._system_pre_init)
                  00002ebc    00000004            : exit.c.obj (.text:abort)

.cinit     0    00003540    00000038     
                  00003540    0000000e     (.cinit..data.load) [load image, compression = lzss]
                  0000354e    00000002     --HOLE-- [fill = 0]
                  00003550    0000000c     (__TI_handler_table)
                  0000355c    00000008     (.cinit..bss.load) [load image, compression = zero_init]
                  00003564    00000010     (__TI_cinit_table)
                  00003574    00000004     --HOLE-- [fill = 0]

.rodata    0    00002ec0    00000680     
                  00002ec0    000005f0     oled.o (.rodata.F8X16)
                  000034b0    00000014     ti_msp_dl_config.o (.rodata.gTIMER_CarCTRLTimerConfig)
                  000034c4    00000014     ti_msp_dl_config.o (.rodata.gTIMER_VelocityTimerConfig)
                  000034d8    00000014     ti_msp_dl_config.o (.rodata.gTIMER_WANDAOJIANCDETimerConfig)
                  000034ec    0000000c     oled.o (.rodata.str1.118270980713142264691)
                  000034f8    0000000b     oled.o (.rodata.str1.81887467027229016491)
                  00003503    00000001     --HOLE-- [fill = 0]
                  00003504    0000000a     ti_msp_dl_config.o (.rodata.gSPI_0_config)
                  0000350e    0000000a     ti_msp_dl_config.o (.rodata.gUART_0Config)
                  00003518    00000008     ti_msp_dl_config.o (.rodata.gPWM_MOTORConfig)
                  00003520    00000004     gray_sensor.o (.rodata.str1.32652615207549821891)
                  00003524    00000003     ti_msp_dl_config.o (.rodata.gPWM_MOTORClockConfig)
                  00003527    00000003     ti_msp_dl_config.o (.rodata.gTIMER_CarCTRLClockConfig)
                  0000352a    00000003     ti_msp_dl_config.o (.rodata.gTIMER_VelocityClockConfig)
                  0000352d    00000003     ti_msp_dl_config.o (.rodata.gTIMER_WANDAOJIANCDEClockConfig)
                  00003530    00000003     oled.o (.rodata.str1.122710964244755744411)
                  00003533    00000003     oled.o (.rodata.str1.40915199670725316151)
                  00003536    00000002     ti_msp_dl_config.o (.rodata.gSPI_0_clockConfig)
                  00003538    00000002     ti_msp_dl_config.o (.rodata.gUART_0ClockConfig)
                  0000353a    00000006     --HOLE-- [fill = 0]

.init_array 
*          0    00000000    00000000     UNINITIALIZED

.binit     0    00000000    00000000     

.bss       0    20200000    00000140     UNINITIALIZED
                  20200000    00000078     (.common:gTIMER_VelocityBackup)
                  20200078    00000078     (.common:gTIMER_WANDAOJIANCDEBackup)
                  202000f0    00000028     (.common:gSPI_0Backup)
                  20200118    00000004     motor.o (.bss.Encoder_BaseVelocity_L_PID.Bias)
                  2020011c    00000004     motor.o (.bss.Encoder_BaseVelocity_L_PID.L_JC)
                  20200120    00000004     motor.o (.bss.Encoder_BaseVelocity_L_PID.Last_Bias)
                  20200124    00000004     motor.o (.bss.Encoder_BaseVelocity_L_PID.Prev_Bias)
                  20200128    00000004     motor.o (.bss.Encoder_BaseVelocity_R_PID.Bias)
                  2020012c    00000004     motor.o (.bss.Encoder_BaseVelocity_R_PID.Last_Bias)
                  20200130    00000004     motor.o (.bss.Encoder_BaseVelocity_R_PID.Prev_Bias)
                  20200134    00000004     motor.o (.bss.Encoder_BaseVelocity_R_PID.R_JC)
                  20200138    00000004     motor.o (.bss.Gray_Sensor_Ctrl_PID.Integral_error)
                  2020013c    00000004     motor.o (.bss.Gray_Sensor_Ctrl_PID.Speed_chasu)

.data      0    20200140    00000035     UNINITIALIZED
                  20200140    00000008     XLS-3-B.o (.data.sensor)
                  20200148    00000004     XLS-3-B.o (.data.BaseSpeed)
                  2020014c    00000004     XLS-3-B.o (.data.BaseSpeedL)
                  20200150    00000004     XLS-3-B.o (.data.BaseSpeedR)
                  20200154    00000004     XLS-3-B.o (.data.Duty_L)
                  20200158    00000004     XLS-3-B.o (.data.Duty_R)
                  2020015c    00000004     XLS-3-B.o (.data.FL_Velocity)
                  20200160    00000004     XLS-3-B.o (.data.FR_Velocity)
                  20200164    00000004     XLS-3-B.o (.data.Forward_Left_Count)
                  20200168    00000004     XLS-3-B.o (.data.Forward_Right_Count)
                  2020016c    00000001     gray_sensor.o (.data.Last_error)
                  2020016d    00000001     XLS-3-B.o (.data.Serial_RxFlag)
                  2020016e    00000001     XLS-3-B.o (.data.Uart_Data)
                  2020016f    00000001     gray_sensor.o (.data.a)
                  20200170    00000001     gray_sensor.o (.data.error)
                  20200171    00000001     XLS-3-B.o (.data.num_wandao)
                  20200172    00000001     XLS-3-B.o (.data.sensor_data)
                  20200173    00000001     XLS-3-B.o (.data.turn_flag)
                  20200174    00000001     XLS-3-B.o (.data.wandao_flag)

.stack     0    20207e00    00000200     UNINITIALIZED
                  20207e00    00000004     libc.a : boot_cortex_m.c.obj (.stack)
                  20207e04    000001fc     --HOLE--

__llvm_prf_cnts 
*          0    20200000    00000000     UNINITIALIZED

__llvm_prf_bits 
*          0    20200000    00000000     UNINITIALIZED

MODULE SUMMARY

       Module                         code    ro data   rw data
       ------                         ----    -------   -------
    .\
       ti_msp_dl_config.o             2234    104       280    
       XLS-3-B.o                      794     0         50     
       startup_mspm0g350x_ticlang.o   8       192       0      
    +--+------------------------------+-------+---------+---------+
       Total:                         3036    296       330    
                                                               
    .\GRAY SENSOR\
       gray_sensor.o                  2438    4         3      
    +--+------------------------------+-------+---------+---------+
       Total:                         2438    4         3      
                                                               
    .\Motor\
       motor.o                        1332    0         40     
    +--+------------------------------+-------+---------+---------+
       Total:                         1332    0         40     
                                                               
    .\oled\
       oled.o                         1626    1549      0      
    +--+------------------------------+-------+---------+---------+
       Total:                         1626    1549      0      
                                                               
    D:/ti/ccs1271/mspm0_sdk_2_01_00_03/source/ti/driverlib/lib/ticlang/m0p/mspm0g1x0x_g3x0x/driverlib.a
       dl_timer.o                     1000    0         0      
       dl_uart.o                      174     0         0      
       dl_spi.o                       148     0         0      
       dl_common.o                    20      0         0      
    +--+------------------------------+-------+---------+---------+
       Total:                         1342    0         0      
                                                               
    D:\ti\ccstheia140\ccs\tools\compiler\ti-cgt-armllvm_3.2.2.LTS\lib\armv6m-ti-none-eabi/c/libc.a
       copy_decompress_lzss.c.obj     120     0         0      
       autoinit.c.obj                 60      0         0      
       boot_cortex_m.c.obj            40      0         0      
       copy_zero_init.c.obj           22      0         0      
       copy_decompress_none.c.obj     18      0         0      
       memcpy16.S.obj                 18      0         0      
       exit.c.obj                     4       0         0      
       pre_init.c.obj                 4       0         0      
    +--+------------------------------+-------+---------+---------+
       Total:                         286     0         0      
                                                               
    D:\ti\ccstheia140\ccs\tools\compiler\ti-cgt-armllvm_3.2.2.LTS\lib\clang/15.0.7/lib/armv6m-ti-none-eabi/libclang_rt.builtins.a
       adddf3.S.obj                   402     0         0      
       divdf3.S.obj                   268     0         0      
       muldf3.S.obj                   228     0         0      
       addsf3.S.obj                   216     0         0      
       mulsf3.S.obj                   140     0         0      
       aeabi_idivmod.S.obj            86      0         0      
       fixdfsi.S.obj                  74      0         0      
       aeabi_uidivmod.S.obj           64      0         0      
       floatsisf.S.obj                60      0         0      
       muldsi3.S.obj                  58      0         0      
       fixsfsi.S.obj                  56      0         0      
       floatsidf.S.obj                44      0         0      
       aeabi_memcpy.S.obj             8       0         0      
       aeabi_div0.c.obj               2       0         0      
    +--+------------------------------+-------+---------+---------+
       Total:                         1706    0         0      
                                                               
       Stack:                         0       0         512    
       Linker Generated:              0       50        0      
    +--+------------------------------+-------+---------+---------+
       Grand Total:                   11766   1899      885    


LINKER GENERATED COPY TABLES

__TI_cinit_table @ 00003564 records: 2, size/record: 8, table size: 16
	.data: load addr=00003540, load size=0000000e bytes, run addr=20200140, run size=00000035 bytes, compression=lzss
	.bss: load addr=0000355c, load size=00000008 bytes, run addr=20200000, run size=00000140 bytes, compression=zero_init


LINKER GENERATED HANDLER TABLE

__TI_handler_table @ 00003550 records: 3, size/record: 4, table size: 12
	index: 0, handler: __TI_decompress_lzss
	index: 1, handler: __TI_decompress_none
	index: 2, handler: __TI_zero_init


GLOBAL SYMBOLS: SORTED ALPHABETICALLY BY Name 

address   name                              
-------   ----                              
00002eb1  ADC0_IRQHandler                   
00002eb1  ADC1_IRQHandler                   
00002eb1  AES_IRQHandler                    
20200148  BaseSpeed                         
2020014c  BaseSpeedL                        
20200150  BaseSpeedR                        
00002ebc  C$$EXIT                           
00002eb1  CANFD0_IRQHandler                 
00002eb1  DAC0_IRQHandler                   
00002d9d  DL_Common_delayCycles             
000020d5  DL_SPI_init                       
00002925  DL_SPI_setClockConfig             
00000e51  DL_Timer_initPWMMode              
0000106d  DL_Timer_initTimerMode            
00002591  DL_Timer_setCaptCompUpdateMethod  
000025c5  DL_Timer_setCaptureCompareAction  
000023fd  DL_Timer_setCaptureCompareCtl     
000025f9  DL_Timer_setCaptureCompareInput   
0000223d  DL_Timer_setCaptureCompareOutCtl  
000027b5  DL_Timer_setCaptureCompareValue   
0000262d  DL_Timer_setClockConfig           
00001fa5  DL_UART_init                      
00002949  DL_UART_setClockConfig            
00002eb1  DMA_IRQHandler                    
00002eb1  Default_Handler                   
20200154  Duty_L                            
20200158  Duty_R                            
00001351  Encoder_BaseVelocity_L_PID        
0000142d  Encoder_BaseVelocity_R_PID        
00002ec0  F8X16                             
2020015c  FL_Velocity                       
20200160  FR_Velocity                       
20200164  Forward_Left_Count                
20200168  Forward_Right_Count               
00002eb1  GROUP0_IRQHandler                 
000018bd  GROUP1_IRQHandler                 
000000c1  GetErrorandA                      
00001d85  GoStraight                        
0000177d  Gray_Sensor_Ctrl_PID              
00002eb1  HardFault_Handler                 
00002eb1  I2C0_IRQHandler                   
00002eb1  I2C1_IRQHandler                   
00001bd9  IsEndLine                         
0000116d  IsWanDao                          
2020016c  Last_error                        
000024ed  Motor_Off                         
00002eb1  NMI_Handler                       
0000211d  NumofZero                         
00001c49  OLED_Clear                        
000026f5  OLED_DC                           
00000d25  OLED_Init                         
00002725  OLED_RES                          
000023bd  OLED_Set_Pos                      
00000be5  OLED_ShowBasicBoard               
000016b5  OLED_ShowChar                     
000015e1  OLED_ShowNum                      
00001cb3  OLED_ShowString                   
00001e49  OLED_WR_Byte                      
00002eb1  PendSV_Handler                    
00002eb1  RTC_IRQHandler                    
00002eb5  Reset_Handler                     
00002eb1  SPI0_IRQHandler                   
00002eb1  SPI1_IRQHandler                   
00002eb1  SVC_Handler                       
00000a91  SYSCFG_DL_GPIO_init               
000019e5  SYSCFG_DL_PWM_MOTOR_init          
0000227d  SYSCFG_DL_SPI_0_init              
000029ef  SYSCFG_DL_SYSCTL_init             
000022bd  SYSCFG_DL_TIMER_CarCTRL_init      
000022fd  SYSCFG_DL_TIMER_Velocity_init     
0000233d  SYSCFG_DL_TIMER_WANDAOJIANCDE_init
00002165  SYSCFG_DL_UART_0_init             
000021ad  SYSCFG_DL_init                    
0000181d  SYSCFG_DL_initPower               
2020016d  Serial_RxFlag                     
00000729  Set_Speed                         
00002eb1  SysTick_Handler                   
000021f5  System_Init                       
00002eb1  TIMA0_IRQHandler                  
00002eb1  TIMA1_IRQHandler                  
00002eb1  TIMG0_IRQHandler                  
00002eb1  TIMG12_IRQHandler                 
00001d1d  TIMG6_IRQHandler                  
0000296d  TIMG7_IRQHandler                  
00001f51  TIMG8_IRQHandler                  
00002e75  TI_memcpy_small                   
00002755  UART0_IRQHandler                  
00002eb1  UART1_IRQHandler                  
00002eb1  UART2_IRQHandler                  
00002eb1  UART3_IRQHandler                  
2020016e  Uart_Data                         
0000203d  Wheel_Output                      
00001ea1  XianFu                            
20208000  __STACK_END                       
00000200  __STACK_SIZE                      
00000000  __TI_ATRegion0_region_sz          
00000000  __TI_ATRegion0_src_addr           
00000000  __TI_ATRegion0_trg_addr           
00000000  __TI_ATRegion1_region_sz          
00000000  __TI_ATRegion1_src_addr           
00000000  __TI_ATRegion1_trg_addr           
00000000  __TI_ATRegion2_region_sz          
00000000  __TI_ATRegion2_src_addr           
00000000  __TI_ATRegion2_trg_addr           
00003564  __TI_CINIT_Base                   
00003574  __TI_CINIT_Limit                  
00003574  __TI_CINIT_Warm                   
00003550  __TI_Handler_Table_Base           
0000355c  __TI_Handler_Table_Limit          
00002475  __TI_auto_init_nobinit_nopinit    
00001aed  __TI_decompress_lzss              
00002e87  __TI_decompress_none              
ffffffff  __TI_pprof_out_hndl               
ffffffff  __TI_prof_data_size               
ffffffff  __TI_prof_data_start              
00000000  __TI_static_base__                
00002d87  __TI_zero_init_nomemset           
00000907  __adddf3                          
00001513  __addsf3                          
00002089  __aeabi_d2iz                      
00000907  __aeabi_dadd                      
00000f61  __aeabi_ddiv                      
0000126d  __aeabi_dmul                      
000008fd  __aeabi_dsub                      
00002525  __aeabi_f2iz                      
00001513  __aeabi_fadd                      
00001959  __aeabi_fmul                      
00001509  __aeabi_fsub                      
0000280d  __aeabi_i2d                       
00002439  __aeabi_i2f                       
00001ef9  __aeabi_idiv                      
00000a8f  __aeabi_idiv0                     
00001ef9  __aeabi_idivmod                   
00002ea9  __aeabi_memcpy                    
00002ea9  __aeabi_memcpy4                   
00002ea9  __aeabi_memcpy8                   
0000237d  __aeabi_uidiv                     
0000237d  __aeabi_uidivmod                  
ffffffff  __binit__                         
00000f61  __divdf3                          
00002089  __fixdfsi                         
00002525  __fixsfsi                         
0000280d  __floatsidf                       
00002439  __floatsisf                       
UNDEFED   __mpu_init                        
0000126d  __muldf3                          
000024b1  __muldsi3                         
00001959  __mulsf3                          
20207e00  __stack                           
20200000  __start___llvm_prf_bits           
20200000  __start___llvm_prf_cnts           
20200000  __stop___llvm_prf_bits            
20200000  __stop___llvm_prf_cnts            
000008fd  __subdf3                          
00001509  __subsf3                          
000028d9  _c_int00_noargs                   
UNDEFED   _system_post_cinit                
00002eb9  _system_pre_init                  
2020016f  a                                 
00002ebd  abort                             
ffffffff  binit                             
20200170  error                             
00002661  extractSensorData                 
202000f0  gSPI_0Backup                      
20200000  gTIMER_VelocityBackup             
20200078  gTIMER_WANDAOJIANCDEBackup        
00001b65  gray_serial_forward_read          
00000000  interruptVectors                  
00001de9  main                              
20200171  num_wandao                        
00002785  oled_pow                          
20200140  sensor                            
20200172  sensor_data                       
20200173  turn_flag                         
20200174  wandao_flag                       


GLOBAL SYMBOLS: SORTED BY Symbol Address 

address   name                              
-------   ----                              
00000000  __TI_ATRegion0_region_sz          
00000000  __TI_ATRegion0_src_addr           
00000000  __TI_ATRegion0_trg_addr           
00000000  __TI_ATRegion1_region_sz          
00000000  __TI_ATRegion1_src_addr           
00000000  __TI_ATRegion1_trg_addr           
00000000  __TI_ATRegion2_region_sz          
00000000  __TI_ATRegion2_src_addr           
00000000  __TI_ATRegion2_trg_addr           
00000000  __TI_static_base__                
00000000  interruptVectors                  
000000c1  GetErrorandA                      
00000200  __STACK_SIZE                      
00000729  Set_Speed                         
000008fd  __aeabi_dsub                      
000008fd  __subdf3                          
00000907  __adddf3                          
00000907  __aeabi_dadd                      
00000a8f  __aeabi_idiv0                     
00000a91  SYSCFG_DL_GPIO_init               
00000be5  OLED_ShowBasicBoard               
00000d25  OLED_Init                         
00000e51  DL_Timer_initPWMMode              
00000f61  __aeabi_ddiv                      
00000f61  __divdf3                          
0000106d  DL_Timer_initTimerMode            
0000116d  IsWanDao                          
0000126d  __aeabi_dmul                      
0000126d  __muldf3                          
00001351  Encoder_BaseVelocity_L_PID        
0000142d  Encoder_BaseVelocity_R_PID        
00001509  __aeabi_fsub                      
00001509  __subsf3                          
00001513  __addsf3                          
00001513  __aeabi_fadd                      
000015e1  OLED_ShowNum                      
000016b5  OLED_ShowChar                     
0000177d  Gray_Sensor_Ctrl_PID              
0000181d  SYSCFG_DL_initPower               
000018bd  GROUP1_IRQHandler                 
00001959  __aeabi_fmul                      
00001959  __mulsf3                          
000019e5  SYSCFG_DL_PWM_MOTOR_init          
00001aed  __TI_decompress_lzss              
00001b65  gray_serial_forward_read          
00001bd9  IsEndLine                         
00001c49  OLED_Clear                        
00001cb3  OLED_ShowString                   
00001d1d  TIMG6_IRQHandler                  
00001d85  GoStraight                        
00001de9  main                              
00001e49  OLED_WR_Byte                      
00001ea1  XianFu                            
00001ef9  __aeabi_idiv                      
00001ef9  __aeabi_idivmod                   
00001f51  TIMG8_IRQHandler                  
00001fa5  DL_UART_init                      
0000203d  Wheel_Output                      
00002089  __aeabi_d2iz                      
00002089  __fixdfsi                         
000020d5  DL_SPI_init                       
0000211d  NumofZero                         
00002165  SYSCFG_DL_UART_0_init             
000021ad  SYSCFG_DL_init                    
000021f5  System_Init                       
0000223d  DL_Timer_setCaptureCompareOutCtl  
0000227d  SYSCFG_DL_SPI_0_init              
000022bd  SYSCFG_DL_TIMER_CarCTRL_init      
000022fd  SYSCFG_DL_TIMER_Velocity_init     
0000233d  SYSCFG_DL_TIMER_WANDAOJIANCDE_init
0000237d  __aeabi_uidiv                     
0000237d  __aeabi_uidivmod                  
000023bd  OLED_Set_Pos                      
000023fd  DL_Timer_setCaptureCompareCtl     
00002439  __aeabi_i2f                       
00002439  __floatsisf                       
00002475  __TI_auto_init_nobinit_nopinit    
000024b1  __muldsi3                         
000024ed  Motor_Off                         
00002525  __aeabi_f2iz                      
00002525  __fixsfsi                         
00002591  DL_Timer_setCaptCompUpdateMethod  
000025c5  DL_Timer_setCaptureCompareAction  
000025f9  DL_Timer_setCaptureCompareInput   
0000262d  DL_Timer_setClockConfig           
00002661  extractSensorData                 
000026f5  OLED_DC                           
00002725  OLED_RES                          
00002755  UART0_IRQHandler                  
00002785  oled_pow                          
000027b5  DL_Timer_setCaptureCompareValue   
0000280d  __aeabi_i2d                       
0000280d  __floatsidf                       
000028d9  _c_int00_noargs                   
00002925  DL_SPI_setClockConfig             
00002949  DL_UART_setClockConfig            
0000296d  TIMG7_IRQHandler                  
000029ef  SYSCFG_DL_SYSCTL_init             
00002d87  __TI_zero_init_nomemset           
00002d9d  DL_Common_delayCycles             
00002e75  TI_memcpy_small                   
00002e87  __TI_decompress_none              
00002ea9  __aeabi_memcpy                    
00002ea9  __aeabi_memcpy4                   
00002ea9  __aeabi_memcpy8                   
00002eb1  ADC0_IRQHandler                   
00002eb1  ADC1_IRQHandler                   
00002eb1  AES_IRQHandler                    
00002eb1  CANFD0_IRQHandler                 
00002eb1  DAC0_IRQHandler                   
00002eb1  DMA_IRQHandler                    
00002eb1  Default_Handler                   
00002eb1  GROUP0_IRQHandler                 
00002eb1  HardFault_Handler                 
00002eb1  I2C0_IRQHandler                   
00002eb1  I2C1_IRQHandler                   
00002eb1  NMI_Handler                       
00002eb1  PendSV_Handler                    
00002eb1  RTC_IRQHandler                    
00002eb1  SPI0_IRQHandler                   
00002eb1  SPI1_IRQHandler                   
00002eb1  SVC_Handler                       
00002eb1  SysTick_Handler                   
00002eb1  TIMA0_IRQHandler                  
00002eb1  TIMA1_IRQHandler                  
00002eb1  TIMG0_IRQHandler                  
00002eb1  TIMG12_IRQHandler                 
00002eb1  UART1_IRQHandler                  
00002eb1  UART2_IRQHandler                  
00002eb1  UART3_IRQHandler                  
00002eb5  Reset_Handler                     
00002eb9  _system_pre_init                  
00002ebc  C$$EXIT                           
00002ebd  abort                             
00002ec0  F8X16                             
00003550  __TI_Handler_Table_Base           
0000355c  __TI_Handler_Table_Limit          
00003564  __TI_CINIT_Base                   
00003574  __TI_CINIT_Limit                  
00003574  __TI_CINIT_Warm                   
20200000  __start___llvm_prf_bits           
20200000  __start___llvm_prf_cnts           
20200000  __stop___llvm_prf_bits            
20200000  __stop___llvm_prf_cnts            
20200000  gTIMER_VelocityBackup             
20200078  gTIMER_WANDAOJIANCDEBackup        
202000f0  gSPI_0Backup                      
20200140  sensor                            
20200148  BaseSpeed                         
2020014c  BaseSpeedL                        
20200150  BaseSpeedR                        
20200154  Duty_L                            
20200158  Duty_R                            
2020015c  FL_Velocity                       
20200160  FR_Velocity                       
20200164  Forward_Left_Count                
20200168  Forward_Right_Count               
2020016c  Last_error                        
2020016d  Serial_RxFlag                     
2020016e  Uart_Data                         
2020016f  a                                 
20200170  error                             
20200171  num_wandao                        
20200172  sensor_data                       
20200173  turn_flag                         
20200174  wandao_flag                       
20207e00  __stack                           
20208000  __STACK_END                       
ffffffff  __TI_pprof_out_hndl               
ffffffff  __TI_prof_data_size               
ffffffff  __TI_prof_data_start              
ffffffff  __binit__                         
ffffffff  binit                             
UNDEFED   __mpu_init                        
UNDEFED   _system_post_cinit                

[175 symbols]
